Archive member included to satisfy reference by file (symbol)

d:/place_for_installation/gcc_arm_none_eabi/gcc-arm-none-eabi-9-2019-q4-major-win32/bin/../lib/gcc/arm-none-eabi/9.2.1/../../../../arm-none-eabi/lib/thumb/v7-m/nofp\libstdc++.a(class_type_info.o)
                              CMakeFiles/STM32F03CBT6.elf.dir/Ctrl/Driver/tb67h450_base.cpp.obj (vtable for __cxxabiv1::__class_type_info)
d:/place_for_installation/gcc_arm_none_eabi/gcc-arm-none-eabi-9-2019-q4-major-win32/bin/../lib/gcc/arm-none-eabi/9.2.1/../../../../arm-none-eabi/lib/thumb/v7-m/nofp\libstdc++.a(del_ops.o)
                              d:/place_for_installation/gcc_arm_none_eabi/gcc-arm-none-eabi-9-2019-q4-major-win32/bin/../lib/gcc/arm-none-eabi/9.2.1/../../../../arm-none-eabi/lib/thumb/v7-m/nofp\libstdc++.a(class_type_info.o) (operator delete(void*, unsigned int))
d:/place_for_installation/gcc_arm_none_eabi/gcc-arm-none-eabi-9-2019-q4-major-win32/bin/../lib/gcc/arm-none-eabi/9.2.1/../../../../arm-none-eabi/lib/thumb/v7-m/nofp\libstdc++.a(si_class_type_info.o)
                              CMakeFiles/STM32F03CBT6.elf.dir/Ctrl/Driver/tb67h450_base.cpp.obj (vtable for __cxxabiv1::__si_class_type_info)
d:/place_for_installation/gcc_arm_none_eabi/gcc-arm-none-eabi-9-2019-q4-major-win32/bin/../lib/gcc/arm-none-eabi/9.2.1/../../../../arm-none-eabi/lib/thumb/v7-m/nofp\libstdc++.a(tinfo.o)
                              d:/place_for_installation/gcc_arm_none_eabi/gcc-arm-none-eabi-9-2019-q4-major-win32/bin/../lib/gcc/arm-none-eabi/9.2.1/../../../../arm-none-eabi/lib/thumb/v7-m/nofp\libstdc++.a(class_type_info.o) (std::type_info::~type_info())
d:/place_for_installation/gcc_arm_none_eabi/gcc-arm-none-eabi-9-2019-q4-major-win32/bin/../lib/gcc/arm-none-eabi/9.2.1/../../../../arm-none-eabi/lib/thumb/v7-m/nofp\libstdc++.a(del_op.o)
                              d:/place_for_installation/gcc_arm_none_eabi/gcc-arm-none-eabi-9-2019-q4-major-win32/bin/../lib/gcc/arm-none-eabi/9.2.1/../../../../arm-none-eabi/lib/thumb/v7-m/nofp\libstdc++.a(del_ops.o) (operator delete(void*))
d:/place_for_installation/gcc_arm_none_eabi/gcc-arm-none-eabi-9-2019-q4-major-win32/bin/../lib/gcc/arm-none-eabi/9.2.1/../../../../arm-none-eabi/lib/thumb/v7-m/nofp\libm.a(lib_a-w_log.o)
                              CMakeFiles/STM32F03CBT6.elf.dir/Core/Src/adc.c.obj (log)
d:/place_for_installation/gcc_arm_none_eabi/gcc-arm-none-eabi-9-2019-q4-major-win32/bin/../lib/gcc/arm-none-eabi/9.2.1/../../../../arm-none-eabi/lib/thumb/v7-m/nofp\libm.a(lib_a-wf_sqrt.o)
                              CMakeFiles/STM32F03CBT6.elf.dir/Ctrl/Motor/motor.cpp.obj (sqrtf)
d:/place_for_installation/gcc_arm_none_eabi/gcc-arm-none-eabi-9-2019-q4-major-win32/bin/../lib/gcc/arm-none-eabi/9.2.1/../../../../arm-none-eabi/lib/thumb/v7-m/nofp\libm.a(lib_a-e_log.o)
                              d:/place_for_installation/gcc_arm_none_eabi/gcc-arm-none-eabi-9-2019-q4-major-win32/bin/../lib/gcc/arm-none-eabi/9.2.1/../../../../arm-none-eabi/lib/thumb/v7-m/nofp\libm.a(lib_a-w_log.o) (__ieee754_log)
d:/place_for_installation/gcc_arm_none_eabi/gcc-arm-none-eabi-9-2019-q4-major-win32/bin/../lib/gcc/arm-none-eabi/9.2.1/../../../../arm-none-eabi/lib/thumb/v7-m/nofp\libm.a(lib_a-ef_sqrt.o)
                              d:/place_for_installation/gcc_arm_none_eabi/gcc-arm-none-eabi-9-2019-q4-major-win32/bin/../lib/gcc/arm-none-eabi/9.2.1/../../../../arm-none-eabi/lib/thumb/v7-m/nofp\libm.a(lib_a-wf_sqrt.o) (__ieee754_sqrtf)
d:/place_for_installation/gcc_arm_none_eabi/gcc-arm-none-eabi-9-2019-q4-major-win32/bin/../lib/gcc/arm-none-eabi/9.2.1/../../../../arm-none-eabi/lib/thumb/v7-m/nofp\libm.a(lib_a-s_lib_ver.o)
                              d:/place_for_installation/gcc_arm_none_eabi/gcc-arm-none-eabi-9-2019-q4-major-win32/bin/../lib/gcc/arm-none-eabi/9.2.1/../../../../arm-none-eabi/lib/thumb/v7-m/nofp\libm.a(lib_a-w_log.o) (__fdlib_version)
d:/place_for_installation/gcc_arm_none_eabi/gcc-arm-none-eabi-9-2019-q4-major-win32/bin/../lib/gcc/arm-none-eabi/9.2.1/../../../../arm-none-eabi/lib/thumb/v7-m/nofp\libm.a(lib_a-s_matherr.o)
                              d:/place_for_installation/gcc_arm_none_eabi/gcc-arm-none-eabi-9-2019-q4-major-win32/bin/../lib/gcc/arm-none-eabi/9.2.1/../../../../arm-none-eabi/lib/thumb/v7-m/nofp\libm.a(lib_a-w_log.o) (matherr)
d:/place_for_installation/gcc_arm_none_eabi/gcc-arm-none-eabi-9-2019-q4-major-win32/bin/../lib/gcc/arm-none-eabi/9.2.1/../../../../arm-none-eabi/lib/thumb/v7-m/nofp\libm.a(lib_a-s_nan.o)
                              d:/place_for_installation/gcc_arm_none_eabi/gcc-arm-none-eabi-9-2019-q4-major-win32/bin/../lib/gcc/arm-none-eabi/9.2.1/../../../../arm-none-eabi/lib/thumb/v7-m/nofp\libm.a(lib_a-w_log.o) (nan)
d:/place_for_installation/gcc_arm_none_eabi/gcc-arm-none-eabi-9-2019-q4-major-win32/bin/../lib/gcc/arm-none-eabi/9.2.1/thumb/v7-m/nofp\libgcc.a(_arm_muldf3.o)
                              CMakeFiles/STM32F03CBT6.elf.dir/Core/Src/adc.c.obj (__aeabi_dmul)
[...]
Memory Configuration

Name             Origin             Length             Attributes
RAM              0x20000000         0x00005000         xrw
FLASH            0x08000000         0x00020000         xr
*default*        0x00000000         0xffffffff

Linker script and memory map

LOAD d:/place_for_installation/gcc_arm_none_eabi/gcc-arm-none-eabi-9-2019-q4-major-win32/bin/../lib/gcc/arm-none-eabi/9.2.1/thumb/v7-m/nofp/crti.o
LOAD d:/place_for_installation/gcc_arm_none_eabi/gcc-arm-none-eabi-9-2019-q4-major-win32/bin/../lib/gcc/arm-none-eabi/9.2.1/thumb/v7-m/nofp/crtbegin.o
LOAD d:/place_for_installation/gcc_arm_none_eabi/gcc-arm-none-eabi-9-2019-q4-major-win32/bin/../lib/gcc/arm-none-eabi/9.2.1/../../../../arm-none-eabi/lib/thumb/v7-m/nofp/crt0.o
LOAD CMakeFiles/STM32F03CBT6.elf.dir/Core/Src/adc.c.obj
LOAD CMakeFiles/STM32F03CBT6.elf.dir/Core/Src/can.c.obj
LOAD CMakeFiles/STM32F03CBT6.elf.dir/Core/Src/dma.c.obj
LOAD CMakeFiles/STM32F03CBT6.elf.dir/Core/Src/gpio.c.obj
LOAD CMakeFiles/STM32F03CBT6.elf.dir/Core/Src/main.c.obj
LOAD CMakeFiles/STM32F03CBT6.elf.dir/Core/Src/spi.c.obj
LOAD CMakeFiles/STM32F03CBT6.elf.dir/Core/Src/stm32f1xx_hal_msp.c.obj
LOAD CMakeFiles/STM32F03CBT6.elf.dir/Core/Src/stm32f1xx_it.c.obj
LOAD CMakeFiles/STM32F03CBT6.elf.dir/Core/Src/syscalls.c.obj
LOAD CMakeFiles/STM32F03CBT6.elf.dir/Core/Src/sysmem.c.obj
LOAD CMakeFiles/STM32F03CBT6.elf.dir/Core/Src/system_stm32f1xx.c.obj
LOAD CMakeFiles/STM32F03CBT6.elf.dir/Core/Src/tim.c.obj
LOAD CMakeFiles/STM32F03CBT6.elf.dir/Core/Src/usart.c.obj
LOAD CMakeFiles/STM32F03CBT6.elf.dir/Core/Startup/startup_stm32f103cbtx.s.obj
LOAD CMakeFiles/STM32F03CBT6.elf.dir/Ctrl/Driver/tb67h450_base.cpp.obj
LOAD CMakeFiles/STM32F03CBT6.elf.dir/Ctrl/Motor/motion_planner.cpp.obj
LOAD CMakeFiles/STM32F03CBT6.elf.dir/Ctrl/Motor/motor.cpp.obj
LOAD CMakeFiles/STM32F03CBT6.elf.dir/Ctrl/Sensor/Encoder/encoder_calibrator_base.cpp.obj
LOAD CMakeFiles/STM32F03CBT6.elf.dir/Ctrl/Sensor/Encoder/mt6816_base.cpp.obj
LOAD CMakeFiles/STM32F03CBT6.elf.dir/Ctrl/Signal/button_base.cpp.obj
LOAD CMakeFiles/STM32F03CBT6.elf.dir/Ctrl/Signal/led_base.cpp.obj
LOAD CMakeFiles/STM32F03CBT6.elf.dir/Drivers/STM32F1xx_HAL_Driver/Src/stm32f1xx_hal.c.obj
LOAD CMakeFiles/STM32F03CBT6.elf.dir/Drivers/STM32F1xx_HAL_Driver/Src/stm32f1xx_hal_adc.c.obj
LOAD CMakeFiles/STM32F03CBT6.elf.dir/Drivers/STM32F1xx_HAL_Driver/Src/stm32f1xx_hal_adc_ex.c.obj
LOAD CMakeFiles/STM32F03CBT6.elf.dir/Drivers/STM32F1xx_HAL_Driver/Src/stm32f1xx_hal_can.c.obj
LOAD CMakeFiles/STM32F03CBT6.elf.dir/Drivers/STM32F1xx_HAL_Driver/Src/stm32f1xx_hal_cortex.c.obj
LOAD CMakeFiles/STM32F03CBT6.elf.dir/Drivers/STM32F1xx_HAL_Driver/Src/stm32f1xx_hal_dma.c.obj
LOAD CMakeFiles/STM32F03CBT6.elf.dir/Drivers/STM32F1xx_HAL_Driver/Src/stm32f1xx_hal_exti.c.obj
LOAD CMakeFiles/STM32F03CBT6.elf.dir/Drivers/STM32F1xx_HAL_Driver/Src/stm32f1xx_hal_flash.c.obj
LOAD CMakeFiles/STM32F03CBT6.elf.dir/Drivers/STM32F1xx_HAL_Driver/Src/stm32f1xx_hal_flash_ex.c.obj
LOAD CMakeFiles/STM32F03CBT6.elf.dir/Drivers/STM32F1xx_HAL_Driver/Src/stm32f1xx_hal_gpio.c.obj
LOAD CMakeFiles/STM32F03CBT6.elf.dir/Drivers/STM32F1xx_HAL_Driver/Src/stm32f1xx_hal_gpio_ex.c.obj
LOAD CMakeFiles/STM32F03CBT6.elf.dir/Drivers/STM32F1xx_HAL_Driver/Src/stm32f1xx_hal_pwr.c.obj
LOAD CMakeFiles/STM32F03CBT6.elf.dir/Drivers/STM32F1xx_HAL_Driver/Src/stm32f1xx_hal_rcc.c.obj
LOAD CMakeFiles/STM32F03CBT6.elf.dir/Drivers/STM32F1xx_HAL_Driver/Src/stm32f1xx_hal_rcc_ex.c.obj
LOAD CMakeFiles/STM32F03CBT6.elf.dir/Drivers/STM32F1xx_HAL_Driver/Src/stm32f1xx_hal_spi.c.obj
LOAD CMakeFiles/STM32F03CBT6.elf.dir/Drivers/STM32F1xx_HAL_Driver/Src/stm32f1xx_hal_tim.c.obj
LOAD CMakeFiles/STM32F03CBT6.elf.dir/Drivers/STM32F1xx_HAL_Driver/Src/stm32f1xx_hal_tim_ex.c.obj
LOAD CMakeFiles/STM32F03CBT6.elf.dir/Drivers/STM32F1xx_HAL_Driver/Src/stm32f1xx_hal_uart.c.obj
LOAD CMakeFiles/STM32F03CBT6.elf.dir/Port/Platform/Memory/emulated_eeprom.cpp.obj
LOAD CMakeFiles/STM32F03CBT6.elf.dir/Port/Platform/Memory/stockpile_f103cb.c.obj
LOAD CMakeFiles/STM32F03CBT6.elf.dir/Port/Platform/Utils/st_hardware.c.obj
LOAD CMakeFiles/STM32F03CBT6.elf.dir/Port/Platform/retarget.c.obj
LOAD CMakeFiles/STM32F03CBT6.elf.dir/Port/button_stm32.cpp.obj
LOAD CMakeFiles/STM32F03CBT6.elf.dir/Port/encoder_calibrator_stm32.cpp.obj
LOAD CMakeFiles/STM32F03CBT6.elf.dir/Port/led_stm32.cpp.obj
LOAD CMakeFiles/STM32F03CBT6.elf.dir/Port/mt6816_stm32.cpp.obj
LOAD CMakeFiles/STM32F03CBT6.elf.dir/Port/tb67h450_stm32.cpp.obj
LOAD CMakeFiles/STM32F03CBT6.elf.dir/UserApp/main.cpp.obj
LOAD CMakeFiles/STM32F03CBT6.elf.dir/UserApp/protocols/interface_can.cpp.obj
LOAD CMakeFiles/STM32F03CBT6.elf.dir/UserApp/protocols/interface_uart.cpp.obj
LOAD d:/place_for_installation/gcc_arm_none_eabi/gcc-arm-none-eabi-9-2019-q4-major-win32/bin/../lib/gcc/arm-none-eabi/9.2.1/../../../../arm-none-eabi/lib/thumb/v7-m/nofp\libstdc++.a
LOAD d:/place_for_installation/gcc_arm_none_eabi/gcc-arm-none-eabi-9-2019-q4-major-win32/bin/../lib/gcc/arm-none-eabi/9.2.1/../../../../arm-none-eabi/lib/thumb/v7-m/nofp\libm.a
START GROUP
LOAD d:/place_for_installation/gcc_arm_none_eabi/gcc-arm-none-eabi-9-2019-q4-major-win32/bin/../lib/gcc/arm-none-eabi/9.2.1/thumb/v7-m/nofp\libgcc.a
LOAD d:/place_for_installation/gcc_arm_none_eabi/gcc-arm-none-eabi-9-2019-q4-major-win32/bin/../lib/gcc/arm-none-eabi/9.2.1/../../../../arm-none-eabi/lib/thumb/v7-m/nofp\libg.a
LOAD d:/place_for_installation/gcc_arm_none_eabi/gcc-arm-none-eabi-9-2019-q4-major-win32/bin/../lib/gcc/arm-none-eabi/9.2.1/../../../../arm-none-eabi/lib/thumb/v7-m/nofp\libc.a
END GROUP
LOAD d:/place_for_installation/gcc_arm_none_eabi/gcc-arm-none-eabi-9-2019-q4-major-win32/bin/../lib/gcc/arm-none-eabi/9.2.1/thumb/v7-m/nofp/crtend.o
LOAD d:/place_for_installation/gcc_arm_none_eabi/gcc-arm-none-eabi-9-2019-q4-major-win32/bin/../lib/gcc/arm-none-eabi/9.2.1/thumb/v7-m/nofp/crtn.o
                0x20005000                _estack = (ORIGIN (RAM) + LENGTH (RAM))
                0x00000200                _Min_Heap_Size = 0x200
                0x00000400                _Min_Stack_Size = 0x400

.isr_vector     0x08000000      0x10c
                0x08000000                . = ALIGN (0x4)
 *(.isr_vector)
 .isr_vector    0x08000000      0x10c CMakeFiles/STM32F03CBT6.elf.dir/Core/Startup/startup_stm32f103cbtx.s.obj
                0x08000000                g_pfnVectors
                0x0800010c                . = ALIGN (0x4)

.text           0x08000110    0x143c4
                0x08000110                . = ALIGN (0x4)
 *(.text)
 .text          0x08000110       0x40 d:/place_for_installation/gcc_arm_none_eabi/gcc-arm-none-eabi-9-2019-q4-major-win32/bin/../lib/gcc/arm-none-eabi/9.2.1/thumb/v7-m/nofp/crtbegin.o
 .text          0x08000150      0x378 d:/place_for_installation/gcc_arm_none_eabi/gcc-arm-none-eabi-9-2019-q4-major-win32/bin/../lib/gcc/arm-none-eabi/9.2.1/thumb/v7-m/nofp\libgcc.a(_arm_addsubdf3.o)
                0x08000150                __aeabi_drsub
                0x08000158                __aeabi_dsub
                0x08000158                __subdf3
                0x0800015c                __aeabi_dadd
                0x0800015c                __adddf3
                0x080003d4                __floatunsidf
                0x080003d4                __aeabi_ui2d
                0x080003f4                __floatsidf
                0x080003f4                __aeabi_i2d
                0x08000418                __aeabi_f2d
                0x08000418                __extendsfdf2
                0x0800045c                __floatundidf
                0x0800045c                __aeabi_ul2d
                0x0800046c                __floatdidf
                0x0800046c                __aeabi_l2d
 .text          0x080004c8      0x424 d:/place_for_installation/gcc_arm_none_eabi/gcc-arm-none-eabi-9-2019-q4-major-win32/bin/../lib/gcc/arm-none-eabi/9.2.1/thumb/v7-m/nofp\libgcc.a(_arm_muldivdf3.o)
                0x080004c8                __aeabi_dmul
                0x080004c8                __muldf3
                0x0800071c                __divdf3
                0x0800071c                __aeabi_ddiv
 .text          0x080008ec      0x110 d:/place_for_installation/gcc_arm_none_eabi/gcc-arm-none-eabi-9-2019-q4-major-win32/bin/../lib/gcc/arm-none-eabi/9.2.1/thumb/v7-m/nofp\libgcc.a(_arm_cmpdf2.o)
                0x080008ec                __gtdf2
                0x080008ec                __gedf2
                0x080008f4                __ltdf2
                0x080008f4                __ledf2
                0x080008fc                __nedf2
                0x080008fc                __eqdf2
                0x080008fc                __cmpdf2
                0x08000978                __aeabi_cdrcmple
                0x08000988                __aeabi_cdcmpeq
                0x08000988                __aeabi_cdcmple
                0x08000998                __aeabi_dcmpeq
                0x080009ac                __aeabi_dcmplt
                0x080009c0                __aeabi_dcmple
                0x080009d4                __aeabi_dcmpge
                0x080009e8                __aeabi_dcmpgt
 .text          0x080009fc       0x2c d:/place_for_installation/gcc_arm_none_eabi/gcc-arm-none-eabi-9-2019-q4-major-win32/bin/../lib/gcc/arm-none-eabi/9.2.1/thumb/v7-m/nofp\libgcc.a(_arm_unorddf2.o)
                0x080009fc                __unorddf2
                0x080009fc                __aeabi_dcmpun
 .text          0x08000a28       0xa0 d:/place_for_installation/gcc_arm_none_eabi/gcc-arm-none-eabi-9-2019-q4-major-win32/bin/../lib/gcc/arm-none-eabi/9.2.1/thumb/v7-m/nofp\libgcc.a(_arm_truncdfsf2.o)
                0x08000a28                __truncdfsf2
                0x08000a28                __aeabi_d2f
 .text          0x08000ac8      0x21c d:/place_for_installation/gcc_arm_none_eabi/gcc-arm-none-eabi-9-2019-q4-major-win32/bin/../lib/gcc/arm-none-eabi/9.2.1/thumb/v7-m/nofp\libgcc.a(_arm_addsubsf3.o)
                0x08000ac8                __aeabi_frsub
                0x08000ad0                __subsf3
                0x08000ad0                __aeabi_fsub
                0x08000ad4                __aeabi_fadd
                0x08000ad4                __addsf3
                0x08000c34                __aeabi_ui2f
                0x08000c34                __floatunsisf
                0x08000c3c                __aeabi_i2f
                0x08000c3c                __floatsisf
                0x08000c58                __aeabi_ul2f
                0x08000c58                __floatundisf
                0x08000c68                __aeabi_l2f
                0x08000c68                __floatdisf
 .text          0x08000ce4      0x2a0 d:/place_for_installation/gcc_arm_none_eabi/gcc-arm-none-eabi-9-2019-q4-major-win32/bin/../lib/gcc/arm-none-eabi/9.2.1/thumb/v7-m/nofp\libgcc.a(_arm_muldivsf3.o)
                0x08000ce4                __mulsf3
                0x08000ce4                __aeabi_fmul
                0x08000e4c                __aeabi_fdiv
                0x08000e4c                __divsf3
 .text          0x08000f84       0xec d:/place_for_installation/gcc_arm_none_eabi/gcc-arm-none-eabi-9-2019-q4-major-win32/bin/../lib/gcc/arm-none-eabi/9.2.1/thumb/v7-m/nofp\libgcc.a(_arm_cmpsf2.o)
                0x08000f84                __gesf2
                0x08000f84                __gtsf2
                0x08000f8c                __lesf2
                0x08000f8c                __ltsf2
                0x08000f94                __nesf2
                0x08000f94                __eqsf2
                0x08000f94                __cmpsf2
                0x08000ff4                __aeabi_cfrcmple
                0x08000ffc                __aeabi_cfcmpeq
                0x08000ffc                __aeabi_cfcmple
                0x0800100c                __aeabi_fcmpeq
                0x08001020                __aeabi_fcmplt
                0x08001034                __aeabi_fcmple
                0x08001048                __aeabi_fcmpge
                0x0800105c                __aeabi_fcmpgt
 .text          0x08001070       0x2c d:/place_for_installation/gcc_arm_none_eabi/gcc-arm-none-eabi-9-2019-q4-major-win32/bin/../lib/gcc/arm-none-eabi/9.2.1/thumb/v7-m/nofp\libgcc.a(_arm_unordsf2.o)
                0x08001070                __unordsf2
                0x08001070                __aeabi_fcmpun
 .text          0x0800109c       0x4c d:/place_for_installation/gcc_arm_none_eabi/gcc-arm-none-eabi-9-2019-q4-major-win32/bin/../lib/gcc/arm-none-eabi/9.2.1/thumb/v7-m/nofp\libgcc.a(_arm_fixsfsi.o)
                0x0800109c                __aeabi_f2iz
                0x0800109c                __fixsfsi
 .text          0x080010e8      0x9a8 d:/place_for_installation/gcc_arm_none_eabi/gcc-arm-none-eabi-9-2019-q4-major-win32/bin/../lib/gcc/arm-none-eabi/9.2.1/thumb/v7-m/nofp\libgcc.a(unwind-arm.o)
                0x0800138c                _Unwind_GetCFA
                0x08001390                __gnu_Unwind_RaiseException
                0x080013f0                __gnu_Unwind_ForcedUnwind
                0x08001404                __gnu_Unwind_Resume
                0x08001448                __gnu_Unwind_Resume_or_Rethrow
                0x0800145c                _Unwind_Complete
                0x08001460                _Unwind_DeleteException
                0x0800146c                _Unwind_VRS_Get
                0x080014b4                _Unwind_VRS_Set
                0x08001500                __gnu_Unwind_Backtrace
                0x0800181c                __aeabi_unwind_cpp_pr0
                0x08001820                __aeabi_unwind_cpp_pr1
                0x08001824                __aeabi_unwind_cpp_pr2
                0x08001828                _Unwind_VRS_Pop
 .text          0x08001a90      0x1ac d:/place_for_installation/gcc_arm_none_eabi/gcc-arm-none-eabi-9-2019-q4-major-win32/bin/../lib/gcc/arm-none-eabi/9.2.1/thumb/v7-m/nofp\libgcc.a(libunwind.o)
                0x08001a90                __restore_core_regs
                0x08001a90                restore_core_regs
                0x08001aa8                __gnu_Unwind_Restore_VFP
                0x08001ab0                __gnu_Unwind_Save_VFP
                0x08001ab8                __gnu_Unwind_Restore_VFP_D
                0x08001ac0                __gnu_Unwind_Save_VFP_D
                0x08001ac8                __gnu_Unwind_Restore_VFP_D_16_to_31
                0x08001ad0                __gnu_Unwind_Save_VFP_D_16_to_31
                0x08001ad8                __gnu_Unwind_Restore_WMMXD
                0x08001b1c                __gnu_Unwind_Save_WMMXD
                0x08001b60                __gnu_Unwind_Restore_WMMXC
                0x08001b74                __gnu_Unwind_Save_WMMXC
                0x08001b88                ___Unwind_RaiseException
                0x08001b88                _Unwind_RaiseException
                0x08001bac                _Unwind_Resume
                0x08001bac                ___Unwind_Resume
                0x08001bd0                _Unwind_Resume_or_Rethrow
                0x08001bd0                ___Unwind_Resume_or_Rethrow
                0x08001bf4                _Unwind_ForcedUnwind
                0x08001bf4                ___Unwind_ForcedUnwind
                0x08001c18                ___Unwind_Backtrace
                0x08001c18                _Unwind_Backtrace
 .text          0x08001c3c      0x33c d:/place_for_installation/gcc_arm_none_eabi/gcc-arm-none-eabi-9-2019-q4-major-win32/bin/../lib/gcc/arm-none-eabi/9.2.1/thumb/v7-m/nofp\libgcc.a(pr-support.o)
                0x08001c94                __gnu_unwind_execute
                0x08001f30                __gnu_unwind_frame
                0x08001f58                _Unwind_GetRegionStart
                0x08001f64                _Unwind_GetLanguageSpecificData
 .text          0x08001f78       0xec d:/place_for_installation/gcc_arm_none_eabi/gcc-arm-none-eabi-9-2019-q4-major-win32/bin/../lib/gcc/arm-none-eabi/9.2.1/../../../../arm-none-eabi/lib/thumb/v7-m/nofp\libg.a(lib_a-memcpy.o)
                0x08001f78                memcpy
 .text          0x08002064      0x1bc d:/place_for_installation/gcc_arm_none_eabi/gcc-arm-none-eabi-9-2019-q4-major-win32/bin/../lib/gcc/arm-none-eabi/9.2.1/../../../../arm-none-eabi/lib/thumb/v7-m/nofp\libg.a(lib_a-strcmp.o)
                0x08002064                strcmp
 .text          0x08002220       0x50 d:/place_for_installation/gcc_arm_none_eabi/gcc-arm-none-eabi-9-2019-q4-major-win32/bin/../lib/gcc/arm-none-eabi/9.2.1/thumb/v7-m/nofp\libgcc.a(_arm_fixdfsi.o)
                0x08002220                __aeabi_d2iz
                0x08002220                __fixdfsi
 .text          0x08002270       0x40 d:/place_for_installation/gcc_arm_none_eabi/gcc-arm-none-eabi-9-2019-q4-major-win32/bin/../lib/gcc/arm-none-eabi/9.2.1/thumb/v7-m/nofp\libgcc.a(_arm_fixunsdfsi.o)
                0x08002270                __aeabi_d2uiz
                0x08002270                __fixunsdfsi
 .text          0x080022b0       0x30 d:/place_for_installation/gcc_arm_none_eabi/gcc-arm-none-eabi-9-2019-q4-major-win32/bin/../lib/gcc/arm-none-eabi/9.2.1/thumb/v7-m/nofp\libgcc.a(_aeabi_uldivmod.o)
                0x080022b0                __aeabi_uldivmod
 .text          0x080022e0       0x34 d:/place_for_installation/gcc_arm_none_eabi/gcc-arm-none-eabi-9-2019-q4-major-win32/bin/../lib/gcc/arm-none-eabi/9.2.1/thumb/v7-m/nofp\libgcc.a(_fixdfdi.o)
                0x080022e0                __fixdfdi
                0x080022e0                __aeabi_d2lz
 .text          0x08002314       0x3c d:/place_for_installation/gcc_arm_none_eabi/gcc-arm-none-eabi-9-2019-q4-major-win32/bin/../lib/gcc/arm-none-eabi/9.2.1/thumb/v7-m/nofp\libgcc.a(_fixunsdfdi.o)
                0x08002314                __fixunsdfdi
                0x08002314                __aeabi_d2ulz
 .text          0x08002350      0x2c4 d:/place_for_installation/gcc_arm_none_eabi/gcc-arm-none-eabi-9-2019-q4-major-win32/bin/../lib/gcc/arm-none-eabi/9.2.1/thumb/v7-m/nofp\libgcc.a(_udivmoddi4.o)
                0x08002350                __udivmoddi4
 .text          0x08002614        0x4 d:/place_for_installation/gcc_arm_none_eabi/gcc-arm-none-eabi-9-2019-q4-major-win32/bin/../lib/gcc/arm-none-eabi/9.2.1/thumb/v7-m/nofp\libgcc.a(_dvmd_tls.o)
                0x08002614                __aeabi_idiv0
                0x08002614                __aeabi_ldiv0
 *(.text*)
 .text.MX_ADC1_Init
                0x08002618       0x8c CMakeFiles/STM32F03CBT6.elf.dir/Core/Src/adc.c.obj
                0x08002618                MX_ADC1_Init
 .text.HAL_ADC_MspInit
                0x080026a4       0x9c CMakeFiles/STM32F03CBT6.elf.dir/Core/Src/adc.c.obj
                0x080026a4                HAL_ADC_MspInit
 .text.MX_CAN_Init
                0x08002740       0xa4 CMakeFiles/STM32F03CBT6.elf.dir/Core/Src/can.c.obj
                0x08002740                MX_CAN_Init
 .text.HAL_CAN_MspInit
                0x080027e4       0xd0 CMakeFiles/STM32F03CBT6.elf.dir/Core/Src/can.c.obj
                0x080027e4                HAL_CAN_MspInit
 .text.CAN_Send
                0x080028b4       0x20 CMakeFiles/STM32F03CBT6.elf.dir/Core/Src/can.c.obj
                0x080028b4                CAN_Send
 .text.HAL_CAN_RxFifo0MsgPendingCallback
                0x080028d4       0x48 CMakeFiles/STM32F03CBT6.elf.dir/Core/Src/can.c.obj
                0x080028d4                HAL_CAN_RxFifo0MsgPendingCallback
 .text.MX_DMA_Init
                0x0800291c       0x54 CMakeFiles/STM32F03CBT6.elf.dir/Core/Src/dma.c.obj
                0x0800291c                MX_DMA_Init
 .text.MX_GPIO_Init
                0x08002970       0xe4 CMakeFiles/STM32F03CBT6.elf.dir/Core/Src/gpio.c.obj
                0x08002970                MX_GPIO_Init
 .text.Error_Handler
                0x08002a54        0x4 CMakeFiles/STM32F03CBT6.elf.dir/Core/Src/main.c.obj
                0x08002a54                Error_Handler
 .text.SystemClock_Config
                0x08002a58       0x80 CMakeFiles/STM32F03CBT6.elf.dir/Core/Src/main.c.obj
                0x08002a58                SystemClock_Config
 .text.main     0x08002ad8       0x38 CMakeFiles/STM32F03CBT6.elf.dir/Core/Src/main.c.obj
                0x08002ad8                main
 .text.MX_SPI1_Init
                0x08002b10       0x4c CMakeFiles/STM32F03CBT6.elf.dir/Core/Src/spi.c.obj
                0x08002b10                MX_SPI1_Init
 .text.HAL_SPI_MspInit
                0x08002b5c       0x88 CMakeFiles/STM32F03CBT6.elf.dir/Core/Src/spi.c.obj
                0x08002b5c                HAL_SPI_MspInit
 .text.HAL_MspInit
                0x08002be4       0x44 CMakeFiles/STM32F03CBT6.elf.dir/Core/Src/stm32f1xx_hal_msp.c.obj
                0x08002be4                HAL_MspInit
 .text.NMI_Handler
                0x08002c28        0x2 CMakeFiles/STM32F03CBT6.elf.dir/Core/Src/stm32f1xx_it.c.obj
                0x08002c28                NMI_Handler
 .text.HardFault_Handler
                0x08002c2a        0x2 CMakeFiles/STM32F03CBT6.elf.dir/Core/Src/stm32f1xx_it.c.obj
                0x08002c2a                HardFault_Handler
 .text.MemManage_Handler
                0x08002c2c        0x2 CMakeFiles/STM32F03CBT6.elf.dir/Core/Src/stm32f1xx_it.c.obj
                0x08002c2c                MemManage_Handler
 .text.BusFault_Handler
                0x08002c2e        0x2 CMakeFiles/STM32F03CBT6.elf.dir/Core/Src/stm32f1xx_it.c.obj
                0x08002c2e                BusFault_Handler
 .text.UsageFault_Handler
                0x08002c30        0x2 CMakeFiles/STM32F03CBT6.elf.dir/Core/Src/stm32f1xx_it.c.obj
                0x08002c30                UsageFault_Handler
 .text.SVC_Handler
                0x08002c32        0x2 CMakeFiles/STM32F03CBT6.elf.dir/Core/Src/stm32f1xx_it.c.obj
                0x08002c32                SVC_Handler
 .text.DebugMon_Handler
                0x08002c34        0x2 CMakeFiles/STM32F03CBT6.elf.dir/Core/Src/stm32f1xx_it.c.obj
                0x08002c34                DebugMon_Handler
 .text.PendSV_Handler
                0x08002c36        0x2 CMakeFiles/STM32F03CBT6.elf.dir/Core/Src/stm32f1xx_it.c.obj
                0x08002c36                PendSV_Handler
 .text.SysTick_Handler
                0x08002c38        0x8 CMakeFiles/STM32F03CBT6.elf.dir/Core/Src/stm32f1xx_it.c.obj
                0x08002c38                SysTick_Handler
 .text.DMA1_Channel1_IRQHandler
                0x08002c40       0x10 CMakeFiles/STM32F03CBT6.elf.dir/Core/Src/stm32f1xx_it.c.obj
                0x08002c40                DMA1_Channel1_IRQHandler
 .text.DMA1_Channel4_IRQHandler
                0x08002c50       0x10 CMakeFiles/STM32F03CBT6.elf.dir/Core/Src/stm32f1xx_it.c.obj
                0x08002c50                DMA1_Channel4_IRQHandler
 .text.DMA1_Channel5_IRQHandler
                0x08002c60       0x10 CMakeFiles/STM32F03CBT6.elf.dir/Core/Src/stm32f1xx_it.c.obj
                0x08002c60                DMA1_Channel5_IRQHandler
 .text.USB_HP_CAN1_TX_IRQHandler
                0x08002c70       0x10 CMakeFiles/STM32F03CBT6.elf.dir/Core/Src/stm32f1xx_it.c.obj
                0x08002c70                USB_HP_CAN1_TX_IRQHandler
 .text.USB_LP_CAN1_RX0_IRQHandler
                0x08002c80       0x10 CMakeFiles/STM32F03CBT6.elf.dir/Core/Src/stm32f1xx_it.c.obj
                0x08002c80                USB_LP_CAN1_RX0_IRQHandler
 .text.CAN1_RX1_IRQHandler
                0x08002c90       0x10 CMakeFiles/STM32F03CBT6.elf.dir/Core/Src/stm32f1xx_it.c.obj
                0x08002c90                CAN1_RX1_IRQHandler
 .text.CAN1_SCE_IRQHandler
                0x08002ca0       0x10 CMakeFiles/STM32F03CBT6.elf.dir/Core/Src/stm32f1xx_it.c.obj
                0x08002ca0                CAN1_SCE_IRQHandler
 .text.TIM1_UP_IRQHandler
                0x08002cb0        0x8 CMakeFiles/STM32F03CBT6.elf.dir/Core/Src/stm32f1xx_it.c.obj
                0x08002cb0                TIM1_UP_IRQHandler
 .text.TIM3_IRQHandler
                0x08002cb8        0x8 CMakeFiles/STM32F03CBT6.elf.dir/Core/Src/stm32f1xx_it.c.obj
                0x08002cb8                TIM3_IRQHandler
 .text.TIM4_IRQHandler
                0x08002cc0        0x8 CMakeFiles/STM32F03CBT6.elf.dir/Core/Src/stm32f1xx_it.c.obj
                0x08002cc0                TIM4_IRQHandler
 .text.USART1_IRQHandler
                0x08002cc8       0x78 CMakeFiles/STM32F03CBT6.elf.dir/Core/Src/stm32f1xx_it.c.obj
                0x08002cc8                USART1_IRQHandler
 .text._getpid  0x08002d40        0x4 CMakeFiles/STM32F03CBT6.elf.dir/Core/Src/syscalls.c.obj
                0x08002d40                _getpid
 .text._kill    0x08002d44       0x10 CMakeFiles/STM32F03CBT6.elf.dir/Core/Src/syscalls.c.obj
                0x08002d44                _kill
 .text._exit    0x08002d54        0xc CMakeFiles/STM32F03CBT6.elf.dir/Core/Src/syscalls.c.obj
                0x08002d54                _exit
 .text._sbrk    0x08002d60       0x48 CMakeFiles/STM32F03CBT6.elf.dir/Core/Src/sysmem.c.obj
                0x08002d60                _sbrk
 .text.SystemInit
                0x08002da8        0x2 CMakeFiles/STM32F03CBT6.elf.dir/Core/Src/system_stm32f1xx.c.obj
                0x08002da8                SystemInit
 *fill*         0x08002daa        0x2 
 .text.MX_TIM1_Init
                0x08002dac       0x74 CMakeFiles/STM32F03CBT6.elf.dir/Core/Src/tim.c.obj
                0x08002dac                MX_TIM1_Init
 .text.MX_TIM3_Init
                0x08002e20       0x70 CMakeFiles/STM32F03CBT6.elf.dir/Core/Src/tim.c.obj
                0x08002e20                MX_TIM3_Init
 .text.MX_TIM4_Init
                0x08002e90       0x70 CMakeFiles/STM32F03CBT6.elf.dir/Core/Src/tim.c.obj
                0x08002e90                MX_TIM4_Init
 .text.HAL_TIM_Base_MspInit
                0x08002f00       0xc0 CMakeFiles/STM32F03CBT6.elf.dir/Core/Src/tim.c.obj
                0x08002f00                HAL_TIM_Base_MspInit
 .text.HAL_TIM_MspPostInit
                0x08002fc0       0x64 CMakeFiles/STM32F03CBT6.elf.dir/Core/Src/tim.c.obj
                0x08002fc0                HAL_TIM_MspPostInit
 .text.MX_TIM2_Init
                0x08003024       0xd0 CMakeFiles/STM32F03CBT6.elf.dir/Core/Src/tim.c.obj
                0x08003024                MX_TIM2_Init
 .text.HAL_UART_MspInit
                0x080030f4      0x104 CMakeFiles/STM32F03CBT6.elf.dir/Core/Src/usart.c.obj
                0x080030f4                HAL_UART_MspInit
 .text.Uart_SetRxCpltCallBack
                0x080031f8        0xc CMakeFiles/STM32F03CBT6.elf.dir/Core/Src/usart.c.obj
                0x080031f8                Uart_SetRxCpltCallBack
 .text.MX_USART1_UART_Init
                0x08003204       0x60 CMakeFiles/STM32F03CBT6.elf.dir/Core/Src/usart.c.obj
                0x08003204                MX_USART1_UART_Init
 .text.Reset_Handler
                0x08003264       0x48 CMakeFiles/STM32F03CBT6.elf.dir/Core/Startup/startup_stm32f103cbtx.s.obj
                0x08003264                Reset_Handler
 .text.Default_Handler
                0x080032ac        0x2 CMakeFiles/STM32F03CBT6.elf.dir/Core/Startup/startup_stm32f103cbtx.s.obj
                0x080032ac                RTC_Alarm_IRQHandler
                0x080032ac                EXTI2_IRQHandler
                0x080032ac                TIM1_CC_IRQHandler
                0x080032ac                PVD_IRQHandler
                0x080032ac                EXTI3_IRQHandler
                0x080032ac                EXTI0_IRQHandler
                0x080032ac                I2C2_EV_IRQHandler
                0x080032ac                ADC1_2_IRQHandler
                0x080032ac                SPI1_IRQHandler
                0x080032ac                TAMPER_IRQHandler
                0x080032ac                USART3_IRQHandler
                0x080032ac                RTC_IRQHandler
                0x080032ac                DMA1_Channel7_IRQHandler
                0x080032ac                I2C1_EV_IRQHandler
                0x080032ac                DMA1_Channel6_IRQHandler
                0x080032ac                RCC_IRQHandler
                0x080032ac                TIM1_TRG_COM_IRQHandler
                0x080032ac                Default_Handler
                0x080032ac                EXTI15_10_IRQHandler
                0x080032ac                EXTI9_5_IRQHandler
                0x080032ac                SPI2_IRQHandler
                0x080032ac                EXTI4_IRQHandler
                0x080032ac                DMA1_Channel3_IRQHandler
                0x080032ac                WWDG_IRQHandler
                0x080032ac                TIM2_IRQHandler
                0x080032ac                TIM1_BRK_IRQHandler
                0x080032ac                EXTI1_IRQHandler
                0x080032ac                USART2_IRQHandler
                0x080032ac                I2C2_ER_IRQHandler
                0x080032ac                DMA1_Channel2_IRQHandler
                0x080032ac                FLASH_IRQHandler
                0x080032ac                I2C1_ER_IRQHandler
                0x080032ac                USBWakeUp_IRQHandler
 .text._ZN12TB67H450Base4InitEv
                0x080032ae       0x14 CMakeFiles/STM32F03CBT6.elf.dir/Ctrl/Driver/tb67h450_base.cpp.obj
                0x080032ae                TB67H450Base::Init()
 *fill*         0x080032c2        0x2 
 .text._ZN12TB67H450Base19SetFocCurrentVectorEml
                0x080032c4       0xd0 CMakeFiles/STM32F03CBT6.elf.dir/Ctrl/Driver/tb67h450_base.cpp.obj
                0x080032c4                TB67H450Base::SetFocCurrentVector(unsigned long, long)
 .text._ZN12TB67H450Base18SetTwoCoilsCurrentEtt
                0x08003394        0xa CMakeFiles/STM32F03CBT6.elf.dir/Ctrl/Driver/tb67h450_base.cpp.obj
                0x08003394                TB67H450Base::SetTwoCoilsCurrent(unsigned short, unsigned short)
 .text._ZN12TB67H450Base5SleepEv
                0x0800339e       0x2e CMakeFiles/STM32F03CBT6.elf.dir/Ctrl/Driver/tb67h450_base.cpp.obj
                0x0800339e                TB67H450Base::Sleep()
 .text._ZN12TB67H450Base5BrakeEv
                0x080033cc       0x2c CMakeFiles/STM32F03CBT6.elf.dir/Ctrl/Driver/tb67h450_base.cpp.obj
                0x080033cc                TB67H450Base::Brake()
 .text._ZN13MotionPlanner14CurrentTracker7NewTaskEl
                0x080033f8        0x8 CMakeFiles/STM32F03CBT6.elf.dir/Ctrl/Motor/motion_planner.cpp.obj
                0x080033f8                MotionPlanner::CurrentTracker::NewTask(long)
 .text._ZN13MotionPlanner14CurrentTracker19CalcCurrentIntegralEl
                0x08003400       0x26 CMakeFiles/STM32F03CBT6.elf.dir/Ctrl/Motor/motion_planner.cpp.obj
                0x08003400                MotionPlanner::CurrentTracker::CalcCurrentIntegral(long)
 .text._ZN13MotionPlanner14CurrentTracker12CalcSoftGoalEl
                0x08003426       0x78 CMakeFiles/STM32F03CBT6.elf.dir/Ctrl/Motor/motion_planner.cpp.obj
                0x08003426                MotionPlanner::CurrentTracker::CalcSoftGoal(long)
 .text._ZN13MotionPlanner14CurrentTracker13SetCurrentAccEl
                0x0800349e        0x4 CMakeFiles/STM32F03CBT6.elf.dir/Ctrl/Motor/motion_planner.cpp.obj
                0x0800349e                MotionPlanner::CurrentTracker::SetCurrentAcc(long)
 .text._ZN13MotionPlanner14CurrentTracker4InitEv
                0x080034a2       0x10 CMakeFiles/STM32F03CBT6.elf.dir/Ctrl/Motor/motion_planner.cpp.obj
                0x080034a2                MotionPlanner::CurrentTracker::Init()
 .text._ZN13MotionPlanner15VelocityTracker14SetVelocityAccEl
                0x080034b2        0x4 CMakeFiles/STM32F03CBT6.elf.dir/Ctrl/Motor/motion_planner.cpp.obj
                0x080034b2                MotionPlanner::VelocityTracker::SetVelocityAcc(long)
 .text._ZN13MotionPlanner15VelocityTracker4InitEv
                0x080034b6       0x10 CMakeFiles/STM32F03CBT6.elf.dir/Ctrl/Motor/motion_planner.cpp.obj
                0x080034b6                MotionPlanner::VelocityTracker::Init()
 .text._ZN13MotionPlanner15VelocityTracker7NewTaskEl
                0x080034c6        0x8 CMakeFiles/STM32F03CBT6.elf.dir/Ctrl/Motor/motion_planner.cpp.obj
                0x080034c6                MotionPlanner::VelocityTracker::NewTask(long)
 .text._ZN13MotionPlanner15VelocityTracker20CalcVelocityIntegralEl
                0x080034ce       0x26 CMakeFiles/STM32F03CBT6.elf.dir/Ctrl/Motor/motion_planner.cpp.obj
                0x080034ce                MotionPlanner::VelocityTracker::CalcVelocityIntegral(long)
 .text._ZN13MotionPlanner15VelocityTracker12CalcSoftGoalEl
                0x080034f4       0x78 CMakeFiles/STM32F03CBT6.elf.dir/Ctrl/Motor/motion_planner.cpp.obj
                0x080034f4                MotionPlanner::VelocityTracker::CalcSoftGoal(long)
 .text._ZN13MotionPlanner15PositionTracker14SetVelocityAccEl
                0x0800356c       0x1c CMakeFiles/STM32F03CBT6.elf.dir/Ctrl/Motor/motion_planner.cpp.obj
                0x0800356c                MotionPlanner::PositionTracker::SetVelocityAcc(long)
 .text._ZN13MotionPlanner15PositionTracker4InitEv
                0x08003588       0x2c CMakeFiles/STM32F03CBT6.elf.dir/Ctrl/Motor/motion_planner.cpp.obj
                0x08003588                MotionPlanner::PositionTracker::Init()
 .text._ZN13MotionPlanner15PositionTracker7NewTaskEll
                0x080035b4        0xc CMakeFiles/STM32F03CBT6.elf.dir/Ctrl/Motor/motion_planner.cpp.obj
                0x080035b4                MotionPlanner::PositionTracker::NewTask(long, long)
 .text._ZN13MotionPlanner15PositionTracker20CalcPositionIntegralEl
                0x080035c0       0x26 CMakeFiles/STM32F03CBT6.elf.dir/Ctrl/Motor/motion_planner.cpp.obj
                0x080035c0                MotionPlanner::PositionTracker::CalcPositionIntegral(long)
 .text._ZN13MotionPlanner15PositionTracker20CalcVelocityIntegralEl
                0x080035e6       0x26 CMakeFiles/STM32F03CBT6.elf.dir/Ctrl/Motor/motion_planner.cpp.obj
                0x080035e6                MotionPlanner::PositionTracker::CalcVelocityIntegral(long)
 .text._ZN13MotionPlanner15PositionTracker12CalcSoftGoalEl
                0x0800360c      0x1ec CMakeFiles/STM32F03CBT6.elf.dir/Ctrl/Motor/motion_planner.cpp.obj
                0x0800360c                MotionPlanner::PositionTracker::CalcSoftGoal(long)
 .text._ZN13MotionPlanner20PositionInterpolator7NewTaskEll
                0x080037f8        0xa CMakeFiles/STM32F03CBT6.elf.dir/Ctrl/Motor/motion_planner.cpp.obj
                0x080037f8                MotionPlanner::PositionInterpolator::NewTask(long, long)
 .text._ZN13MotionPlanner20PositionInterpolator12CalcSoftGoalEl
                0x08003802       0x30 CMakeFiles/STM32F03CBT6.elf.dir/Ctrl/Motor/motion_planner.cpp.obj
                0x08003802                MotionPlanner::PositionInterpolator::CalcSoftGoal(long)
 .text._ZN13MotionPlanner17TrajectoryTracker22SetSlowDownVelocityAccEl
                0x08003832        0x4 CMakeFiles/STM32F03CBT6.elf.dir/Ctrl/Motor/motion_planner.cpp.obj
                0x08003832                MotionPlanner::TrajectoryTracker::SetSlowDownVelocityAcc(long)
 .text._ZN13MotionPlanner17TrajectoryTracker7NewTaskEll
                0x08003836       0x10 CMakeFiles/STM32F03CBT6.elf.dir/Ctrl/Motor/motion_planner.cpp.obj
                0x08003836                MotionPlanner::TrajectoryTracker::NewTask(long, long)
 .text._ZN13MotionPlanner17TrajectoryTracker20CalcVelocityIntegralEl
                0x08003846       0x26 CMakeFiles/STM32F03CBT6.elf.dir/Ctrl/Motor/motion_planner.cpp.obj
                0x08003846                MotionPlanner::TrajectoryTracker::CalcVelocityIntegral(long)
 .text._ZN13MotionPlanner17TrajectoryTracker20CalcPositionIntegralEl
                0x0800386c       0x26 CMakeFiles/STM32F03CBT6.elf.dir/Ctrl/Motor/motion_planner.cpp.obj
                0x0800386c                MotionPlanner::TrajectoryTracker::CalcPositionIntegral(long)
 .text._ZN13MotionPlanner17TrajectoryTracker12CalcSoftGoalEll
                0x08003892       0xda CMakeFiles/STM32F03CBT6.elf.dir/Ctrl/Motor/motion_planner.cpp.obj
                0x08003892                MotionPlanner::TrajectoryTracker::CalcSoftGoal(long, long)
 .text._ZN13MotionPlanner17TrajectoryTracker4InitEl
                0x0800396c       0x16 CMakeFiles/STM32F03CBT6.elf.dir/Ctrl/Motor/motion_planner.cpp.obj
                0x0800396c                MotionPlanner::TrajectoryTracker::Init(long)
 .text._ZN13MotionPlanner12AttachConfigEPNS_8Config_tE
                0x08003982       0x2a CMakeFiles/STM32F03CBT6.elf.dir/Ctrl/Motor/motion_planner.cpp.obj
                0x08003982                MotionPlanner::AttachConfig(MotionPlanner::Config_t*)
 .text._ZN5Motor13AttachEncoderEP11EncoderBase
                0x080039ac        0x6 CMakeFiles/STM32F03CBT6.elf.dir/Ctrl/Motor/motor.cpp.obj
                0x080039ac                Motor::AttachEncoder(EncoderBase*)
 .text._ZN5Motor12AttachDriverEP10DriverBase
                0x080039b2        0x6 CMakeFiles/STM32F03CBT6.elf.dir/Ctrl/Motor/motor.cpp.obj
                0x080039b2                Motor::AttachDriver(DriverBase*)
 .text._ZN5Motor10Controller19CalcCurrentToOutputEl
                0x080039b8       0x3c CMakeFiles/STM32F03CBT6.elf.dir/Ctrl/Motor/motor.cpp.obj
                0x080039b8                Motor::Controller::CalcCurrentToOutput(long)
 .text._ZN5Motor10Controller15CalcPidToOutputEl
                0x080039f4       0xc8 CMakeFiles/STM32F03CBT6.elf.dir/Ctrl/Motor/motor.cpp.obj
                0x080039f4                Motor::Controller::CalcPidToOutput(long)
 .text._ZN5Motor10Controller15CalcDceToOutputEll
                0x08003abc      0x11c CMakeFiles/STM32F03CBT6.elf.dir/Ctrl/Motor/motor.cpp.obj
                0x08003abc                Motor::Controller::CalcDceToOutput(long, long)
 .text._ZN5Motor10Controller11SetCtrlModeENS_6Mode_tE
                0x08003bd8        0x4 CMakeFiles/STM32F03CBT6.elf.dir/Ctrl/Motor/motor.cpp.obj
                0x08003bd8                Motor::Controller::SetCtrlMode(Motor::Mode_t)
 .text._ZN5Motor10Controller19SetPositionSetPointEl
                0x08003bdc        0xa CMakeFiles/STM32F03CBT6.elf.dir/Ctrl/Motor/motor.cpp.obj
                0x08003bdc                Motor::Controller::SetPositionSetPoint(long)
 *fill*         0x08003be6        0x2 
 .text._ZN5Motor10Controller27SetPositionSetPointWithTimeElf
                0x08003be8       0xbc CMakeFiles/STM32F03CBT6.elf.dir/Ctrl/Motor/motor.cpp.obj
                0x08003be8                Motor::Controller::SetPositionSetPointWithTime(long, float)
 .text._ZN5Motor10Controller19SetVelocitySetPointEl
                0x08003ca4       0x12 CMakeFiles/STM32F03CBT6.elf.dir/Ctrl/Motor/motor.cpp.obj
                0x08003ca4                Motor::Controller::SetVelocitySetPoint(long)
 .text._ZN5Motor10Controller21AddTrajectorySetPointEll
                0x08003cb6       0x14 CMakeFiles/STM32F03CBT6.elf.dir/Ctrl/Motor/motor.cpp.obj
                0x08003cb6                Motor::Controller::AddTrajectorySetPoint(long, long)
 .text._ZN5Motor10Controller11GetPositionEb
                0x08003cca       0x40 CMakeFiles/STM32F03CBT6.elf.dir/Ctrl/Motor/motor.cpp.obj
                0x08003cca                Motor::Controller::GetPosition(bool)
 .text._ZN5Motor10Controller11GetVelocityEv
                0x08003d0a       0x1e CMakeFiles/STM32F03CBT6.elf.dir/Ctrl/Motor/motor.cpp.obj
                0x08003d0a                Motor::Controller::GetVelocity()
 .text._ZN5Motor10Controller13GetFocCurrentEv
                0x08003d28       0x14 CMakeFiles/STM32F03CBT6.elf.dir/Ctrl/Motor/motor.cpp.obj
                0x08003d28                Motor::Controller::GetFocCurrent()
 .text._ZN5Motor10Controller15getGoalPositionEv
                0x08003d3c       0x1e CMakeFiles/STM32F03CBT6.elf.dir/Ctrl/Motor/motor.cpp.obj
                0x08003d3c                Motor::Controller::getGoalPosition()
 .text._ZN5Motor10Controller15getGoalVelocityEv
                0x08003d5a       0x1e CMakeFiles/STM32F03CBT6.elf.dir/Ctrl/Motor/motor.cpp.obj
                0x08003d5a                Motor::Controller::getGoalVelocity()
 .text._ZN5Motor10Controller18SetCurrentSetPointEl
                0x08003d78       0x1a CMakeFiles/STM32F03CBT6.elf.dir/Ctrl/Motor/motor.cpp.obj
                0x08003d78                Motor::Controller::SetCurrentSetPoint(long)
 .text._ZN5Motor10Controller14ClearStallFlagEv
                0x08003d92        0x8 CMakeFiles/STM32F03CBT6.elf.dir/Ctrl/Motor/motor.cpp.obj
                0x08003d92                Motor::Controller::ClearStallFlag()
 *fill*         0x08003d9a        0x2 
 .text._ZN5Motor10Controller23CompensateAdvancedAngleEl
                0x08003d9c       0xe4 CMakeFiles/STM32F03CBT6.elf.dir/Ctrl/Motor/motor.cpp.obj
                0x08003d9c                Motor::Controller::CompensateAdvancedAngle(long)
 .text._ZN5Motor10Controller4InitEv
                0x08003e80       0xa8 CMakeFiles/STM32F03CBT6.elf.dir/Ctrl/Motor/motor.cpp.obj
                0x08003e80                Motor::Controller::Init()
 .text._ZN5Motor10Controller20ApplyPosAsHomeOffsetEv
                0x08003f28       0x16 CMakeFiles/STM32F03CBT6.elf.dir/Ctrl/Motor/motor.cpp.obj
                0x08003f28                Motor::Controller::ApplyPosAsHomeOffset()
 .text._ZN5Motor10Controller12AttachConfigEPNS0_8Config_tE
                0x08003f3e        0x4 CMakeFiles/STM32F03CBT6.elf.dir/Ctrl/Motor/motor.cpp.obj
                0x08003f3e                Motor::Controller::AttachConfig(Motor::Controller::Config_t*)
 .text._ZNK5Motor10Controller13ClearIntegralEv
                0x08003f42       0x1c CMakeFiles/STM32F03CBT6.elf.dir/Ctrl/Motor/motor.cpp.obj
                0x08003f42                Motor::Controller::ClearIntegral() const
 *fill*         0x08003f5e        0x2 
 .text._ZN5Motor20CloseLoopControlTickEv
                0x08003f60      0x580 CMakeFiles/STM32F03CBT6.elf.dir/Ctrl/Motor/motor.cpp.obj
                0x08003f60                Motor::CloseLoopControlTick()
 .text._ZN5Motor9Tick20kHzEv
                0x080044e0       0x16 CMakeFiles/STM32F03CBT6.elf.dir/Ctrl/Motor/motor.cpp.obj
                0x080044e0                Motor::Tick20kHz()
 .text._ZN21EncoderCalibratorBase16CycleDataAverageEPKttl
                0x080044f6       0x4a CMakeFiles/STM32F03CBT6.elf.dir/Ctrl/Sensor/Encoder/encoder_calibrator_base.cpp.obj
                0x080044f6                EncoderCalibratorBase::CycleDataAverage(unsigned short const*, unsigned short, long)
 .text._ZN21EncoderCalibratorBase9Tick20kHzEv
                0x08004540      0x1d2 CMakeFiles/STM32F03CBT6.elf.dir/Ctrl/Sensor/Encoder/encoder_calibrator_base.cpp.obj
                0x08004540                EncoderCalibratorBase::Tick20kHz()
 .text._ZN21EncoderCalibratorBase8CycleModEmm
                0x08004712        0xc CMakeFiles/STM32F03CBT6.elf.dir/Ctrl/Sensor/Encoder/encoder_calibrator_base.cpp.obj
                0x08004712                EncoderCalibratorBase::CycleMod(unsigned long, unsigned long)
 .text._ZN21EncoderCalibratorBase13CycleSubtractElll
                0x0800471e       0x16 CMakeFiles/STM32F03CBT6.elf.dir/Ctrl/Sensor/Encoder/encoder_calibrator_base.cpp.obj
                0x0800471e                EncoderCalibratorBase::CycleSubtract(long, long, long)
 .text._ZN21EncoderCalibratorBase12CycleAverageElll
                0x08004734       0x20 CMakeFiles/STM32F03CBT6.elf.dir/Ctrl/Sensor/Encoder/encoder_calibrator_base.cpp.obj
                0x08004734                EncoderCalibratorBase::CycleAverage(long, long, long)
 .text._ZN21EncoderCalibratorBase20CalibrationDataCheckEv
                0x08004754      0x1e0 CMakeFiles/STM32F03CBT6.elf.dir/Ctrl/Sensor/Encoder/encoder_calibrator_base.cpp.obj
                0x08004754                EncoderCalibratorBase::CalibrationDataCheck()
 .text._ZN21EncoderCalibratorBase12TickMainLoopEv
                0x08004934      0x28e CMakeFiles/STM32F03CBT6.elf.dir/Ctrl/Sensor/Encoder/encoder_calibrator_base.cpp.obj
                0x08004934                EncoderCalibratorBase::TickMainLoop()
 .text._ZN10MT6816Base4InitEv
                0x08004bc2       0x3a CMakeFiles/STM32F03CBT6.elf.dir/Ctrl/Sensor/Encoder/mt6816_base.cpp.obj
                0x08004bc2                MT6816Base::Init()
 .text._ZN10MT6816Base11UpdateAngleEv
                0x08004bfc       0x96 CMakeFiles/STM32F03CBT6.elf.dir/Ctrl/Sensor/Encoder/mt6816_base.cpp.obj
                0x08004bfc                MT6816Base::UpdateAngle()
 .text._ZN10MT6816Base12IsCalibratedEv
                0x08004c92        0x4 CMakeFiles/STM32F03CBT6.elf.dir/Ctrl/Sensor/Encoder/mt6816_base.cpp.obj
                0x08004c92                MT6816Base::IsCalibrated()
 .text._ZN10ButtonBase4TickEm
                0x08004c96       0x4c CMakeFiles/STM32F03CBT6.elf.dir/Ctrl/Signal/button_base.cpp.obj
                0x08004c96                ButtonBase::Tick(unsigned long)
 .text._ZN10ButtonBase18SetOnEventListenerEPFvNS_5EventEE
                0x08004ce2       0x14 CMakeFiles/STM32F03CBT6.elf.dir/Ctrl/Signal/button_base.cpp.obj
                0x08004ce2                ButtonBase::SetOnEventListener(void (*)(ButtonBase::Event))
 .text._ZN7LedBase4TickEmN5Motor7State_tE
                0x08004cf6      0x1b2 CMakeFiles/STM32F03CBT6.elf.dir/Ctrl/Signal/led_base.cpp.obj
                0x08004cf6                LedBase::Tick(unsigned long, Motor::State_t)
 .text.HAL_InitTick
                0x08004ea8       0x4c CMakeFiles/STM32F03CBT6.elf.dir/Drivers/STM32F1xx_HAL_Driver/Src/stm32f1xx_hal.c.obj
                0x08004ea8                HAL_InitTick
 .text.HAL_Init
                0x08004ef4       0x24 CMakeFiles/STM32F03CBT6.elf.dir/Drivers/STM32F1xx_HAL_Driver/Src/stm32f1xx_hal.c.obj
                0x08004ef4                HAL_Init
 .text.HAL_IncTick
                0x08004f18       0x18 CMakeFiles/STM32F03CBT6.elf.dir/Drivers/STM32F1xx_HAL_Driver/Src/stm32f1xx_hal.c.obj
                0x08004f18                HAL_IncTick
 .text.HAL_GetTick
                0x08004f30        0xc CMakeFiles/STM32F03CBT6.elf.dir/Drivers/STM32F1xx_HAL_Driver/Src/stm32f1xx_hal.c.obj
                0x08004f30                HAL_GetTick
 .text.HAL_Delay
                0x08004f3c       0x28 CMakeFiles/STM32F03CBT6.elf.dir/Drivers/STM32F1xx_HAL_Driver/Src/stm32f1xx_hal.c.obj
                0x08004f3c                HAL_Delay
 .text.HAL_ADC_ConvCpltCallback
                0x08004f64        0x2 CMakeFiles/STM32F03CBT6.elf.dir/Drivers/STM32F1xx_HAL_Driver/Src/stm32f1xx_hal_adc.c.obj
                0x08004f64                HAL_ADC_ConvCpltCallback
 .text.ADC_DMAConvCplt
                0x08004f66       0x52 CMakeFiles/STM32F03CBT6.elf.dir/Drivers/STM32F1xx_HAL_Driver/Src/stm32f1xx_hal_adc.c.obj
                0x08004f66                ADC_DMAConvCplt
 .text.HAL_ADC_ConvHalfCpltCallback
                0x08004fb8        0x2 CMakeFiles/STM32F03CBT6.elf.dir/Drivers/STM32F1xx_HAL_Driver/Src/stm32f1xx_hal_adc.c.obj
                0x08004fb8                HAL_ADC_ConvHalfCpltCallback
 .text.ADC_DMAHalfConvCplt
                0x08004fba        0xa CMakeFiles/STM32F03CBT6.elf.dir/Drivers/STM32F1xx_HAL_Driver/Src/stm32f1xx_hal_adc.c.obj
                0x08004fba                ADC_DMAHalfConvCplt
 .text.HAL_ADC_ErrorCallback
                0x08004fc4        0x2 CMakeFiles/STM32F03CBT6.elf.dir/Drivers/STM32F1xx_HAL_Driver/Src/stm32f1xx_hal_adc.c.obj
                0x08004fc4                HAL_ADC_ErrorCallback
 .text.ADC_DMAError
                0x08004fc6       0x1a CMakeFiles/STM32F03CBT6.elf.dir/Drivers/STM32F1xx_HAL_Driver/Src/stm32f1xx_hal_adc.c.obj
                0x08004fc6                ADC_DMAError
 .text.HAL_ADC_ConfigChannel
                0x08004fe0      0x138 CMakeFiles/STM32F03CBT6.elf.dir/Drivers/STM32F1xx_HAL_Driver/Src/stm32f1xx_hal_adc.c.obj
                0x08004fe0                HAL_ADC_ConfigChannel
 .text.ADC_Enable
                0x08005118       0x88 CMakeFiles/STM32F03CBT6.elf.dir/Drivers/STM32F1xx_HAL_Driver/Src/stm32f1xx_hal_adc.c.obj
                0x08005118                ADC_Enable
 .text.HAL_ADC_Start_DMA
                0x080051a0      0x130 CMakeFiles/STM32F03CBT6.elf.dir/Drivers/STM32F1xx_HAL_Driver/Src/stm32f1xx_hal_adc.c.obj
                0x080051a0                HAL_ADC_Start_DMA
 .text.ADC_ConversionStop_Disable
                0x080052d0       0x56 CMakeFiles/STM32F03CBT6.elf.dir/Drivers/STM32F1xx_HAL_Driver/Src/stm32f1xx_hal_adc.c.obj
                0x080052d0                ADC_ConversionStop_Disable
 *fill*         0x08005326        0x2 
 .text.HAL_ADC_Init
                0x08005328      0x108 CMakeFiles/STM32F03CBT6.elf.dir/Drivers/STM32F1xx_HAL_Driver/Src/stm32f1xx_hal_adc.c.obj
                0x08005328                HAL_ADC_Init
 .text.HAL_ADCEx_Calibration_Start
                0x08005430      0x100 CMakeFiles/STM32F03CBT6.elf.dir/Drivers/STM32F1xx_HAL_Driver/Src/stm32f1xx_hal_adc_ex.c.obj
                0x08005430                HAL_ADCEx_Calibration_Start
 .text.HAL_CAN_Init
                0x08005530      0x14c CMakeFiles/STM32F03CBT6.elf.dir/Drivers/STM32F1xx_HAL_Driver/Src/stm32f1xx_hal_can.c.obj
                0x08005530                HAL_CAN_Init
 .text.HAL_CAN_ConfigFilter
                0x0800567c       0xfe CMakeFiles/STM32F03CBT6.elf.dir/Drivers/STM32F1xx_HAL_Driver/Src/stm32f1xx_hal_can.c.obj
                0x0800567c                HAL_CAN_ConfigFilter
 .text.HAL_CAN_Start
                0x0800577a       0x5c CMakeFiles/STM32F03CBT6.elf.dir/Drivers/STM32F1xx_HAL_Driver/Src/stm32f1xx_hal_can.c.obj
                0x0800577a                HAL_CAN_Start
 .text.HAL_CAN_AddTxMessage
                0x080057d6       0xdc CMakeFiles/STM32F03CBT6.elf.dir/Drivers/STM32F1xx_HAL_Driver/Src/stm32f1xx_hal_can.c.obj
                0x080057d6                HAL_CAN_AddTxMessage
 .text.HAL_CAN_GetRxMessage
                0x080058b2      0x15e CMakeFiles/STM32F03CBT6.elf.dir/Drivers/STM32F1xx_HAL_Driver/Src/stm32f1xx_hal_can.c.obj
                0x080058b2                HAL_CAN_GetRxMessage
 .text.HAL_CAN_ActivateNotification
                0x08005a10       0x24 CMakeFiles/STM32F03CBT6.elf.dir/Drivers/STM32F1xx_HAL_Driver/Src/stm32f1xx_hal_can.c.obj
                0x08005a10                HAL_CAN_ActivateNotification
 .text.HAL_CAN_TxMailbox0CompleteCallback
                0x08005a34        0x2 CMakeFiles/STM32F03CBT6.elf.dir/Drivers/STM32F1xx_HAL_Driver/Src/stm32f1xx_hal_can.c.obj
                0x08005a34                HAL_CAN_TxMailbox0CompleteCallback
 .text.HAL_CAN_TxMailbox1CompleteCallback
                0x08005a36        0x2 CMakeFiles/STM32F03CBT6.elf.dir/Drivers/STM32F1xx_HAL_Driver/Src/stm32f1xx_hal_can.c.obj
                0x08005a36                HAL_CAN_TxMailbox1CompleteCallback
 .text.HAL_CAN_TxMailbox2CompleteCallback
                0x08005a38        0x2 CMakeFiles/STM32F03CBT6.elf.dir/Drivers/STM32F1xx_HAL_Driver/Src/stm32f1xx_hal_can.c.obj
                0x08005a38                HAL_CAN_TxMailbox2CompleteCallback
 .text.HAL_CAN_TxMailbox0AbortCallback
                0x08005a3a        0x2 CMakeFiles/STM32F03CBT6.elf.dir/Drivers/STM32F1xx_HAL_Driver/Src/stm32f1xx_hal_can.c.obj
                0x08005a3a                HAL_CAN_TxMailbox0AbortCallback
 .text.HAL_CAN_TxMailbox1AbortCallback
                0x08005a3c        0x2 CMakeFiles/STM32F03CBT6.elf.dir/Drivers/STM32F1xx_HAL_Driver/Src/stm32f1xx_hal_can.c.obj
                0x08005a3c                HAL_CAN_TxMailbox1AbortCallback
 .text.HAL_CAN_TxMailbox2AbortCallback
                0x08005a3e        0x2 CMakeFiles/STM32F03CBT6.elf.dir/Drivers/STM32F1xx_HAL_Driver/Src/stm32f1xx_hal_can.c.obj
                0x08005a3e                HAL_CAN_TxMailbox2AbortCallback
 .text.HAL_CAN_RxFifo0FullCallback
                0x08005a40        0x2 CMakeFiles/STM32F03CBT6.elf.dir/Drivers/STM32F1xx_HAL_Driver/Src/stm32f1xx_hal_can.c.obj
                0x08005a40                HAL_CAN_RxFifo0FullCallback
 .text.HAL_CAN_RxFifo1MsgPendingCallback
                0x08005a42        0x2 CMakeFiles/STM32F03CBT6.elf.dir/Drivers/STM32F1xx_HAL_Driver/Src/stm32f1xx_hal_can.c.obj
                0x08005a42                HAL_CAN_RxFifo1MsgPendingCallback
 .text.HAL_CAN_RxFifo1FullCallback
                0x08005a44        0x2 CMakeFiles/STM32F03CBT6.elf.dir/Drivers/STM32F1xx_HAL_Driver/Src/stm32f1xx_hal_can.c.obj
                0x08005a44                HAL_CAN_RxFifo1FullCallback
 .text.HAL_CAN_SleepCallback
                0x08005a46        0x2 CMakeFiles/STM32F03CBT6.elf.dir/Drivers/STM32F1xx_HAL_Driver/Src/stm32f1xx_hal_can.c.obj
                0x08005a46                HAL_CAN_SleepCallback
 .text.HAL_CAN_WakeUpFromRxMsgCallback
                0x08005a48        0x2 CMakeFiles/STM32F03CBT6.elf.dir/Drivers/STM32F1xx_HAL_Driver/Src/stm32f1xx_hal_can.c.obj
                0x08005a48                HAL_CAN_WakeUpFromRxMsgCallback
 .text.HAL_CAN_ErrorCallback
                0x08005a4a        0x2 CMakeFiles/STM32F03CBT6.elf.dir/Drivers/STM32F1xx_HAL_Driver/Src/stm32f1xx_hal_can.c.obj
                0x08005a4a                HAL_CAN_ErrorCallback
 .text.HAL_CAN_IRQHandler
                0x08005a4c      0x24a CMakeFiles/STM32F03CBT6.elf.dir/Drivers/STM32F1xx_HAL_Driver/Src/stm32f1xx_hal_can.c.obj
                0x08005a4c                HAL_CAN_IRQHandler
 *fill*         0x08005c96        0x2 
 .text.HAL_NVIC_SetPriorityGrouping
                0x08005c98       0x24 CMakeFiles/STM32F03CBT6.elf.dir/Drivers/STM32F1xx_HAL_Driver/Src/stm32f1xx_hal_cortex.c.obj
                0x08005c98                HAL_NVIC_SetPriorityGrouping
 .text.HAL_NVIC_SetPriority
                0x08005cbc       0x68 CMakeFiles/STM32F03CBT6.elf.dir/Drivers/STM32F1xx_HAL_Driver/Src/stm32f1xx_hal_cortex.c.obj
                0x08005cbc                HAL_NVIC_SetPriority
 .text.HAL_NVIC_EnableIRQ
                0x08005d24       0x1c CMakeFiles/STM32F03CBT6.elf.dir/Drivers/STM32F1xx_HAL_Driver/Src/stm32f1xx_hal_cortex.c.obj
                0x08005d24                HAL_NVIC_EnableIRQ
 .text.HAL_NVIC_SystemReset
                0x08005d40       0x24 CMakeFiles/STM32F03CBT6.elf.dir/Drivers/STM32F1xx_HAL_Driver/Src/stm32f1xx_hal_cortex.c.obj
                0x08005d40                HAL_NVIC_SystemReset
 .text.HAL_SYSTICK_Config
                0x08005d64       0x2c CMakeFiles/STM32F03CBT6.elf.dir/Drivers/STM32F1xx_HAL_Driver/Src/stm32f1xx_hal_cortex.c.obj
                0x08005d64                HAL_SYSTICK_Config
 .text.DMA_SetConfig
                0x08005d90       0x2c CMakeFiles/STM32F03CBT6.elf.dir/Drivers/STM32F1xx_HAL_Driver/Src/stm32f1xx_hal_dma.c.obj
 .text.HAL_DMA_Init
                0x08005dbc       0x6c CMakeFiles/STM32F03CBT6.elf.dir/Drivers/STM32F1xx_HAL_Driver/Src/stm32f1xx_hal_dma.c.obj
                0x08005dbc                HAL_DMA_Init
 .text.HAL_DMA_Start_IT
                0x08005e28       0x76 CMakeFiles/STM32F03CBT6.elf.dir/Drivers/STM32F1xx_HAL_Driver/Src/stm32f1xx_hal_dma.c.obj
                0x08005e28                HAL_DMA_Start_IT
 .text.HAL_DMA_Abort
                0x08005e9e       0x46 CMakeFiles/STM32F03CBT6.elf.dir/Drivers/STM32F1xx_HAL_Driver/Src/stm32f1xx_hal_dma.c.obj
                0x08005e9e                HAL_DMA_Abort
 .text.HAL_DMA_Abort_IT
                0x08005ee4       0x98 CMakeFiles/STM32F03CBT6.elf.dir/Drivers/STM32F1xx_HAL_Driver/Src/stm32f1xx_hal_dma.c.obj
                0x08005ee4                HAL_DMA_Abort_IT
 .text.HAL_DMA_IRQHandler
                0x08005f7c      0x144 CMakeFiles/STM32F03CBT6.elf.dir/Drivers/STM32F1xx_HAL_Driver/Src/stm32f1xx_hal_dma.c.obj
                0x08005f7c                HAL_DMA_IRQHandler
 .text.FLASH_Program_HalfWord
                0x080060c0       0x1c CMakeFiles/STM32F03CBT6.elf.dir/Drivers/STM32F1xx_HAL_Driver/Src/stm32f1xx_hal_flash.c.obj
 .text.FLASH_SetErrorCode
                0x080060dc       0x70 CMakeFiles/STM32F03CBT6.elf.dir/Drivers/STM32F1xx_HAL_Driver/Src/stm32f1xx_hal_flash.c.obj
 .text.HAL_FLASH_Unlock
                0x0800614c       0x34 CMakeFiles/STM32F03CBT6.elf.dir/Drivers/STM32F1xx_HAL_Driver/Src/stm32f1xx_hal_flash.c.obj
                0x0800614c                HAL_FLASH_Unlock
 .text.HAL_FLASH_Lock
                0x08006180       0x14 CMakeFiles/STM32F03CBT6.elf.dir/Drivers/STM32F1xx_HAL_Driver/Src/stm32f1xx_hal_flash.c.obj
                0x08006180                HAL_FLASH_Lock
 .text.FLASH_WaitForLastOperation
                0x08006194       0x68 CMakeFiles/STM32F03CBT6.elf.dir/Drivers/STM32F1xx_HAL_Driver/Src/stm32f1xx_hal_flash.c.obj
                0x08006194                FLASH_WaitForLastOperation
 .text.HAL_FLASH_Program
                0x080061fc       0x9c CMakeFiles/STM32F03CBT6.elf.dir/Drivers/STM32F1xx_HAL_Driver/Src/stm32f1xx_hal_flash.c.obj
                0x080061fc                HAL_FLASH_Program
 .text.FLASH_MassErase
                0x08006298       0x24 CMakeFiles/STM32F03CBT6.elf.dir/Drivers/STM32F1xx_HAL_Driver/Src/stm32f1xx_hal_flash_ex.c.obj
 .text.FLASH_PageErase
                0x080062bc       0x24 CMakeFiles/STM32F03CBT6.elf.dir/Drivers/STM32F1xx_HAL_Driver/Src/stm32f1xx_hal_flash_ex.c.obj
                0x080062bc                FLASH_PageErase
 .text.HAL_FLASHEx_Erase
                0x080062e0       0xa4 CMakeFiles/STM32F03CBT6.elf.dir/Drivers/STM32F1xx_HAL_Driver/Src/stm32f1xx_hal_flash_ex.c.obj
                0x080062e0                HAL_FLASHEx_Erase
 .text.HAL_GPIO_Init
                0x08006384      0x220 CMakeFiles/STM32F03CBT6.elf.dir/Drivers/STM32F1xx_HAL_Driver/Src/stm32f1xx_hal_gpio.c.obj
                0x08006384                HAL_GPIO_Init
 .text.HAL_GPIO_ReadPin
                0x080065a4        0xe CMakeFiles/STM32F03CBT6.elf.dir/Drivers/STM32F1xx_HAL_Driver/Src/stm32f1xx_hal_gpio.c.obj
                0x080065a4                HAL_GPIO_ReadPin
 .text.HAL_GPIO_WritePin
                0x080065b2        0xc CMakeFiles/STM32F03CBT6.elf.dir/Drivers/STM32F1xx_HAL_Driver/Src/stm32f1xx_hal_gpio.c.obj
                0x080065b2                HAL_GPIO_WritePin
 *fill*         0x080065be        0x2 
 .text.RCC_Delay
                0x080065c0       0x2c CMakeFiles/STM32F03CBT6.elf.dir/Drivers/STM32F1xx_HAL_Driver/Src/stm32f1xx_hal_rcc.c.obj
 .text.HAL_RCC_OscConfig
                0x080065ec      0x410 CMakeFiles/STM32F03CBT6.elf.dir/Drivers/STM32F1xx_HAL_Driver/Src/stm32f1xx_hal_rcc.c.obj
                0x080065ec                HAL_RCC_OscConfig
 .text.HAL_RCC_GetSysClockFreq
                0x080069fc       0x54 CMakeFiles/STM32F03CBT6.elf.dir/Drivers/STM32F1xx_HAL_Driver/Src/stm32f1xx_hal_rcc.c.obj
                0x080069fc                HAL_RCC_GetSysClockFreq
 .text.HAL_RCC_ClockConfig
                0x08006a50      0x16c CMakeFiles/STM32F03CBT6.elf.dir/Drivers/STM32F1xx_HAL_Driver/Src/stm32f1xx_hal_rcc.c.obj
                0x08006a50                HAL_RCC_ClockConfig
 .text.HAL_RCC_GetHCLKFreq
                0x08006bbc        0xc CMakeFiles/STM32F03CBT6.elf.dir/Drivers/STM32F1xx_HAL_Driver/Src/stm32f1xx_hal_rcc.c.obj
                0x08006bbc                HAL_RCC_GetHCLKFreq
 .text.HAL_RCC_GetPCLK1Freq
                0x08006bc8       0x20 CMakeFiles/STM32F03CBT6.elf.dir/Drivers/STM32F1xx_HAL_Driver/Src/stm32f1xx_hal_rcc.c.obj
                0x08006bc8                HAL_RCC_GetPCLK1Freq
 .text.HAL_RCC_GetPCLK2Freq
                0x08006be8       0x20 CMakeFiles/STM32F03CBT6.elf.dir/Drivers/STM32F1xx_HAL_Driver/Src/stm32f1xx_hal_rcc.c.obj
                0x08006be8                HAL_RCC_GetPCLK2Freq
 .text.HAL_RCCEx_PeriphCLKConfig
                0x08006c08      0x114 CMakeFiles/STM32F03CBT6.elf.dir/Drivers/STM32F1xx_HAL_Driver/Src/stm32f1xx_hal_rcc_ex.c.obj
                0x08006c08                HAL_RCCEx_PeriphCLKConfig
 .text.HAL_RCCEx_GetPeriphCLKFreq
                0x08006d1c       0xd8 CMakeFiles/STM32F03CBT6.elf.dir/Drivers/STM32F1xx_HAL_Driver/Src/stm32f1xx_hal_rcc_ex.c.obj
                0x08006d1c                HAL_RCCEx_GetPeriphCLKFreq
 .text.SPI_WaitFlagStateUntilTimeout
                0x08006df4       0xd0 CMakeFiles/STM32F03CBT6.elf.dir/Drivers/STM32F1xx_HAL_Driver/Src/stm32f1xx_hal_spi.c.obj
 .text.SPI_EndRxTxTransaction
                0x08006ec4       0x44 CMakeFiles/STM32F03CBT6.elf.dir/Drivers/STM32F1xx_HAL_Driver/Src/stm32f1xx_hal_spi.c.obj
 .text.HAL_SPI_Init
                0x08006f08       0xb6 CMakeFiles/STM32F03CBT6.elf.dir/Drivers/STM32F1xx_HAL_Driver/Src/stm32f1xx_hal_spi.c.obj
                0x08006f08                HAL_SPI_Init
 .text.HAL_SPI_TransmitReceive
                0x08006fbe      0x254 CMakeFiles/STM32F03CBT6.elf.dir/Drivers/STM32F1xx_HAL_Driver/Src/stm32f1xx_hal_spi.c.obj
                0x08006fbe                HAL_SPI_TransmitReceive
 *fill*         0x08007212        0x2 
 .text.TIM_OC1_SetConfig
                0x08007214       0x5c CMakeFiles/STM32F03CBT6.elf.dir/Drivers/STM32F1xx_HAL_Driver/Src/stm32f1xx_hal_tim.c.obj
 .text.TIM_OC3_SetConfig
                0x08007270       0x64 CMakeFiles/STM32F03CBT6.elf.dir/Drivers/STM32F1xx_HAL_Driver/Src/stm32f1xx_hal_tim.c.obj
 .text.TIM_OC4_SetConfig
                0x080072d4       0x48 CMakeFiles/STM32F03CBT6.elf.dir/Drivers/STM32F1xx_HAL_Driver/Src/stm32f1xx_hal_tim.c.obj
 .text.TIM_TI1_ConfigInputStage
                0x0800731c       0x24 CMakeFiles/STM32F03CBT6.elf.dir/Drivers/STM32F1xx_HAL_Driver/Src/stm32f1xx_hal_tim.c.obj
 .text.TIM_TI2_ConfigInputStage
                0x08007340       0x26 CMakeFiles/STM32F03CBT6.elf.dir/Drivers/STM32F1xx_HAL_Driver/Src/stm32f1xx_hal_tim.c.obj
 .text.TIM_ITRx_SetConfig
                0x08007366       0x10 CMakeFiles/STM32F03CBT6.elf.dir/Drivers/STM32F1xx_HAL_Driver/Src/stm32f1xx_hal_tim.c.obj
 *fill*         0x08007376        0x2 
 .text.HAL_TIM_Base_Start_IT
                0x08007378       0x68 CMakeFiles/STM32F03CBT6.elf.dir/Drivers/STM32F1xx_HAL_Driver/Src/stm32f1xx_hal_tim.c.obj
                0x08007378                HAL_TIM_Base_Start_IT
 .text.HAL_TIM_PWM_MspInit
                0x080073e0        0x2 CMakeFiles/STM32F03CBT6.elf.dir/Drivers/STM32F1xx_HAL_Driver/Src/stm32f1xx_hal_tim.c.obj
                0x080073e0                HAL_TIM_PWM_MspInit
 *fill*         0x080073e2        0x2 
 .text.TIM_Base_SetConfig
                0x080073e4       0x84 CMakeFiles/STM32F03CBT6.elf.dir/Drivers/STM32F1xx_HAL_Driver/Src/stm32f1xx_hal_tim.c.obj
                0x080073e4                TIM_Base_SetConfig
 .text.HAL_TIM_Base_Init
                0x08007468       0x58 CMakeFiles/STM32F03CBT6.elf.dir/Drivers/STM32F1xx_HAL_Driver/Src/stm32f1xx_hal_tim.c.obj
                0x08007468                HAL_TIM_Base_Init
 .text.HAL_TIM_PWM_Init
                0x080074c0       0x58 CMakeFiles/STM32F03CBT6.elf.dir/Drivers/STM32F1xx_HAL_Driver/Src/stm32f1xx_hal_tim.c.obj
                0x080074c0                HAL_TIM_PWM_Init
 .text.TIM_OC2_SetConfig
                0x08007518       0x64 CMakeFiles/STM32F03CBT6.elf.dir/Drivers/STM32F1xx_HAL_Driver/Src/stm32f1xx_hal_tim.c.obj
                0x08007518                TIM_OC2_SetConfig
 .text.HAL_TIM_PWM_ConfigChannel
                0x0800757c       0xdc CMakeFiles/STM32F03CBT6.elf.dir/Drivers/STM32F1xx_HAL_Driver/Src/stm32f1xx_hal_tim.c.obj
                0x0800757c                HAL_TIM_PWM_ConfigChannel
 .text.TIM_ETR_SetConfig
                0x08007658       0x16 CMakeFiles/STM32F03CBT6.elf.dir/Drivers/STM32F1xx_HAL_Driver/Src/stm32f1xx_hal_tim.c.obj
                0x08007658                TIM_ETR_SetConfig
 .text.HAL_TIM_ConfigClockSource
                0x0800766e       0xfe CMakeFiles/STM32F03CBT6.elf.dir/Drivers/STM32F1xx_HAL_Driver/Src/stm32f1xx_hal_tim.c.obj
                0x0800766e                HAL_TIM_ConfigClockSource
 .text.TIM_CCxChannelCmd
                0x0800776c       0x22 CMakeFiles/STM32F03CBT6.elf.dir/Drivers/STM32F1xx_HAL_Driver/Src/stm32f1xx_hal_tim.c.obj
                0x0800776c                TIM_CCxChannelCmd
 *fill*         0x0800778e        0x2 
 .text.HAL_TIM_PWM_Start
                0x08007790       0xdc CMakeFiles/STM32F03CBT6.elf.dir/Drivers/STM32F1xx_HAL_Driver/Src/stm32f1xx_hal_tim.c.obj
                0x08007790                HAL_TIM_PWM_Start
 .text.HAL_TIMEx_MasterConfigSynchronization
                0x0800786c       0x68 CMakeFiles/STM32F03CBT6.elf.dir/Drivers/STM32F1xx_HAL_Driver/Src/stm32f1xx_hal_tim_ex.c.obj
                0x0800786c                HAL_TIMEx_MasterConfigSynchronization
 .text.UART_EndTxTransfer
                0x080078d4       0x20 CMakeFiles/STM32F03CBT6.elf.dir/Drivers/STM32F1xx_HAL_Driver/Src/stm32f1xx_hal_uart.c.obj
 .text.UART_EndRxTransfer
                0x080078f4       0x5c CMakeFiles/STM32F03CBT6.elf.dir/Drivers/STM32F1xx_HAL_Driver/Src/stm32f1xx_hal_uart.c.obj
 .text.UART_Transmit_IT
                0x08007950       0x60 CMakeFiles/STM32F03CBT6.elf.dir/Drivers/STM32F1xx_HAL_Driver/Src/stm32f1xx_hal_uart.c.obj
 .text.UART_SetConfig
                0x080079b0       0x90 CMakeFiles/STM32F03CBT6.elf.dir/Drivers/STM32F1xx_HAL_Driver/Src/stm32f1xx_hal_uart.c.obj
 .text.UART_WaitOnFlagUntilTimeout
                0x08007a40       0x86 CMakeFiles/STM32F03CBT6.elf.dir/Drivers/STM32F1xx_HAL_Driver/Src/stm32f1xx_hal_uart.c.obj
 .text.HAL_UART_Init
                0x08007ac6       0x60 CMakeFiles/STM32F03CBT6.elf.dir/Drivers/STM32F1xx_HAL_Driver/Src/stm32f1xx_hal_uart.c.obj
                0x08007ac6                HAL_UART_Init
 .text.HAL_UART_Transmit
                0x08007b26       0xcc CMakeFiles/STM32F03CBT6.elf.dir/Drivers/STM32F1xx_HAL_Driver/Src/stm32f1xx_hal_uart.c.obj
                0x08007b26                HAL_UART_Transmit
 .text.HAL_UART_Receive
                0x08007bf2       0xd2 CMakeFiles/STM32F03CBT6.elf.dir/Drivers/STM32F1xx_HAL_Driver/Src/stm32f1xx_hal_uart.c.obj
                0x08007bf2                HAL_UART_Receive
 .text.HAL_UART_Transmit_DMA
                0x08007cc4       0x84 CMakeFiles/STM32F03CBT6.elf.dir/Drivers/STM32F1xx_HAL_Driver/Src/stm32f1xx_hal_uart.c.obj
                0x08007cc4                HAL_UART_Transmit_DMA
 .text.HAL_UART_DMAStop
                0x08007d48       0x84 CMakeFiles/STM32F03CBT6.elf.dir/Drivers/STM32F1xx_HAL_Driver/Src/stm32f1xx_hal_uart.c.obj
                0x08007d48                HAL_UART_DMAStop
 .text.HAL_UART_TxCpltCallback
                0x08007dcc        0x2 CMakeFiles/STM32F03CBT6.elf.dir/Drivers/STM32F1xx_HAL_Driver/Src/stm32f1xx_hal_uart.c.obj
                0x08007dcc                HAL_UART_TxCpltCallback
 .text.UART_DMATransmitCplt
                0x08007dce       0x4c CMakeFiles/STM32F03CBT6.elf.dir/Drivers/STM32F1xx_HAL_Driver/Src/stm32f1xx_hal_uart.c.obj
 .text.UART_EndTransmit_IT
                0x08007e1a       0x1a CMakeFiles/STM32F03CBT6.elf.dir/Drivers/STM32F1xx_HAL_Driver/Src/stm32f1xx_hal_uart.c.obj
 .text.HAL_UART_TxHalfCpltCallback
                0x08007e34        0x2 CMakeFiles/STM32F03CBT6.elf.dir/Drivers/STM32F1xx_HAL_Driver/Src/stm32f1xx_hal_uart.c.obj
                0x08007e34                HAL_UART_TxHalfCpltCallback
 .text.UART_DMATxHalfCplt
                0x08007e36        0xa CMakeFiles/STM32F03CBT6.elf.dir/Drivers/STM32F1xx_HAL_Driver/Src/stm32f1xx_hal_uart.c.obj
 .text.HAL_UART_RxCpltCallback
                0x08007e40        0x2 CMakeFiles/STM32F03CBT6.elf.dir/Drivers/STM32F1xx_HAL_Driver/Src/stm32f1xx_hal_uart.c.obj
                0x08007e40                HAL_UART_RxCpltCallback
 .text.HAL_UART_RxHalfCpltCallback
                0x08007e42        0x2 CMakeFiles/STM32F03CBT6.elf.dir/Drivers/STM32F1xx_HAL_Driver/Src/stm32f1xx_hal_uart.c.obj
                0x08007e42                HAL_UART_RxHalfCpltCallback
 .text.HAL_UART_ErrorCallback
                0x08007e44        0x2 CMakeFiles/STM32F03CBT6.elf.dir/Drivers/STM32F1xx_HAL_Driver/Src/stm32f1xx_hal_uart.c.obj
                0x08007e44                HAL_UART_ErrorCallback
 .text.UART_DMAError
                0x08007e46       0x58 CMakeFiles/STM32F03CBT6.elf.dir/Drivers/STM32F1xx_HAL_Driver/Src/stm32f1xx_hal_uart.c.obj
 .text.UART_DMAAbortOnError
                0x08007e9e       0x10 CMakeFiles/STM32F03CBT6.elf.dir/Drivers/STM32F1xx_HAL_Driver/Src/stm32f1xx_hal_uart.c.obj
 .text.HAL_UARTEx_RxEventCallback
                0x08007eae        0x2 CMakeFiles/STM32F03CBT6.elf.dir/Drivers/STM32F1xx_HAL_Driver/Src/stm32f1xx_hal_uart.c.obj
                0x08007eae                HAL_UARTEx_RxEventCallback
 .text.UART_Receive_IT
                0x08007eb0       0xe6 CMakeFiles/STM32F03CBT6.elf.dir/Drivers/STM32F1xx_HAL_Driver/Src/stm32f1xx_hal_uart.c.obj
 *fill*         0x08007f96        0x2 
 .text.HAL_UART_IRQHandler
                0x08007f98      0x288 CMakeFiles/STM32F03CBT6.elf.dir/Drivers/STM32F1xx_HAL_Driver/Src/stm32f1xx_hal_uart.c.obj
                0x08007f98                HAL_UART_IRQHandler
 .text.UART_DMARxHalfCplt
                0x08008220       0x1e CMakeFiles/STM32F03CBT6.elf.dir/Drivers/STM32F1xx_HAL_Driver/Src/stm32f1xx_hal_uart.c.obj
 .text.UART_DMAReceiveCplt
                0x0800823e       0x9a CMakeFiles/STM32F03CBT6.elf.dir/Drivers/STM32F1xx_HAL_Driver/Src/stm32f1xx_hal_uart.c.obj
 .text.UART_Start_Receive_DMA
                0x080082d8       0xa4 CMakeFiles/STM32F03CBT6.elf.dir/Drivers/STM32F1xx_HAL_Driver/Src/stm32f1xx_hal_uart.c.obj
                0x080082d8                UART_Start_Receive_DMA
 .text.HAL_UART_Receive_DMA
                0x0800837c       0x26 CMakeFiles/STM32F03CBT6.elf.dir/Drivers/STM32F1xx_HAL_Driver/Src/stm32f1xx_hal_uart.c.obj
                0x0800837c                HAL_UART_Receive_DMA
 *fill*         0x080083a2        0x2 
 .text.eeprom_buffered_write_byte
                0x080083a4        0xc CMakeFiles/STM32F03CBT6.elf.dir/Port/Platform/Memory/emulated_eeprom.cpp.obj
                0x080083a4                eeprom_buffered_write_byte
 .text.eeprom_buffer_fill
                0x080083b0       0x18 CMakeFiles/STM32F03CBT6.elf.dir/Port/Platform/Memory/emulated_eeprom.cpp.obj
                0x080083b0                eeprom_buffer_fill
 .text.eeprom_buffer_flush
                0x080083c8       0x68 CMakeFiles/STM32F03CBT6.elf.dir/Port/Platform/Memory/emulated_eeprom.cpp.obj
                0x080083c8                eeprom_buffer_flush
 .text.Stockpile_Flash_Data_Empty
                0x08008430       0x4c CMakeFiles/STM32F03CBT6.elf.dir/Port/Platform/Memory/stockpile_f103cb.c.obj
                0x08008430                Stockpile_Flash_Data_Empty
 .text.Stockpile_Flash_Data_Begin
                0x0800847c        0xe CMakeFiles/STM32F03CBT6.elf.dir/Port/Platform/Memory/stockpile_f103cb.c.obj
                0x0800847c                Stockpile_Flash_Data_Begin
 .text.Stockpile_Flash_Data_End
                0x0800848a        0x8 CMakeFiles/STM32F03CBT6.elf.dir/Port/Platform/Memory/stockpile_f103cb.c.obj
                0x0800848a                Stockpile_Flash_Data_End
 .text.Stockpile_Flash_Data_Write_Data16
                0x08008492       0x42 CMakeFiles/STM32F03CBT6.elf.dir/Port/Platform/Memory/stockpile_f103cb.c.obj
                0x08008492                Stockpile_Flash_Data_Write_Data16
 .text.GetSerialNumber
                0x080084d4       0x20 CMakeFiles/STM32F03CBT6.elf.dir/Port/Platform/Utils/st_hardware.c.obj
                0x080084d4                GetSerialNumber
 .text.RetargetInit
                0x080084f4       0x20 CMakeFiles/STM32F03CBT6.elf.dir/Port/Platform/retarget.c.obj
                0x080084f4                RetargetInit
 .text._isatty  0x08008514       0x16 CMakeFiles/STM32F03CBT6.elf.dir/Port/Platform/retarget.c.obj
                0x08008514                _isatty
 *fill*         0x0800852a        0x2 
 .text._write   0x0800852c       0x28 CMakeFiles/STM32F03CBT6.elf.dir/Port/Platform/retarget.c.obj
                0x0800852c                _write
 .text._close   0x08008554       0x18 CMakeFiles/STM32F03CBT6.elf.dir/Port/Platform/retarget.c.obj
                0x08008554                _close
 .text._lseek   0x0800856c       0x10 CMakeFiles/STM32F03CBT6.elf.dir/Port/Platform/retarget.c.obj
                0x0800856c                _lseek
 .text._read    0x0800857c       0x30 CMakeFiles/STM32F03CBT6.elf.dir/Port/Platform/retarget.c.obj
                0x0800857c                _read
 .text._fstat   0x080085ac       0x1a CMakeFiles/STM32F03CBT6.elf.dir/Port/Platform/retarget.c.obj
                0x080085ac                _fstat
 *fill*         0x080085c6        0x2 
 .text._ZN6Button15ReadButtonPinIOEh
                0x080085c8       0x38 CMakeFiles/STM32F03CBT6.elf.dir/Port/button_stm32.cpp.obj
                0x080085c8                Button::ReadButtonPinIO(unsigned char)
 .text._ZN6Button9IsPressedEv
                0x08008600       0x12 CMakeFiles/STM32F03CBT6.elf.dir/Port/button_stm32.cpp.obj
                0x08008600                Button::IsPressed()
 *fill*         0x08008612        0x2 
 .text._ZN17EncoderCalibrator15BeginWriteFlashEv
                0x08008614       0x10 CMakeFiles/STM32F03CBT6.elf.dir/Port/encoder_calibrator_stm32.cpp.obj
                0x08008614                EncoderCalibrator::BeginWriteFlash()
 .text._ZN17EncoderCalibrator13EndWriteFlashEv
                0x08008624       0x10 CMakeFiles/STM32F03CBT6.elf.dir/Port/encoder_calibrator_stm32.cpp.obj
                0x08008624                EncoderCalibrator::EndWriteFlash()
 .text._ZN17EncoderCalibrator10ClearFlashEv
                0x08008634       0x10 CMakeFiles/STM32F03CBT6.elf.dir/Port/encoder_calibrator_stm32.cpp.obj
                0x08008634                EncoderCalibrator::ClearFlash()
 .text._ZN17EncoderCalibrator22WriteFlash16bitsAppendEt
                0x08008644       0x20 CMakeFiles/STM32F03CBT6.elf.dir/Port/encoder_calibrator_stm32.cpp.obj
                0x08008644                EncoderCalibrator::WriteFlash16bitsAppend(unsigned short)
 .text._ZN3Led11SetLedStateEhb
                0x08008664       0x34 CMakeFiles/STM32F03CBT6.elf.dir/Port/led_stm32.cpp.obj
                0x08008664                Led::SetLedState(unsigned char, bool)
 .text._ZN6MT68167SpiInitEv
                0x08008698        0x8 CMakeFiles/STM32F03CBT6.elf.dir/Port/mt6816_stm32.cpp.obj
                0x08008698                MT6816::SpiInit()
 .text._ZN6MT681624SpiTransmitAndRead16BitsEt
                0x080086a0       0x38 CMakeFiles/STM32F03CBT6.elf.dir/Port/mt6816_stm32.cpp.obj
                0x080086a0                MT6816::SpiTransmitAndRead16Bits(unsigned short)
 .text._ZN8TB67H45016DacOutputVoltageEtt
                0x080086d8       0x14 CMakeFiles/STM32F03CBT6.elf.dir/Port/tb67h450_stm32.cpp.obj
                0x080086d8                TB67H450::DacOutputVoltage(unsigned short, unsigned short)
 .text._ZN8TB67H4509SetInputAEbb
                0x080086ec       0x28 CMakeFiles/STM32F03CBT6.elf.dir/Port/tb67h450_stm32.cpp.obj
                0x080086ec                TB67H450::SetInputA(bool, bool)
 .text._ZN8TB67H4509SetInputBEbb
                0x08008714       0x28 CMakeFiles/STM32F03CBT6.elf.dir/Port/tb67h450_stm32.cpp.obj
                0x08008714                TB67H450::SetInputB(bool, bool)
 .text._ZN8TB67H4508InitGpioEv
                0x0800873c       0x64 CMakeFiles/STM32F03CBT6.elf.dir/Port/tb67h450_stm32.cpp.obj
                0x0800873c                TB67H450::InitGpio()
 .text._ZN8TB67H4507InitPwmEv
                0x080087a0        0x8 CMakeFiles/STM32F03CBT6.elf.dir/Port/tb67h450_stm32.cpp.obj
                0x080087a0                TB67H450::InitPwm()
 .text._Z14OnButton1EventN10ButtonBase5EventE
                0x080087a8       0x50 CMakeFiles/STM32F03CBT6.elf.dir/UserApp/main.cpp.obj
                0x080087a8                OnButton1Event(ButtonBase::Event)
 .text._Z14OnButton2EventN10ButtonBase5EventE
                0x080087f8       0x70 CMakeFiles/STM32F03CBT6.elf.dir/UserApp/main.cpp.obj
                0x080087f8                OnButton2Event(ButtonBase::Event)
 .text._Z41__static_initialization_and_destruction_0ii
                0x08008868      0x2cc CMakeFiles/STM32F03CBT6.elf.dir/UserApp/main.cpp.obj
 .text.Main     0x08008b34      0x21c CMakeFiles/STM32F03CBT6.elf.dir/UserApp/main.cpp.obj
                0x08008b34                Main
 .text.Tim3Callback20Hz
                0x08008d50       0xd8 CMakeFiles/STM32F03CBT6.elf.dir/UserApp/main.cpp.obj
                0x08008d50                Tim3Callback20Hz
 .text.Tim1Callback100Hz
                0x08008e28       0xc4 CMakeFiles/STM32F03CBT6.elf.dir/UserApp/main.cpp.obj
                0x08008e28                Tim1Callback100Hz
 .text.Tim4Callback20kHz
                0x08008eec       0x30 CMakeFiles/STM32F03CBT6.elf.dir/UserApp/main.cpp.obj
                0x08008eec                Tim4Callback20kHz
 .text._GLOBAL__sub_I_boardConfig
                0x08008f1c        0xe CMakeFiles/STM32F03CBT6.elf.dir/UserApp/main.cpp.obj
 *fill*         0x08008f2a        0x2 
 .text.OnCanCmd
                0x08008f2c      0x6f4 CMakeFiles/STM32F03CBT6.elf.dir/UserApp/protocols/interface_can.cpp.obj
                0x08008f2c                OnCanCmd
 .text.OnUartCmd
                0x08009620      0x17c CMakeFiles/STM32F03CBT6.elf.dir/UserApp/protocols/interface_uart.cpp.obj
                0x08009620                OnUartCmd
 .text._ZNK10__cxxabiv117__class_type_info11__do_upcastEPKS0_PPv
                0x0800979c       0x38 d:/place_for_installation/gcc_arm_none_eabi/gcc-arm-none-eabi-9-2019-q4-major-win32/bin/../lib/gcc/arm-none-eabi/9.2.1/../../../../arm-none-eabi/lib/thumb/v7-m/nofp\libstdc++.a(class_type_info.o)
                0x0800979c                __cxxabiv1::__class_type_info::__do_upcast(__cxxabiv1::__class_type_info const*, void**) const
 .text._ZNK10__cxxabiv117__class_type_info20__do_find_public_srcEiPKvPKS0_S2_
                0x080097d4        0xc d:/place_for_installation/gcc_arm_none_eabi/gcc-arm-none-eabi-9-2019-q4-major-win32/bin/../lib/gcc/arm-none-eabi/9.2.1/../../../../arm-none-eabi/lib/thumb/v7-m/nofp\libstdc++.a(class_type_info.o)
                0x080097d4                __cxxabiv1::__class_type_info::__do_find_public_src(int, void const*, __cxxabiv1::__class_type_info const*, void const*) const
 .text._ZN10__cxxabiv117__class_type_infoD2Ev
                0x080097e0       0x14 d:/place_for_installation/gcc_arm_none_eabi/gcc-arm-none-eabi-9-2019-q4-major-win32/bin/../lib/gcc/arm-none-eabi/9.2.1/../../../../arm-none-eabi/lib/thumb/v7-m/nofp\libstdc++.a(class_type_info.o)
                0x080097e0                __cxxabiv1::__class_type_info::~__class_type_info()
                0x080097e0                __cxxabiv1::__class_type_info::~__class_type_info()
 .text._ZN10__cxxabiv117__class_type_infoD0Ev
                0x080097f4       0x1c d:/place_for_installation/gcc_arm_none_eabi/gcc-arm-none-eabi-9-2019-q4-major-win32/bin/../lib/gcc/arm-none-eabi/9.2.1/../../../../arm-none-eabi/lib/thumb/v7-m/nofp\libstdc++.a(class_type_info.o)
                0x080097f4                __cxxabiv1::__class_type_info::~__class_type_info()
 .text._ZNK10__cxxabiv117__class_type_info12__do_dyncastEiNS0_10__sub_kindEPKS0_PKvS3_S5_RNS0_16__dyncast_resultE
                0x08009810       0x44 d:/place_for_installation/gcc_arm_none_eabi/gcc-arm-none-eabi-9-2019-q4-major-win32/bin/../lib/gcc/arm-none-eabi/9.2.1/../../../../arm-none-eabi/lib/thumb/v7-m/nofp\libstdc++.a(class_type_info.o)
                0x08009810                __cxxabiv1::__class_type_info::__do_dyncast(int, __cxxabiv1::__class_type_info::__sub_kind, __cxxabiv1::__class_type_info const*, void const*, __cxxabiv1::__class_type_info const*, void const*, __cxxabiv1::__class_type_info::__dyncast_result&) const
 .text._ZNK10__cxxabiv117__class_type_info11__do_upcastEPKS0_PKvRNS0_15__upcast_resultE
                0x08009854       0x1c d:/place_for_installation/gcc_arm_none_eabi/gcc-arm-none-eabi-9-2019-q4-major-win32/bin/../lib/gcc/arm-none-eabi/9.2.1/../../../../arm-none-eabi/lib/thumb/v7-m/nofp\libstdc++.a(class_type_info.o)
                0x08009854                __cxxabiv1::__class_type_info::__do_upcast(__cxxabiv1::__class_type_info const*, void const*, __cxxabiv1::__class_type_info::__upcast_result&) const
 .text._ZNK10__cxxabiv117__class_type_info10__do_catchEPKSt9type_infoPPvj
                0x08009870       0x2c d:/place_for_installation/gcc_arm_none_eabi/gcc-arm-none-eabi-9-2019-q4-major-win32/bin/../lib/gcc/arm-none-eabi/9.2.1/../../../../arm-none-eabi/lib/thumb/v7-m/nofp\libstdc++.a(class_type_info.o)
                0x08009870                __cxxabiv1::__class_type_info::__do_catch(std::type_info const*, void**, unsigned int) const
 .text._ZdlPvj  0x0800989c        0x4 d:/place_for_installation/gcc_arm_none_eabi/gcc-arm-none-eabi-9-2019-q4-major-win32/bin/../lib/gcc/arm-none-eabi/9.2.1/../../../../arm-none-eabi/lib/thumb/v7-m/nofp\libstdc++.a(del_ops.o)
                0x0800989c                operator delete(void*, unsigned int)
 .text._ZN10__cxxabiv120__si_class_type_infoD2Ev
                0x080098a0       0x14 d:/place_for_installation/gcc_arm_none_eabi/gcc-arm-none-eabi-9-2019-q4-major-win32/bin/../lib/gcc/arm-none-eabi/9.2.1/../../../../arm-none-eabi/lib/thumb/v7-m/nofp\libstdc++.a(si_class_type_info.o)
                0x080098a0                __cxxabiv1::__si_class_type_info::~__si_class_type_info()
                0x080098a0                __cxxabiv1::__si_class_type_info::~__si_class_type_info()
 .text._ZN10__cxxabiv120__si_class_type_infoD0Ev
                0x080098b4       0x1c d:/place_for_installation/gcc_arm_none_eabi/gcc-arm-none-eabi-9-2019-q4-major-win32/bin/../lib/gcc/arm-none-eabi/9.2.1/../../../../arm-none-eabi/lib/thumb/v7-m/nofp\libstdc++.a(si_class_type_info.o)
                0x080098b4                __cxxabiv1::__si_class_type_info::~__si_class_type_info()
 .text._ZNK10__cxxabiv120__si_class_type_info20__do_find_public_srcEiPKvPKNS_17__class_type_infoES2_
                0x080098d0       0x3c d:/place_for_installation/gcc_arm_none_eabi/gcc-arm-none-eabi-9-2019-q4-major-win32/bin/../lib/gcc/arm-none-eabi/9.2.1/../../../../arm-none-eabi/lib/thumb/v7-m/nofp\libstdc++.a(si_class_type_info.o)
                0x080098d0                __cxxabiv1::__si_class_type_info::__do_find_public_src(int, void const*, __cxxabiv1::__class_type_info const*, void const*) const
 .text._ZNK10__cxxabiv120__si_class_type_info12__do_dyncastEiNS_17__class_type_info10__sub_kindEPKS1_PKvS4_S6_RNS1_16__dyncast_resultE
                0x0800990c       0x84 d:/place_for_installation/gcc_arm_none_eabi/gcc-arm-none-eabi-9-2019-q4-major-win32/bin/../lib/gcc/arm-none-eabi/9.2.1/../../../../arm-none-eabi/lib/thumb/v7-m/nofp\libstdc++.a(si_class_type_info.o)
                0x0800990c                __cxxabiv1::__si_class_type_info::__do_dyncast(int, __cxxabiv1::__class_type_info::__sub_kind, __cxxabiv1::__class_type_info const*, void const*, __cxxabiv1::__class_type_info const*, void const*, __cxxabiv1::__class_type_info::__dyncast_result&) const
 .text._ZNK10__cxxabiv120__si_class_type_info11__do_upcastEPKNS_17__class_type_infoEPKvRNS1_15__upcast_resultE
                0x08009990       0x2c d:/place_for_installation/gcc_arm_none_eabi/gcc-arm-none-eabi-9-2019-q4-major-win32/bin/../lib/gcc/arm-none-eabi/9.2.1/../../../../arm-none-eabi/lib/thumb/v7-m/nofp\libstdc++.a(si_class_type_info.o)
                0x08009990                __cxxabiv1::__si_class_type_info::__do_upcast(__cxxabiv1::__class_type_info const*, void const*, __cxxabiv1::__class_type_info::__upcast_result&) const
 .text._ZNSt9type_infoD2Ev
                0x080099bc        0x4 d:/place_for_installation/gcc_arm_none_eabi/gcc-arm-none-eabi-9-2019-q4-major-win32/bin/../lib/gcc/arm-none-eabi/9.2.1/../../../../arm-none-eabi/lib/thumb/v7-m/nofp\libstdc++.a(tinfo.o)
                0x080099bc                std::type_info::~type_info()
                0x080099bc                std::type_info::~type_info()
 .text._ZNKSt9type_info14__is_pointer_pEv
                0x080099c0        0x4 d:/place_for_installation/gcc_arm_none_eabi/gcc-arm-none-eabi-9-2019-q4-major-win32/bin/../lib/gcc/arm-none-eabi/9.2.1/../../../../arm-none-eabi/lib/thumb/v7-m/nofp\libstdc++.a(tinfo.o)
                0x080099c0                std::type_info::__is_pointer_p() const
                0x080099c0                std::type_info::__is_function_p() const
 .text._ZNKSt9type_infoeqERKS_
                0x080099c4       0x2c d:/place_for_installation/gcc_arm_none_eabi/gcc-arm-none-eabi-9-2019-q4-major-win32/bin/../lib/gcc/arm-none-eabi/9.2.1/../../../../arm-none-eabi/lib/thumb/v7-m/nofp\libstdc++.a(tinfo.o)
                0x080099c4                std::type_info::operator==(std::type_info const&) const
 .text._ZdlPv   0x080099f0        0x4 d:/place_for_installation/gcc_arm_none_eabi/gcc-arm-none-eabi-9-2019-q4-major-win32/bin/../lib/gcc/arm-none-eabi/9.2.1/../../../../arm-none-eabi/lib/thumb/v7-m/nofp\libstdc++.a(del_op.o)
                0x080099f0                operator delete(void*)
 .text.sqrtf    0x080099f4       0xa4 d:/place_for_installation/gcc_arm_none_eabi/gcc-arm-none-eabi-9-2019-q4-major-win32/bin/../lib/gcc/arm-none-eabi/9.2.1/../../../../arm-none-eabi/lib/thumb/v7-m/nofp\libm.a(lib_a-wf_sqrt.o)
                0x080099f4                sqrtf
 .text.__ieee754_sqrtf
                0x08009a98       0xa8 d:/place_for_installation/gcc_arm_none_eabi/gcc-arm-none-eabi-9-2019-q4-major-win32/bin/../lib/gcc/arm-none-eabi/9.2.1/../../../../arm-none-eabi/lib/thumb/v7-m/nofp\libm.a(lib_a-ef_sqrt.o)
                0x08009a98                __ieee754_sqrtf
 .text.matherr  0x08009b40        0x4 d:/place_for_installation/gcc_arm_none_eabi/gcc-arm-none-eabi-9-2019-q4-major-win32/bin/../lib/gcc/arm-none-eabi/9.2.1/../../../../arm-none-eabi/lib/thumb/v7-m/nofp\libm.a(lib_a-s_matherr.o)
                0x08009b40                matherr
 .text.nan      0x08009b44        0xc d:/place_for_installation/gcc_arm_none_eabi/gcc-arm-none-eabi-9-2019-q4-major-win32/bin/../lib/gcc/arm-none-eabi/9.2.1/../../../../arm-none-eabi/lib/thumb/v7-m/nofp\libm.a(lib_a-s_nan.o)
                0x08009b44                nan
 .text.abort    0x08009b50       0x10 d:/place_for_installation/gcc_arm_none_eabi/gcc-arm-none-eabi-9-2019-q4-major-win32/bin/../lib/gcc/arm-none-eabi/9.2.1/../../../../arm-none-eabi/lib/thumb/v7-m/nofp\libg.a(lib_a-abort.o)
                0x08009b50                abort
 .text.__errno  0x08009b60        0xc d:/place_for_installation/gcc_arm_none_eabi/gcc-arm-none-eabi-9-2019-q4-major-win32/bin/../lib/gcc/arm-none-eabi/9.2.1/../../../../arm-none-eabi/lib/thumb/v7-m/nofp\libg.a(lib_a-errno.o)
                0x08009b60                __errno
 .text.__libc_init_array
                0x08009b6c       0x48 d:/place_for_installation/gcc_arm_none_eabi/gcc-arm-none-eabi-9-2019-q4-major-win32/bin/../lib/gcc/arm-none-eabi/9.2.1/../../../../arm-none-eabi/lib/thumb/v7-m/nofp\libg.a(lib_a-init.o)
                0x08009b6c                __libc_init_array
 .text.malloc   0x08009bb4       0x10 d:/place_for_installation/gcc_arm_none_eabi/gcc-arm-none-eabi-9-2019-q4-major-win32/bin/../lib/gcc/arm-none-eabi/9.2.1/../../../../arm-none-eabi/lib/thumb/v7-m/nofp\libg.a(lib_a-malloc.o)
                0x08009bb4                malloc
 .text.free     0x08009bc4       0x10 d:/place_for_installation/gcc_arm_none_eabi/gcc-arm-none-eabi-9-2019-q4-major-win32/bin/../lib/gcc/arm-none-eabi/9.2.1/../../../../arm-none-eabi/lib/thumb/v7-m/nofp\libg.a(lib_a-malloc.o)
                0x08009bc4                free
 .text._malloc_r
                0x08009bd4      0x55c d:/place_for_installation/gcc_arm_none_eabi/gcc-arm-none-eabi-9-2019-q4-major-win32/bin/../lib/gcc/arm-none-eabi/9.2.1/../../../../arm-none-eabi/lib/thumb/v7-m/nofp\libg.a(lib_a-mallocr.o)
                0x08009bd4                _malloc_r
 .text.memset   0x0800a130       0xa0 d:/place_for_installation/gcc_arm_none_eabi/gcc-arm-none-eabi-9-2019-q4-major-win32/bin/../lib/gcc/arm-none-eabi/9.2.1/../../../../arm-none-eabi/lib/thumb/v7-m/nofp\libg.a(lib_a-memset.o)
                0x0800a130                memset
 .text.__malloc_lock
                0x0800a1d0        0xc d:/place_for_installation/gcc_arm_none_eabi/gcc-arm-none-eabi-9-2019-q4-major-win32/bin/../lib/gcc/arm-none-eabi/9.2.1/../../../../arm-none-eabi/lib/thumb/v7-m/nofp\libg.a(lib_a-mlock.o)
                0x0800a1d0                __malloc_lock
 .text.__malloc_unlock
                0x0800a1dc        0xc d:/place_for_installation/gcc_arm_none_eabi/gcc-arm-none-eabi-9-2019-q4-major-win32/bin/../lib/gcc/arm-none-eabi/9.2.1/../../../../arm-none-eabi/lib/thumb/v7-m/nofp\libg.a(lib_a-mlock.o)
                0x0800a1dc                __malloc_unlock
 .text.printf   0x0800a1e8       0x28 d:/place_for_installation/gcc_arm_none_eabi/gcc-arm-none-eabi-9-2019-q4-major-win32/bin/../lib/gcc/arm-none-eabi/9.2.1/../../../../arm-none-eabi/lib/thumb/v7-m/nofp\libg.a(lib_a-printf.o)
                0x0800a1e8                printf
 .text._puts_r  0x0800a210       0x9c d:/place_for_installation/gcc_arm_none_eabi/gcc-arm-none-eabi-9-2019-q4-major-win32/bin/../lib/gcc/arm-none-eabi/9.2.1/../../../../arm-none-eabi/lib/thumb/v7-m/nofp\libg.a(lib_a-puts.o)
                0x0800a210                _puts_r
 .text.puts     0x0800a2ac       0x10 d:/place_for_installation/gcc_arm_none_eabi/gcc-arm-none-eabi-9-2019-q4-major-win32/bin/../lib/gcc/arm-none-eabi/9.2.1/../../../../arm-none-eabi/lib/thumb/v7-m/nofp\libg.a(lib_a-puts.o)
                0x0800a2ac                puts
 .text._sbrk_r  0x0800a2bc       0x24 d:/place_for_installation/gcc_arm_none_eabi/gcc-arm-none-eabi-9-2019-q4-major-win32/bin/../lib/gcc/arm-none-eabi/9.2.1/../../../../arm-none-eabi/lib/thumb/v7-m/nofp\libg.a(lib_a-sbrkr.o)
                0x0800a2bc                _sbrk_r
 .text.setvbuf  0x0800a2e0      0x1a0 d:/place_for_installation/gcc_arm_none_eabi/gcc-arm-none-eabi-9-2019-q4-major-win32/bin/../lib/gcc/arm-none-eabi/9.2.1/../../../../arm-none-eabi/lib/thumb/v7-m/nofp\libg.a(lib_a-setvbuf.o)
                0x0800a2e0                setvbuf
 .text._raise_r
                0x0800a480       0x58 d:/place_for_installation/gcc_arm_none_eabi/gcc-arm-none-eabi-9-2019-q4-major-win32/bin/../lib/gcc/arm-none-eabi/9.2.1/../../../../arm-none-eabi/lib/thumb/v7-m/nofp\libg.a(lib_a-signal.o)
                0x0800a480                _raise_r
 .text.raise    0x0800a4d8       0x10 d:/place_for_installation/gcc_arm_none_eabi/gcc-arm-none-eabi-9-2019-q4-major-win32/bin/../lib/gcc/arm-none-eabi/9.2.1/../../../../arm-none-eabi/lib/thumb/v7-m/nofp\libg.a(lib_a-signal.o)
                0x0800a4d8                raise
 .text._kill_r  0x0800a4e8       0x2c d:/place_for_installation/gcc_arm_none_eabi/gcc-arm-none-eabi-9-2019-q4-major-win32/bin/../lib/gcc/arm-none-eabi/9.2.1/../../../../arm-none-eabi/lib/thumb/v7-m/nofp\libg.a(lib_a-signalr.o)
                0x0800a4e8                _kill_r
 .text._getpid_r
                0x0800a514        0x4 d:/place_for_installation/gcc_arm_none_eabi/gcc-arm-none-eabi-9-2019-q4-major-win32/bin/../lib/gcc/arm-none-eabi/9.2.1/../../../../arm-none-eabi/lib/thumb/v7-m/nofp\libg.a(lib_a-signalr.o)
                0x0800a514                _getpid_r
 .text.sscanf   0x0800a518       0x58 d:/place_for_installation/gcc_arm_none_eabi/gcc-arm-none-eabi-9-2019-q4-major-win32/bin/../lib/gcc/arm-none-eabi/9.2.1/../../../../arm-none-eabi/lib/thumb/v7-m/nofp\libg.a(lib_a-sscanf.o)
                0x0800a518                sscanf
 .text.__sread  0x0800a570       0x24 d:/place_for_installation/gcc_arm_none_eabi/gcc-arm-none-eabi-9-2019-q4-major-win32/bin/../lib/gcc/arm-none-eabi/9.2.1/../../../../arm-none-eabi/lib/thumb/v7-m/nofp\libg.a(lib_a-stdio.o)
                0x0800a570                __sread
 .text.__seofread
                0x0800a594        0x4 d:/place_for_installation/gcc_arm_none_eabi/gcc-arm-none-eabi-9-2019-q4-major-win32/bin/../lib/gcc/arm-none-eabi/9.2.1/../../../../arm-none-eabi/lib/thumb/v7-m/nofp\libg.a(lib_a-stdio.o)
                0x0800a594                __seofread
 .text.__swrite
                0x0800a598       0x40 d:/place_for_installation/gcc_arm_none_eabi/gcc-arm-none-eabi-9-2019-q4-major-win32/bin/../lib/gcc/arm-none-eabi/9.2.1/../../../../arm-none-eabi/lib/thumb/v7-m/nofp\libg.a(lib_a-stdio.o)
                0x0800a598                __swrite
 .text.__sseek  0x0800a5d8       0x20 d:/place_for_installation/gcc_arm_none_eabi/gcc-arm-none-eabi-9-2019-q4-major-win32/bin/../lib/gcc/arm-none-eabi/9.2.1/../../../../arm-none-eabi/lib/thumb/v7-m/nofp\libg.a(lib_a-stdio.o)
                0x0800a5d8                __sseek
 .text.__sclose
                0x0800a5f8        0x8 d:/place_for_installation/gcc_arm_none_eabi/gcc-arm-none-eabi-9-2019-q4-major-win32/bin/../lib/gcc/arm-none-eabi/9.2.1/../../../../arm-none-eabi/lib/thumb/v7-m/nofp\libg.a(lib_a-stdio.o)
                0x0800a5f8                __sclose
 .text.strlen   0x0800a600       0x5c d:/place_for_installation/gcc_arm_none_eabi/gcc-arm-none-eabi-9-2019-q4-major-win32/bin/../lib/gcc/arm-none-eabi/9.2.1/../../../../arm-none-eabi/lib/thumb/v7-m/nofp\libg.a(lib_a-strlen-stub.o)
                0x0800a600                strlen
 .text.__ssvfscanf_r
                0x0800a65c     0x16a4 d:/place_for_installation/gcc_arm_none_eabi/gcc-arm-none-eabi-9-2019-q4-major-win32/bin/../lib/gcc/arm-none-eabi/9.2.1/../../../../arm-none-eabi/lib/thumb/v7-m/nofp\libg.a(lib_a-svfscanf.o)
                0x0800a65c                __ssvfscanf_r
 .text._vfprintf_r
                0x0800bd00     0x1c18 d:/place_for_installation/gcc_arm_none_eabi/gcc-arm-none-eabi-9-2019-q4-major-win32/bin/../lib/gcc/arm-none-eabi/9.2.1/../../../../arm-none-eabi/lib/thumb/v7-m/nofp\libg.a(lib_a-vfprintf.o)
                0x0800bd00                _vfprintf_r
 .text.__sbprintf
                0x0800d918       0x88 d:/place_for_installation/gcc_arm_none_eabi/gcc-arm-none-eabi-9-2019-q4-major-win32/bin/../lib/gcc/arm-none-eabi/9.2.1/../../../../arm-none-eabi/lib/thumb/v7-m/nofp\libg.a(lib_a-vfprintf.o)
 .text._write_r
                0x0800d9a0       0x2c d:/place_for_installation/gcc_arm_none_eabi/gcc-arm-none-eabi-9-2019-q4-major-win32/bin/../lib/gcc/arm-none-eabi/9.2.1/../../../../arm-none-eabi/lib/thumb/v7-m/nofp\libg.a(lib_a-writer.o)
                0x0800d9a0                _write_r
 .text.__swsetup_r
                0x0800d9cc       0xd0 d:/place_for_installation/gcc_arm_none_eabi/gcc-arm-none-eabi-9-2019-q4-major-win32/bin/../lib/gcc/arm-none-eabi/9.2.1/../../../../arm-none-eabi/lib/thumb/v7-m/nofp\libg.a(lib_a-wsetup.o)
                0x0800d9cc                __swsetup_r
 .text.startup.register_fini