Archive member included to satisfy reference by file (symbol)

d:/place_for_installation/gcc_arm_none_eabi/gcc-arm-none-eabi-9-2019-q4-major-win32/bin/../lib/gcc/arm-none-eabi/9.2.1/../../../../arm-none-eabi/lib/thumb/v7-m/nofp\libstdc++.a(class_type_info.o)
                              CMakeFiles/STM32F03CBT6.elf.dir/Ctrl/Driver/tb67h450_base.cpp.obj (vtable for __cxxabiv1::__class_type_info)
d:/place_for_installation/gcc_arm_none_eabi/gcc-arm-none-eabi-9-2019-q4-major-win32/bin/../lib/gcc/arm-none-eabi/9.2.1/../../../../arm-none-eabi/lib/thumb/v7-m/nofp\libstdc++.a(del_ops.o)
                              d:/place_for_installation/gcc_arm_none_eabi/gcc-arm-none-eabi-9-2019-q4-major-win32/bin/../lib/gcc/arm-none-eabi/9.2.1/../../../../arm-none-eabi/lib/thumb/v7-m/nofp\libstdc++.a(class_type_info.o) (operator delete(void*, unsigned int))
d:/place_for_installation/gcc_arm_none_eabi/gcc-arm-none-eabi-9-2019-q4-major-win32/bin/../lib/gcc/arm-none-eabi/9.2.1/../../../../arm-none-eabi/lib/thumb/v7-m/nofp\libstdc++.a(si_class_type_info.o)
                              CMakeFiles/STM32F03CBT6.elf.dir/Ctrl/Driver/tb67h450_base.cpp.obj (vtable for __cxxabiv1::__si_class_type_info)
d:/place_for_installation/gcc_arm_none_eabi/gcc-arm-none-eabi-9-2019-q4-major-win32/bin/../lib/gcc/arm-none-eabi/9.2.1/../../../../arm-none-eabi/lib/thumb/v7-m/nofp\libstdc++.a(tinfo.o)
                              d:/place_for_installation/gcc_arm_none_eabi/gcc-arm-none-eabi-9-2019-q4-major-win32/bin/../lib/gcc/arm-none-eabi/9.2.1/../../../../arm-none-eabi/lib/thumb/v7-m/nofp\libstdc++.a(class_type_info.o) (std::type_info::~type_info())
d:/place_for_installation/gcc_arm_none_eabi/gcc-arm-none-eabi-9-2019-q4-major-win32/bin/../lib/gcc/arm-none-eabi/9.2.1/../../../../arm-none-eabi/lib/thumb/v7-m/nofp\libstdc++.a(del_op.o)
                              d:/place_for_installation/gcc_arm_none_eabi/gcc-arm-none-eabi-9-2019-q4-major-win32/bin/../lib/gcc/arm-none-eabi/9.2.1/../../../../arm-none-eabi/lib/thumb/v7-m/nofp\libstdc++.a(del_ops.o) (operator delete(void*))
d:/place_for_installation/gcc_arm_none_eabi/gcc-arm-none-eabi-9-2019-q4-major-win32/bin/../lib/gcc/arm-none-eabi/9.2.1/../../../../arm-none-eabi/lib/thumb/v7-m/nofp\libm.a(lib_a-w_log.o)
                              CMakeFiles/STM32F03CBT6.elf.dir/Core/Src/adc.c.obj (log)
d:/place_for_installation/gcc_arm_none_eabi/gcc-arm-none-eabi-9-2019-q4-major-win32/bin/../lib/gcc/arm-none-eabi/9.2.1/../../../../arm-none-eabi/lib/thumb/v7-m/nofp\libm.a(lib_a-wf_sqrt.o)
                              CMakeFiles/STM32F03CBT6.elf.dir/Ctrl/Motor/motor.cpp.obj (sqrtf)
d:/place_for_installation/gcc_arm_none_eabi/gcc-arm-none-eabi-9-2019-q4-major-win32/bin/../lib/gcc/arm-none-eabi/9.2.1/../../../../arm-none-eabi/lib/thumb/v7-m/nofp\libm.a(lib_a-e_log.o)
                              d:/place_for_installation/gcc_arm_none_eabi/gcc-arm-none-eabi-9-2019-q4-major-win32/bin/../lib/gcc/arm-none-eabi/9.2.1/../../../../arm-none-eabi/lib/thumb/v7-m/nofp\libm.a(lib_a-w_log.o) (__ieee754_log)
d:/place_for_installation/gcc_arm_none_eabi/gcc-arm-none-eabi-9-2019-q4-major-win32/bin/../lib/gcc/arm-none-eabi/9.2.1/../../../../arm-none-eabi/lib/thumb/v7-m/nofp\libm.a(lib_a-ef_sqrt.o)
                              d:/place_for_installation/gcc_arm_none_eabi/gcc-arm-none-eabi-9-2019-q4-major-win32/bin/../lib/gcc/arm-none-eabi/9.2.1/../../../../arm-none-eabi/lib/thumb/v7-m/nofp\libm.a(lib_a-wf_sqrt.o) (__ieee754_sqrtf)
d:/place_for_installation/gcc_arm_none_eabi/gcc-arm-none-eabi-9-2019-q4-major-win32/bin/../lib/gcc/arm-none-eabi/9.2.1/../../../../arm-none-eabi/lib/thumb/v7-m/nofp\libm.a(lib_a-s_lib_ver.o)
                              d:/place_for_installation/gcc_arm_none_eabi/gcc-arm-none-eabi-9-2019-q4-major-win32/bin/../lib/gcc/arm-none-eabi/9.2.1/../../../../arm-none-eabi/lib/thumb/v7-m/nofp\libm.a(lib_a-w_log.o) (__fdlib_version)
d:/place_for_installation/gcc_arm_none_eabi/gcc-arm-none-eabi-9-2019-q4-major-win32/bin/../lib/gcc/arm-none-eabi/9.2.1/../../../../arm-none-eabi/lib/thumb/v7-m/nofp\libm.a(lib_a-s_matherr.o)
                              d:/place_for_installation/gcc_arm_none_eabi/gcc-arm-none-eabi-9-2019-q4-major-win32/bin/../lib/gcc/arm-none-eabi/9.2.1/../../../../arm-none-eabi/lib/thumb/v7-m/nofp\libm.a(lib_a-w_log.o) (matherr)
d:/place_for_installation/gcc_arm_none_eabi/gcc-arm-none-eabi-9-2019-q4-major-win32/bin/../lib/gcc/arm-none-eabi/9.2.1/../../../../arm-none-eabi/lib/thumb/v7-m/nofp\libm.a(lib_a-s_nan.o)
                              d:/place_for_installation/gcc_arm_none_eabi/gcc-arm-none-eabi-9-2019-q4-major-win32/bin/../lib/gcc/arm-none-eabi/9.2.1/../../../../arm-none-eabi/lib/thumb/v7-m/nofp\libm.a(lib_a-w_log.o) (nan)
d:/place_for_installation/gcc_arm_none_eabi/gcc-arm-none-eabi-9-2019-q4-major-win32/bin/../lib/gcc/arm-none-eabi/9.2.1/thumb/v7-m/nofp\libgcc.a(_arm_muldf3.o)
                              CMakeFiles/STM32F03CBT6.elf.dir/Core/Src/adc.c.obj (__aeabi_dmul)
[...]
Memory Configuration

Name             Origin             Length             Attributes
RAM              0x20000000         0x00005000         xrw
FLASH            0x08000000         0x00020000         xr
*default*        0x00000000         0xffffffff

Linker script and memory map

LOAD d:/place_for_installation/gcc_arm_none_eabi/gcc-arm-none-eabi-9-2019-q4-major-win32/bin/../lib/gcc/arm-none-eabi/9.2.1/thumb/v7-m/nofp/crti.o
LOAD d:/place_for_installation/gcc_arm_none_eabi/gcc-arm-none-eabi-9-2019-q4-major-win32/bin/../lib/gcc/arm-none-eabi/9.2.1/thumb/v7-m/nofp/crtbegin.o
LOAD d:/place_for_installation/gcc_arm_none_eabi/gcc-arm-none-eabi-9-2019-q4-major-win32/bin/../lib/gcc/arm-none-eabi/9.2.1/../../../../arm-none-eabi/lib/thumb/v7-m/nofp/crt0.o
LOAD CMakeFiles/STM32F03CBT6.elf.dir/Core/Src/adc.c.obj
LOAD CMakeFiles/STM32F03CBT6.elf.dir/Core/Src/can.c.obj
LOAD CMakeFiles/STM32F03CBT6.elf.dir/Core/Src/dma.c.obj
LOAD CMakeFiles/STM32F03CBT6.elf.dir/Core/Src/gpio.c.obj
LOAD CMakeFiles/STM32F03CBT6.elf.dir/Core/Src/main.c.obj
LOAD CMakeFiles/STM32F03CBT6.elf.dir/Core/Src/spi.c.obj
LOAD CMakeFiles/STM32F03CBT6.elf.dir/Core/Src/stm32f1xx_hal_msp.c.obj
LOAD CMakeFiles/STM32F03CBT6.elf.dir/Core/Src/stm32f1xx_it.c.obj
LOAD CMakeFiles/STM32F03CBT6.elf.dir/Core/Src/syscalls.c.obj
LOAD CMakeFiles/STM32F03CBT6.elf.dir/Core/Src/sysmem.c.obj
LOAD CMakeFiles/STM32F03CBT6.elf.dir/Core/Src/system_stm32f1xx.c.obj
LOAD CMakeFiles/STM32F03CBT6.elf.dir/Core/Src/tim.c.obj
LOAD CMakeFiles/STM32F03CBT6.elf.dir/Core/Src/usart.c.obj
LOAD CMakeFiles/STM32F03CBT6.elf.dir/Core/Startup/startup_stm32f103cbtx.s.obj
LOAD CMakeFiles/STM32F03CBT6.elf.dir/Ctrl/Driver/tb67h450_base.cpp.obj
LOAD CMakeFiles/STM32F03CBT6.elf.dir/Ctrl/Motor/motion_planner.cpp.obj
LOAD CMakeFiles/STM32F03CBT6.elf.dir/Ctrl/Motor/motor.cpp.obj
LOAD CMakeFiles/STM32F03CBT6.elf.dir/Ctrl/Sensor/Encoder/encoder_calibrator_base.cpp.obj
LOAD CMakeFiles/STM32F03CBT6.elf.dir/Ctrl/Sensor/Encoder/mt6816_base.cpp.obj
LOAD CMakeFiles/STM32F03CBT6.elf.dir/Ctrl/Signal/button_base.cpp.obj
LOAD CMakeFiles/STM32F03CBT6.elf.dir/Ctrl/Signal/led_base.cpp.obj
LOAD CMakeFiles/STM32F03CBT6.elf.dir/Drivers/STM32F1xx_HAL_Driver/Src/stm32f1xx_hal.c.obj
LOAD CMakeFiles/STM32F03CBT6.elf.dir/Drivers/STM32F1xx_HAL_Driver/Src/stm32f1xx_hal_adc.c.obj
LOAD CMakeFiles/STM32F03CBT6.elf.dir/Drivers/STM32F1xx_HAL_Driver/Src/stm32f1xx_hal_adc_ex.c.obj
LOAD CMakeFiles/STM32F03CBT6.elf.dir/Drivers/STM32F1xx_HAL_Driver/Src/stm32f1xx_hal_can.c.obj
LOAD CMakeFiles/STM32F03CBT6.elf.dir/Drivers/STM32F1xx_HAL_Driver/Src/stm32f1xx_hal_cortex.c.obj
LOAD CMakeFiles/STM32F03CBT6.elf.dir/Drivers/STM32F1xx_HAL_Driver/Src/stm32f1xx_hal_dma.c.obj
LOAD CMakeFiles/STM32F03CBT6.elf.dir/Drivers/STM32F1xx_HAL_Driver/Src/stm32f1xx_hal_exti.c.obj
LOAD CMakeFiles/STM32F03CBT6.elf.dir/Drivers/STM32F1xx_HAL_Driver/Src/stm32f1xx_hal_flash.c.obj
LOAD CMakeFiles/STM32F03CBT6.elf.dir/Drivers/STM32F1xx_HAL_Driver/Src/stm32f1xx_hal_flash_ex.c.obj
LOAD CMakeFiles/STM32F03CBT6.elf.dir/Drivers/STM32F1xx_HAL_Driver/Src/stm32f1xx_hal_gpio.c.obj
LOAD CMakeFiles/STM32F03CBT6.elf.dir/Drivers/STM32F1xx_HAL_Driver/Src/stm32f1xx_hal_gpio_ex.c.obj
LOAD CMakeFiles/STM32F03CBT6.elf.dir/Drivers/STM32F1xx_HAL_Driver/Src/stm32f1xx_hal_pwr.c.obj
LOAD CMakeFiles/STM32F03CBT6.elf.dir/Drivers/STM32F1xx_HAL_Driver/Src/stm32f1xx_hal_rcc.c.obj
LOAD CMakeFiles/STM32F03CBT6.elf.dir/Drivers/STM32F1xx_HAL_Driver/Src/stm32f1xx_hal_rcc_ex.c.obj
LOAD CMakeFiles/STM32F03CBT6.elf.dir/Drivers/STM32F1xx_HAL_Driver/Src/stm32f1xx_hal_spi.c.obj
LOAD CMakeFiles/STM32F03CBT6.elf.dir/Drivers/STM32F1xx_HAL_Driver/Src/stm32f1xx_hal_tim.c.obj
LOAD CMakeFiles/STM32F03CBT6.elf.dir/Drivers/STM32F1xx_HAL_Driver/Src/stm32f1xx_hal_tim_ex.c.obj
LOAD CMakeFiles/STM32F03CBT6.elf.dir/Drivers/STM32F1xx_HAL_Driver/Src/stm32f1xx_hal_uart.c.obj
LOAD CMakeFiles/STM32F03CBT6.elf.dir/Port/Platform/Memory/emulated_eeprom.cpp.obj
LOAD CMakeFiles/STM32F03CBT6.elf.dir/Port/Platform/Memory/stockpile_f103cb.c.obj
LOAD CMakeFiles/STM32F03CBT6.elf.dir/Port/Platform/Utils/st_hardware.c.obj
LOAD CMakeFiles/STM32F03CBT6.elf.dir/Port/Platform/retarget.c.obj
LOAD CMakeFiles/STM32F03CBT6.elf.dir/Port/button_stm32.cpp.obj
LOAD CMakeFiles/STM32F03CBT6.elf.dir/Port/encoder_calibrator_stm32.cpp.obj
LOAD CMakeFiles/STM32F03CBT6.elf.dir/Port/led_stm32.cpp.obj
LOAD CMakeFiles/STM32F03CBT6.elf.dir/Port/mt6816_stm32.cpp.obj
LOAD CMakeFiles/STM32F03CBT6.elf.dir/Port/tb67h450_stm32.cpp.obj
LOAD CMakeFiles/STM32F03CBT6.elf.dir/UserApp/main.cpp.obj
LOAD CMakeFiles/STM32F03CBT6.elf.dir/UserApp/protocols/interface_can.cpp.obj
LOAD CMakeFiles/STM32F03CBT6.elf.dir/UserApp/protocols/interface_uart.cpp.obj
LOAD d:/place_for_installation/gcc_arm_none_eabi/gcc-arm-none-eabi-9-2019-q4-major-win32/bin/../lib/gcc/arm-none-eabi/9.2.1/../../../../arm-none-eabi/lib/thumb/v7-m/nofp\libstdc++.a
LOAD d:/place_for_installation/gcc_arm_none_eabi/gcc-arm-none-eabi-9-2019-q4-major-win32/bin/../lib/gcc/arm-none-eabi/9.2.1/../../../../arm-none-eabi/lib/thumb/v7-m/nofp\libm.a
START GROUP
LOAD d:/place_for_installation/gcc_arm_none_eabi/gcc-arm-none-eabi-9-2019-q4-major-win32/bin/../lib/gcc/arm-none-eabi/9.2.1/thumb/v7-m/nofp\libgcc.a
LOAD d:/place_for_installation/gcc_arm_none_eabi/gcc-arm-none-eabi-9-2019-q4-major-win32/bin/../lib/gcc/arm-none-eabi/9.2.1/../../../../arm-none-eabi/lib/thumb/v7-m/nofp\libg.a
LOAD d:/place_for_installation/gcc_arm_none_eabi/gcc-arm-none-eabi-9-2019-q4-major-win32/bin/../lib/gcc/arm-none-eabi/9.2.1/../../../../arm-none-eabi/lib/thumb/v7-m/nofp\libc.a
END GROUP
LOAD d:/place_for_installation/gcc_arm_none_eabi/gcc-arm-none-eabi-9-2019-q4-major-win32/bin/../lib/gcc/arm-none-eabi/9.2.1/thumb/v7-m/nofp/crtend.o
LOAD d:/place_for_installation/gcc_arm_none_eabi/gcc-arm-none-eabi-9-2019-q4-major-win32/bin/../lib/gcc/arm-none-eabi/9.2.1/thumb/v7-m/nofp/crtn.o
                0x20005000                _estack = (ORIGIN (RAM) + LENGTH (RAM))
                0x00000200                _Min_Heap_Size = 0x200
                0x00000400                _Min_Stack_Size = 0x400

.isr_vector     0x08000000      0x10c
                0x08000000                . = ALIGN (0x4)
 *(.isr_vector)
 .isr_vector    0x08000000      0x10c CMakeFiles/STM32F03CBT6.elf.dir/Core/Startup/startup_stm32f103cbtx.s.obj
                0x08000000                g_pfnVectors
                0x0800010c                . = ALIGN (0x4)

.text           0x08000110    0x14604
                0x08000110                . = ALIGN (0x4)
 *(.text)
 .text          0x08000110       0x40 d:/place_for_installation/gcc_arm_none_eabi/gcc-arm-none-eabi-9-2019-q4-major-win32/bin/../lib/gcc/arm-none-eabi/9.2.1/thumb/v7-m/nofp/crtbegin.o
 .text          0x08000150      0x378 d:/place_for_installation/gcc_arm_none_eabi/gcc-arm-none-eabi-9-2019-q4-major-win32/bin/../lib/gcc/arm-none-eabi/9.2.1/thumb/v7-m/nofp\libgcc.a(_arm_addsubdf3.o)
                0x08000150                __aeabi_drsub
                0x08000158                __aeabi_dsub
                0x08000158                __subdf3
                0x0800015c                __aeabi_dadd
                0x0800015c                __adddf3
                0x080003d4                __floatunsidf
                0x080003d4                __aeabi_ui2d
                0x080003f4                __floatsidf
                0x080003f4                __aeabi_i2d
                0x08000418                __aeabi_f2d
                0x08000418                __extendsfdf2
                0x0800045c                __floatundidf
                0x0800045c                __aeabi_ul2d
                0x0800046c                __floatdidf
                0x0800046c                __aeabi_l2d
 .text          0x080004c8      0x424 d:/place_for_installation/gcc_arm_none_eabi/gcc-arm-none-eabi-9-2019-q4-major-win32/bin/../lib/gcc/arm-none-eabi/9.2.1/thumb/v7-m/nofp\libgcc.a(_arm_muldivdf3.o)
                0x080004c8                __aeabi_dmul
                0x080004c8                __muldf3
                0x0800071c                __divdf3
                0x0800071c                __aeabi_ddiv
 .text          0x080008ec      0x110 d:/place_for_installation/gcc_arm_none_eabi/gcc-arm-none-eabi-9-2019-q4-major-win32/bin/../lib/gcc/arm-none-eabi/9.2.1/thumb/v7-m/nofp\libgcc.a(_arm_cmpdf2.o)
                0x080008ec                __gtdf2
                0x080008ec                __gedf2
                0x080008f4                __ltdf2
                0x080008f4                __ledf2
                0x080008fc                __nedf2
                0x080008fc                __eqdf2
                0x080008fc                __cmpdf2
                0x08000978                __aeabi_cdrcmple
                0x08000988                __aeabi_cdcmpeq
                0x08000988                __aeabi_cdcmple
                0x08000998                __aeabi_dcmpeq
                0x080009ac                __aeabi_dcmplt
                0x080009c0                __aeabi_dcmple
                0x080009d4                __aeabi_dcmpge
                0x080009e8                __aeabi_dcmpgt
 .text          0x080009fc       0x2c d:/place_for_installation/gcc_arm_none_eabi/gcc-arm-none-eabi-9-2019-q4-major-win32/bin/../lib/gcc/arm-none-eabi/9.2.1/thumb/v7-m/nofp\libgcc.a(_arm_unorddf2.o)
                0x080009fc                __unorddf2
                0x080009fc                __aeabi_dcmpun
 .text          0x08000a28       0xa0 d:/place_for_installation/gcc_arm_none_eabi/gcc-arm-none-eabi-9-2019-q4-major-win32/bin/../lib/gcc/arm-none-eabi/9.2.1/thumb/v7-m/nofp\libgcc.a(_arm_truncdfsf2.o)
                0x08000a28                __truncdfsf2
                0x08000a28                __aeabi_d2f
 .text          0x08000ac8      0x21c d:/place_for_installation/gcc_arm_none_eabi/gcc-arm-none-eabi-9-2019-q4-major-win32/bin/../lib/gcc/arm-none-eabi/9.2.1/thumb/v7-m/nofp\libgcc.a(_arm_addsubsf3.o)
                0x08000ac8                __aeabi_frsub
                0x08000ad0                __subsf3
                0x08000ad0                __aeabi_fsub
                0x08000ad4                __aeabi_fadd
                0x08000ad4                __addsf3
                0x08000c34                __aeabi_ui2f
                0x08000c34                __floatunsisf
                0x08000c3c                __aeabi_i2f
                0x08000c3c                __floatsisf
                0x08000c58                __aeabi_ul2f
                0x08000c58                __floatundisf
                0x08000c68                __aeabi_l2f
                0x08000c68                __floatdisf
 .text          0x08000ce4      0x2a0 d:/place_for_installation/gcc_arm_none_eabi/gcc-arm-none-eabi-9-2019-q4-major-win32/bin/../lib/gcc/arm-none-eabi/9.2.1/thumb/v7-m/nofp\libgcc.a(_arm_muldivsf3.o)
                0x08000ce4                __mulsf3
                0x08000ce4                __aeabi_fmul
                0x08000e4c                __aeabi_fdiv
                0x08000e4c                __divsf3
 .text          0x08000f84       0xec d:/place_for_installation/gcc_arm_none_eabi/gcc-arm-none-eabi-9-2019-q4-major-win32/bin/../lib/gcc/arm-none-eabi/9.2.1/thumb/v7-m/nofp\libgcc.a(_arm_cmpsf2.o)
                0x08000f84                __gesf2
                0x08000f84                __gtsf2
                0x08000f8c                __lesf2
                0x08000f8c                __ltsf2
                0x08000f94                __nesf2
                0x08000f94                __eqsf2
                0x08000f94                __cmpsf2
                0x08000ff4                __aeabi_cfrcmple
                0x08000ffc                __aeabi_cfcmpeq
                0x08000ffc                __aeabi_cfcmple
                0x0800100c                __aeabi_fcmpeq
                0x08001020                __aeabi_fcmplt
                0x08001034                __aeabi_fcmple
                0x08001048                __aeabi_fcmpge
                0x0800105c                __aeabi_fcmpgt
 .text          0x08001070       0x2c d:/place_for_installation/gcc_arm_none_eabi/gcc-arm-none-eabi-9-2019-q4-major-win32/bin/../lib/gcc/arm-none-eabi/9.2.1/thumb/v7-m/nofp\libgcc.a(_arm_unordsf2.o)
                0x08001070                __unordsf2
                0x08001070                __aeabi_fcmpun
 .text          0x0800109c       0x4c d:/place_for_installation/gcc_arm_none_eabi/gcc-arm-none-eabi-9-2019-q4-major-win32/bin/../lib/gcc/arm-none-eabi/9.2.1/thumb/v7-m/nofp\libgcc.a(_arm_fixsfsi.o)
                0x0800109c                __aeabi_f2iz
                0x0800109c                __fixsfsi
 .text          0x080010e8      0x9a8 d:/place_for_installation/gcc_arm_none_eabi/gcc-arm-none-eabi-9-2019-q4-major-win32/bin/../lib/gcc/arm-none-eabi/9.2.1/thumb/v7-m/nofp\libgcc.a(unwind-arm.o)
                0x0800138c                _Unwind_GetCFA
                0x08001390                __gnu_Unwind_RaiseException
                0x080013f0                __gnu_Unwind_ForcedUnwind
                0x08001404                __gnu_Unwind_Resume
                0x08001448                __gnu_Unwind_Resume_or_Rethrow
                0x0800145c                _Unwind_Complete
                0x08001460                _Unwind_DeleteException
                0x0800146c                _Unwind_VRS_Get
                0x080014b4                _Unwind_VRS_Set
                0x08001500                __gnu_Unwind_Backtrace
                0x0800181c                __aeabi_unwind_cpp_pr0
                0x08001820                __aeabi_unwind_cpp_pr1
                0x08001824                __aeabi_unwind_cpp_pr2
                0x08001828                _Unwind_VRS_Pop
 .text          0x08001a90      0x1ac d:/place_for_installation/gcc_arm_none_eabi/gcc-arm-none-eabi-9-2019-q4-major-win32/bin/../lib/gcc/arm-none-eabi/9.2.1/thumb/v7-m/nofp\libgcc.a(libunwind.o)
                0x08001a90                __restore_core_regs
                0x08001a90                restore_core_regs
                0x08001aa8                __gnu_Unwind_Restore_VFP
                0x08001ab0                __gnu_Unwind_Save_VFP
                0x08001ab8                __gnu_Unwind_Restore_VFP_D
                0x08001ac0                __gnu_Unwind_Save_VFP_D
                0x08001ac8                __gnu_Unwind_Restore_VFP_D_16_to_31
                0x08001ad0                __gnu_Unwind_Save_VFP_D_16_to_31
                0x08001ad8                __gnu_Unwind_Restore_WMMXD
                0x08001b1c                __gnu_Unwind_Save_WMMXD
                0x08001b60                __gnu_Unwind_Restore_WMMXC
                0x08001b74                __gnu_Unwind_Save_WMMXC
                0x08001b88                ___Unwind_RaiseException
                0x08001b88                _Unwind_RaiseException
                0x08001bac                _Unwind_Resume
                0x08001bac                ___Unwind_Resume
                0x08001bd0                _Unwind_Resume_or_Rethrow
                0x08001bd0                ___Unwind_Resume_or_Rethrow
                0x08001bf4                _Unwind_ForcedUnwind
                0x08001bf4                ___Unwind_ForcedUnwind
                0x08001c18                ___Unwind_Backtrace
                0x08001c18                _Unwind_Backtrace
 .text          0x08001c3c      0x33c d:/place_for_installation/gcc_arm_none_eabi/gcc-arm-none-eabi-9-2019-q4-major-win32/bin/../lib/gcc/arm-none-eabi/9.2.1/thumb/v7-m/nofp\libgcc.a(pr-support.o)
                0x08001c94                __gnu_unwind_execute
                0x08001f30                __gnu_unwind_frame
                0x08001f58                _Unwind_GetRegionStart
                0x08001f64                _Unwind_GetLanguageSpecificData
 .text          0x08001f78       0xec d:/place_for_installation/gcc_arm_none_eabi/gcc-arm-none-eabi-9-2019-q4-major-win32/bin/../lib/gcc/arm-none-eabi/9.2.1/../../../../arm-none-eabi/lib/thumb/v7-m/nofp\libg.a(lib_a-memcpy.o)
                0x08001f78                memcpy
 .text          0x08002064      0x1bc d:/place_for_installation/gcc_arm_none_eabi/gcc-arm-none-eabi-9-2019-q4-major-win32/bin/../lib/gcc/arm-none-eabi/9.2.1/../../../../arm-none-eabi/lib/thumb/v7-m/nofp\libg.a(lib_a-strcmp.o)
                0x08002064                strcmp
 .text          0x08002220       0x50 d:/place_for_installation/gcc_arm_none_eabi/gcc-arm-none-eabi-9-2019-q4-major-win32/bin/../lib/gcc/arm-none-eabi/9.2.1/thumb/v7-m/nofp\libgcc.a(_arm_fixdfsi.o)
                0x08002220                __aeabi_d2iz
                0x08002220                __fixdfsi
 .text          0x08002270       0x40 d:/place_for_installation/gcc_arm_none_eabi/gcc-arm-none-eabi-9-2019-q4-major-win32/bin/../lib/gcc/arm-none-eabi/9.2.1/thumb/v7-m/nofp\libgcc.a(_arm_fixunsdfsi.o)
                0x08002270                __aeabi_d2uiz
                0x08002270                __fixunsdfsi
 .text          0x080022b0       0x30 d:/place_for_installation/gcc_arm_none_eabi/gcc-arm-none-eabi-9-2019-q4-major-win32/bin/../lib/gcc/arm-none-eabi/9.2.1/thumb/v7-m/nofp\libgcc.a(_aeabi_uldivmod.o)
                0x080022b0                __aeabi_uldivmod
 .text          0x080022e0       0x34 d:/place_for_installation/gcc_arm_none_eabi/gcc-arm-none-eabi-9-2019-q4-major-win32/bin/../lib/gcc/arm-none-eabi/9.2.1/thumb/v7-m/nofp\libgcc.a(_fixdfdi.o)
                0x080022e0                __fixdfdi
                0x080022e0                __aeabi_d2lz
 .text          0x08002314       0x3c d:/place_for_installation/gcc_arm_none_eabi/gcc-arm-none-eabi-9-2019-q4-major-win32/bin/../lib/gcc/arm-none-eabi/9.2.1/thumb/v7-m/nofp\libgcc.a(_fixunsdfdi.o)
                0x08002314                __fixunsdfdi
                0x08002314                __aeabi_d2ulz
 .text          0x08002350      0x2c4 d:/place_for_installation/gcc_arm_none_eabi/gcc-arm-none-eabi-9-2019-q4-major-win32/bin/../lib/gcc/arm-none-eabi/9.2.1/thumb/v7-m/nofp\libgcc.a(_udivmoddi4.o)
                0x08002350                __udivmoddi4
 .text          0x08002614        0x4 d:/place_for_installation/gcc_arm_none_eabi/gcc-arm-none-eabi-9-2019-q4-major-win32/bin/../lib/gcc/arm-none-eabi/9.2.1/thumb/v7-m/nofp\libgcc.a(_dvmd_tls.o)
                0x08002614                __aeabi_idiv0
                0x08002614                __aeabi_ldiv0
 *(.text*)
 .text.MX_ADC1_Init
                0x08002618       0x8c CMakeFiles/STM32F03CBT6.elf.dir/Core/Src/adc.c.obj
                0x08002618                MX_ADC1_Init
 .text.HAL_ADC_MspInit
                0x080026a4       0x9c CMakeFiles/STM32F03CBT6.elf.dir/Core/Src/adc.c.obj
                0x080026a4                HAL_ADC_MspInit
 .text.AdcGetChipTemperature
                0x08002740       0x98 CMakeFiles/STM32F03CBT6.elf.dir/Core/Src/adc.c.obj
                0x08002740                AdcGetChipTemperature
 .text.MX_CAN_Init
                0x080027d8       0xa4 CMakeFiles/STM32F03CBT6.elf.dir/Core/Src/can.c.obj
                0x080027d8                MX_CAN_Init
 .text.HAL_CAN_MspInit
                0x0800287c       0xd0 CMakeFiles/STM32F03CBT6.elf.dir/Core/Src/can.c.obj
                0x0800287c                HAL_CAN_MspInit
 .text.CAN_Send
                0x0800294c       0x20 CMakeFiles/STM32F03CBT6.elf.dir/Core/Src/can.c.obj
                0x0800294c                CAN_Send
 .text.HAL_CAN_RxFifo0MsgPendingCallback
                0x0800296c       0x48 CMakeFiles/STM32F03CBT6.elf.dir/Core/Src/can.c.obj
                0x0800296c                HAL_CAN_RxFifo0MsgPendingCallback
 .text.MX_DMA_Init
                0x080029b4       0x54 CMakeFiles/STM32F03CBT6.elf.dir/Core/Src/dma.c.obj
                0x080029b4                MX_DMA_Init
 .text.MX_GPIO_Init
                0x08002a08       0xe4 CMakeFiles/STM32F03CBT6.elf.dir/Core/Src/gpio.c.obj
                0x08002a08                MX_GPIO_Init
 .text.Error_Handler
                0x08002aec        0x4 CMakeFiles/STM32F03CBT6.elf.dir/Core/Src/main.c.obj
                0x08002aec                Error_Handler
 .text.SystemClock_Config
                0x08002af0       0x80 CMakeFiles/STM32F03CBT6.elf.dir/Core/Src/main.c.obj
                0x08002af0                SystemClock_Config
 .text.main     0x08002b70       0x38 CMakeFiles/STM32F03CBT6.elf.dir/Core/Src/main.c.obj
                0x08002b70                main
 .text.MX_SPI1_Init
                0x08002ba8       0x4c CMakeFiles/STM32F03CBT6.elf.dir/Core/Src/spi.c.obj
                0x08002ba8                MX_SPI1_Init
 .text.HAL_SPI_MspInit
                0x08002bf4       0x88 CMakeFiles/STM32F03CBT6.elf.dir/Core/Src/spi.c.obj
                0x08002bf4                HAL_SPI_MspInit
 .text.HAL_MspInit
                0x08002c7c       0x44 CMakeFiles/STM32F03CBT6.elf.dir/Core/Src/stm32f1xx_hal_msp.c.obj
                0x08002c7c                HAL_MspInit
 .text.NMI_Handler
                0x08002cc0        0x2 CMakeFiles/STM32F03CBT6.elf.dir/Core/Src/stm32f1xx_it.c.obj
                0x08002cc0                NMI_Handler
 .text.HardFault_Handler
                0x08002cc2        0x2 CMakeFiles/STM32F03CBT6.elf.dir/Core/Src/stm32f1xx_it.c.obj
                0x08002cc2                HardFault_Handler
 .text.MemManage_Handler
                0x08002cc4        0x2 CMakeFiles/STM32F03CBT6.elf.dir/Core/Src/stm32f1xx_it.c.obj
                0x08002cc4                MemManage_Handler
 .text.BusFault_Handler
                0x08002cc6        0x2 CMakeFiles/STM32F03CBT6.elf.dir/Core/Src/stm32f1xx_it.c.obj
                0x08002cc6                BusFault_Handler
 .text.UsageFault_Handler
                0x08002cc8        0x2 CMakeFiles/STM32F03CBT6.elf.dir/Core/Src/stm32f1xx_it.c.obj
                0x08002cc8                UsageFault_Handler
 .text.SVC_Handler
                0x08002cca        0x2 CMakeFiles/STM32F03CBT6.elf.dir/Core/Src/stm32f1xx_it.c.obj
                0x08002cca                SVC_Handler
 .text.DebugMon_Handler
                0x08002ccc        0x2 CMakeFiles/STM32F03CBT6.elf.dir/Core/Src/stm32f1xx_it.c.obj
                0x08002ccc                DebugMon_Handler
 .text.PendSV_Handler
                0x08002cce        0x2 CMakeFiles/STM32F03CBT6.elf.dir/Core/Src/stm32f1xx_it.c.obj
                0x08002cce                PendSV_Handler
 .text.SysTick_Handler
                0x08002cd0        0x8 CMakeFiles/STM32F03CBT6.elf.dir/Core/Src/stm32f1xx_it.c.obj
                0x08002cd0                SysTick_Handler
 .text.DMA1_Channel1_IRQHandler
                0x08002cd8       0x10 CMakeFiles/STM32F03CBT6.elf.dir/Core/Src/stm32f1xx_it.c.obj
                0x08002cd8                DMA1_Channel1_IRQHandler
 .text.DMA1_Channel4_IRQHandler
                0x08002ce8       0x10 CMakeFiles/STM32F03CBT6.elf.dir/Core/Src/stm32f1xx_it.c.obj
                0x08002ce8                DMA1_Channel4_IRQHandler
 .text.DMA1_Channel5_IRQHandler
                0x08002cf8       0x10 CMakeFiles/STM32F03CBT6.elf.dir/Core/Src/stm32f1xx_it.c.obj
                0x08002cf8                DMA1_Channel5_IRQHandler
 .text.USB_HP_CAN1_TX_IRQHandler
                0x08002d08       0x10 CMakeFiles/STM32F03CBT6.elf.dir/Core/Src/stm32f1xx_it.c.obj
                0x08002d08                USB_HP_CAN1_TX_IRQHandler
 .text.USB_LP_CAN1_RX0_IRQHandler
                0x08002d18       0x10 CMakeFiles/STM32F03CBT6.elf.dir/Core/Src/stm32f1xx_it.c.obj
                0x08002d18                USB_LP_CAN1_RX0_IRQHandler
 .text.CAN1_RX1_IRQHandler
                0x08002d28       0x10 CMakeFiles/STM32F03CBT6.elf.dir/Core/Src/stm32f1xx_it.c.obj
                0x08002d28                CAN1_RX1_IRQHandler
 .text.CAN1_SCE_IRQHandler
                0x08002d38       0x10 CMakeFiles/STM32F03CBT6.elf.dir/Core/Src/stm32f1xx_it.c.obj
                0x08002d38                CAN1_SCE_IRQHandler
 .text.TIM1_UP_IRQHandler
                0x08002d48        0x8 CMakeFiles/STM32F03CBT6.elf.dir/Core/Src/stm32f1xx_it.c.obj
                0x08002d48                TIM1_UP_IRQHandler
 .text.TIM3_IRQHandler
                0x08002d50        0x8 CMakeFiles/STM32F03CBT6.elf.dir/Core/Src/stm32f1xx_it.c.obj
                0x08002d50                TIM3_IRQHandler
 .text.TIM4_IRQHandler
                0x08002d58        0x8 CMakeFiles/STM32F03CBT6.elf.dir/Core/Src/stm32f1xx_it.c.obj
                0x08002d58                TIM4_IRQHandler
 .text.USART1_IRQHandler
                0x08002d60       0x78 CMakeFiles/STM32F03CBT6.elf.dir/Core/Src/stm32f1xx_it.c.obj
                0x08002d60                USART1_IRQHandler
 .text._getpid  0x08002dd8        0x4 CMakeFiles/STM32F03CBT6.elf.dir/Core/Src/syscalls.c.obj
                0x08002dd8                _getpid
 .text._kill    0x08002ddc       0x10 CMakeFiles/STM32F03CBT6.elf.dir/Core/Src/syscalls.c.obj
                0x08002ddc                _kill
 .text._exit    0x08002dec        0xc CMakeFiles/STM32F03CBT6.elf.dir/Core/Src/syscalls.c.obj
                0x08002dec                _exit
 .text._sbrk    0x08002df8       0x48 CMakeFiles/STM32F03CBT6.elf.dir/Core/Src/sysmem.c.obj
                0x08002df8                _sbrk
 .text.SystemInit
                0x08002e40        0x2 CMakeFiles/STM32F03CBT6.elf.dir/Core/Src/system_stm32f1xx.c.obj
                0x08002e40                SystemInit
 *fill*         0x08002e42        0x2 
 .text.MX_TIM1_Init
                0x08002e44       0x74 CMakeFiles/STM32F03CBT6.elf.dir/Core/Src/tim.c.obj
                0x08002e44                MX_TIM1_Init
 .text.MX_TIM3_Init
                0x08002eb8       0x70 CMakeFiles/STM32F03CBT6.elf.dir/Core/Src/tim.c.obj
                0x08002eb8                MX_TIM3_Init
 .text.MX_TIM4_Init
                0x08002f28       0x70 CMakeFiles/STM32F03CBT6.elf.dir/Core/Src/tim.c.obj
                0x08002f28                MX_TIM4_Init
 .text.HAL_TIM_Base_MspInit
                0x08002f98       0xc0 CMakeFiles/STM32F03CBT6.elf.dir/Core/Src/tim.c.obj
                0x08002f98                HAL_TIM_Base_MspInit
 .text.HAL_TIM_MspPostInit
                0x08003058       0x64 CMakeFiles/STM32F03CBT6.elf.dir/Core/Src/tim.c.obj
                0x08003058                HAL_TIM_MspPostInit
 .text.MX_TIM2_Init
                0x080030bc       0xd0 CMakeFiles/STM32F03CBT6.elf.dir/Core/Src/tim.c.obj
                0x080030bc                MX_TIM2_Init
 .text.HAL_UART_MspInit
                0x0800318c      0x104 CMakeFiles/STM32F03CBT6.elf.dir/Core/Src/usart.c.obj
                0x0800318c                HAL_UART_MspInit
 .text.Uart_SetRxCpltCallBack
                0x08003290        0xc CMakeFiles/STM32F03CBT6.elf.dir/Core/Src/usart.c.obj
                0x08003290                Uart_SetRxCpltCallBack
 .text.MX_USART1_UART_Init
                0x0800329c       0x60 CMakeFiles/STM32F03CBT6.elf.dir/Core/Src/usart.c.obj
                0x0800329c                MX_USART1_UART_Init
 .text.Reset_Handler
                0x080032fc       0x48 CMakeFiles/STM32F03CBT6.elf.dir/Core/Startup/startup_stm32f103cbtx.s.obj
                0x080032fc                Reset_Handler
 .text.Default_Handler
                0x08003344        0x2 CMakeFiles/STM32F03CBT6.elf.dir/Core/Startup/startup_stm32f103cbtx.s.obj
                0x08003344                RTC_Alarm_IRQHandler
                0x08003344                EXTI2_IRQHandler
                0x08003344                TIM1_CC_IRQHandler
                0x08003344                PVD_IRQHandler
                0x08003344                EXTI3_IRQHandler
                0x08003344                EXTI0_IRQHandler
                0x08003344                I2C2_EV_IRQHandler
                0x08003344                ADC1_2_IRQHandler
                0x08003344                SPI1_IRQHandler
                0x08003344                TAMPER_IRQHandler
                0x08003344                USART3_IRQHandler
                0x08003344                RTC_IRQHandler
                0x08003344                DMA1_Channel7_IRQHandler
                0x08003344                I2C1_EV_IRQHandler
                0x08003344                DMA1_Channel6_IRQHandler
                0x08003344                RCC_IRQHandler
                0x08003344                TIM1_TRG_COM_IRQHandler
                0x08003344                Default_Handler
                0x08003344                EXTI15_10_IRQHandler
                0x08003344                EXTI9_5_IRQHandler
                0x08003344                SPI2_IRQHandler
                0x08003344                EXTI4_IRQHandler
                0x08003344                DMA1_Channel3_IRQHandler
                0x08003344                WWDG_IRQHandler
                0x08003344                TIM2_IRQHandler
                0x08003344                TIM1_BRK_IRQHandler
                0x08003344                EXTI1_IRQHandler
                0x08003344                USART2_IRQHandler
                0x08003344                I2C2_ER_IRQHandler
                0x08003344                DMA1_Channel2_IRQHandler
                0x08003344                FLASH_IRQHandler
                0x08003344                I2C1_ER_IRQHandler
                0x08003344                USBWakeUp_IRQHandler
 .text._ZN12TB67H450Base4InitEv
                0x08003346       0x14 CMakeFiles/STM32F03CBT6.elf.dir/Ctrl/Driver/tb67h450_base.cpp.obj
                0x08003346                TB67H450Base::Init()
 *fill*         0x0800335a        0x2 
 .text._ZN12TB67H450Base19SetFocCurrentVectorEml
                0x0800335c       0xd0 CMakeFiles/STM32F03CBT6.elf.dir/Ctrl/Driver/tb67h450_base.cpp.obj
                0x0800335c                TB67H450Base::SetFocCurrentVector(unsigned long, long)
 .text._ZN12TB67H450Base18SetTwoCoilsCurrentEtt
                0x0800342c        0xa CMakeFiles/STM32F03CBT6.elf.dir/Ctrl/Driver/tb67h450_base.cpp.obj
                0x0800342c                TB67H450Base::SetTwoCoilsCurrent(unsigned short, unsigned short)
 .text._ZN12TB67H450Base5SleepEv
                0x08003436       0x2e CMakeFiles/STM32F03CBT6.elf.dir/Ctrl/Driver/tb67h450_base.cpp.obj
                0x08003436                TB67H450Base::Sleep()
 .text._ZN12TB67H450Base5BrakeEv
                0x08003464       0x2c CMakeFiles/STM32F03CBT6.elf.dir/Ctrl/Driver/tb67h450_base.cpp.obj
                0x08003464                TB67H450Base::Brake()
 .text._ZN13MotionPlanner14CurrentTracker7NewTaskEl
                0x08003490        0x8 CMakeFiles/STM32F03CBT6.elf.dir/Ctrl/Motor/motion_planner.cpp.obj
                0x08003490                MotionPlanner::CurrentTracker::NewTask(long)
 .text._ZN13MotionPlanner14CurrentTracker19CalcCurrentIntegralEl
                0x08003498       0x26 CMakeFiles/STM32F03CBT6.elf.dir/Ctrl/Motor/motion_planner.cpp.obj
                0x08003498                MotionPlanner::CurrentTracker::CalcCurrentIntegral(long)
 .text._ZN13MotionPlanner14CurrentTracker12CalcSoftGoalEl
                0x080034be       0x78 CMakeFiles/STM32F03CBT6.elf.dir/Ctrl/Motor/motion_planner.cpp.obj
                0x080034be                MotionPlanner::CurrentTracker::CalcSoftGoal(long)
 .text._ZN13MotionPlanner14CurrentTracker13SetCurrentAccEl
                0x08003536        0x4 CMakeFiles/STM32F03CBT6.elf.dir/Ctrl/Motor/motion_planner.cpp.obj
                0x08003536                MotionPlanner::CurrentTracker::SetCurrentAcc(long)
 .text._ZN13MotionPlanner14CurrentTracker4InitEv
                0x0800353a       0x10 CMakeFiles/STM32F03CBT6.elf.dir/Ctrl/Motor/motion_planner.cpp.obj
                0x0800353a                MotionPlanner::CurrentTracker::Init()
 .text._ZN13MotionPlanner15VelocityTracker14SetVelocityAccEl
                0x0800354a        0x4 CMakeFiles/STM32F03CBT6.elf.dir/Ctrl/Motor/motion_planner.cpp.obj
                0x0800354a                MotionPlanner::VelocityTracker::SetVelocityAcc(long)
 .text._ZN13MotionPlanner15VelocityTracker4InitEv
                0x0800354e       0x10 CMakeFiles/STM32F03CBT6.elf.dir/Ctrl/Motor/motion_planner.cpp.obj
                0x0800354e                MotionPlanner::VelocityTracker::Init()
 .text._ZN13MotionPlanner15VelocityTracker7NewTaskEl
                0x0800355e        0x8 CMakeFiles/STM32F03CBT6.elf.dir/Ctrl/Motor/motion_planner.cpp.obj
                0x0800355e                MotionPlanner::VelocityTracker::NewTask(long)
 .text._ZN13MotionPlanner15VelocityTracker20CalcVelocityIntegralEl
                0x08003566       0x26 CMakeFiles/STM32F03CBT6.elf.dir/Ctrl/Motor/motion_planner.cpp.obj
                0x08003566                MotionPlanner::VelocityTracker::CalcVelocityIntegral(long)
 .text._ZN13MotionPlanner15VelocityTracker12CalcSoftGoalEl
                0x0800358c       0x78 CMakeFiles/STM32F03CBT6.elf.dir/Ctrl/Motor/motion_planner.cpp.obj
                0x0800358c                MotionPlanner::VelocityTracker::CalcSoftGoal(long)
 .text._ZN13MotionPlanner15PositionTracker14SetVelocityAccEl
                0x08003604       0x1c CMakeFiles/STM32F03CBT6.elf.dir/Ctrl/Motor/motion_planner.cpp.obj
                0x08003604                MotionPlanner::PositionTracker::SetVelocityAcc(long)
 .text._ZN13MotionPlanner15PositionTracker4InitEv
                0x08003620       0x2c CMakeFiles/STM32F03CBT6.elf.dir/Ctrl/Motor/motion_planner.cpp.obj
                0x08003620                MotionPlanner::PositionTracker::Init()
 .text._ZN13MotionPlanner15PositionTracker7NewTaskEll
                0x0800364c        0xc CMakeFiles/STM32F03CBT6.elf.dir/Ctrl/Motor/motion_planner.cpp.obj
                0x0800364c                MotionPlanner::PositionTracker::NewTask(long, long)
 .text._ZN13MotionPlanner15PositionTracker20CalcPositionIntegralEl
                0x08003658       0x26 CMakeFiles/STM32F03CBT6.elf.dir/Ctrl/Motor/motion_planner.cpp.obj
                0x08003658                MotionPlanner::PositionTracker::CalcPositionIntegral(long)
 .text._ZN13MotionPlanner15PositionTracker20CalcVelocityIntegralEl
                0x0800367e       0x26 CMakeFiles/STM32F03CBT6.elf.dir/Ctrl/Motor/motion_planner.cpp.obj
                0x0800367e                MotionPlanner::PositionTracker::CalcVelocityIntegral(long)
 .text._ZN13MotionPlanner15PositionTracker12CalcSoftGoalEl
                0x080036a4      0x1ec CMakeFiles/STM32F03CBT6.elf.dir/Ctrl/Motor/motion_planner.cpp.obj
                0x080036a4                MotionPlanner::PositionTracker::CalcSoftGoal(long)
 .text._ZN13MotionPlanner20PositionInterpolator7NewTaskEll
                0x08003890        0xa CMakeFiles/STM32F03CBT6.elf.dir/Ctrl/Motor/motion_planner.cpp.obj
                0x08003890                MotionPlanner::PositionInterpolator::NewTask(long, long)
 .text._ZN13MotionPlanner20PositionInterpolator12CalcSoftGoalEl
                0x0800389a       0x30 CMakeFiles/STM32F03CBT6.elf.dir/Ctrl/Motor/motion_planner.cpp.obj
                0x0800389a                MotionPlanner::PositionInterpolator::CalcSoftGoal(long)
 .text._ZN13MotionPlanner17TrajectoryTracker22SetSlowDownVelocityAccEl
                0x080038ca        0x4 CMakeFiles/STM32F03CBT6.elf.dir/Ctrl/Motor/motion_planner.cpp.obj
                0x080038ca                MotionPlanner::TrajectoryTracker::SetSlowDownVelocityAcc(long)
 .text._ZN13MotionPlanner17TrajectoryTracker7NewTaskEll
                0x080038ce       0x10 CMakeFiles/STM32F03CBT6.elf.dir/Ctrl/Motor/motion_planner.cpp.obj
                0x080038ce                MotionPlanner::TrajectoryTracker::NewTask(long, long)
 .text._ZN13MotionPlanner17TrajectoryTracker20CalcVelocityIntegralEl
                0x080038de       0x26 CMakeFiles/STM32F03CBT6.elf.dir/Ctrl/Motor/motion_planner.cpp.obj
                0x080038de                MotionPlanner::TrajectoryTracker::CalcVelocityIntegral(long)
 .text._ZN13MotionPlanner17TrajectoryTracker20CalcPositionIntegralEl
                0x08003904       0x26 CMakeFiles/STM32F03CBT6.elf.dir/Ctrl/Motor/motion_planner.cpp.obj
                0x08003904                MotionPlanner::TrajectoryTracker::CalcPositionIntegral(long)
 .text._ZN13MotionPlanner17TrajectoryTracker12CalcSoftGoalEll
                0x0800392a       0xda CMakeFiles/STM32F03CBT6.elf.dir/Ctrl/Motor/motion_planner.cpp.obj
                0x0800392a                MotionPlanner::TrajectoryTracker::CalcSoftGoal(long, long)
 .text._ZN13MotionPlanner17TrajectoryTracker4InitEl
                0x08003a04       0x16 CMakeFiles/STM32F03CBT6.elf.dir/Ctrl/Motor/motion_planner.cpp.obj
                0x08003a04                MotionPlanner::TrajectoryTracker::Init(long)
 .text._ZN13MotionPlanner12AttachConfigEPNS_8Config_tE
                0x08003a1a       0x2a CMakeFiles/STM32F03CBT6.elf.dir/Ctrl/Motor/motion_planner.cpp.obj
                0x08003a1a                MotionPlanner::AttachConfig(MotionPlanner::Config_t*)
 .text._ZN5Motor13AttachEncoderEP11EncoderBase
                0x08003a44        0x6 CMakeFiles/STM32F03CBT6.elf.dir/Ctrl/Motor/motor.cpp.obj
                0x08003a44                Motor::AttachEncoder(EncoderBase*)
 .text._ZN5Motor12AttachDriverEP10DriverBase
                0x08003a4a        0x6 CMakeFiles/STM32F03CBT6.elf.dir/Ctrl/Motor/motor.cpp.obj
                0x08003a4a                Motor::AttachDriver(DriverBase*)
 .text._ZN5Motor10Controller19CalcCurrentToOutputEl
                0x08003a50       0x3c CMakeFiles/STM32F03CBT6.elf.dir/Ctrl/Motor/motor.cpp.obj
                0x08003a50                Motor::Controller::CalcCurrentToOutput(long)
 .text._ZN5Motor10Controller15CalcPidToOutputEl
                0x08003a8c       0xc8 CMakeFiles/STM32F03CBT6.elf.dir/Ctrl/Motor/motor.cpp.obj
                0x08003a8c                Motor::Controller::CalcPidToOutput(long)
 .text._ZN5Motor10Controller15CalcDceToOutputEll
                0x08003b54       0xf4 CMakeFiles/STM32F03CBT6.elf.dir/Ctrl/Motor/motor.cpp.obj
                0x08003b54                Motor::Controller::CalcDceToOutput(long, long)
 .text._ZN5Motor10Controller11SetCtrlModeENS_6Mode_tE
                0x08003c48        0x4 CMakeFiles/STM32F03CBT6.elf.dir/Ctrl/Motor/motor.cpp.obj
                0x08003c48                Motor::Controller::SetCtrlMode(Motor::Mode_t)
 .text._ZN5Motor10Controller19SetPositionSetPointEl
                0x08003c4c        0xa CMakeFiles/STM32F03CBT6.elf.dir/Ctrl/Motor/motor.cpp.obj
                0x08003c4c                Motor::Controller::SetPositionSetPoint(long)
 *fill*         0x08003c56        0x2 
 .text._ZN5Motor10Controller27SetPositionSetPointWithTimeElf
                0x08003c58       0xbc CMakeFiles/STM32F03CBT6.elf.dir/Ctrl/Motor/motor.cpp.obj
                0x08003c58                Motor::Controller::SetPositionSetPointWithTime(long, float)
 .text._ZN5Motor10Controller19SetVelocitySetPointEl
                0x08003d14       0x12 CMakeFiles/STM32F03CBT6.elf.dir/Ctrl/Motor/motor.cpp.obj
                0x08003d14                Motor::Controller::SetVelocitySetPoint(long)
 .text._ZN5Motor10Controller11GetPositionEb
                0x08003d26       0x40 CMakeFiles/STM32F03CBT6.elf.dir/Ctrl/Motor/motor.cpp.obj
                0x08003d26                Motor::Controller::GetPosition(bool)
 .text._ZN5Motor10Controller11GetVelocityEv
                0x08003d66       0x1e CMakeFiles/STM32F03CBT6.elf.dir/Ctrl/Motor/motor.cpp.obj
                0x08003d66                Motor::Controller::GetVelocity()
 .text._ZN5Motor10Controller13GetFocCurrentEv
                0x08003d84       0x14 CMakeFiles/STM32F03CBT6.elf.dir/Ctrl/Motor/motor.cpp.obj
                0x08003d84                Motor::Controller::GetFocCurrent()
 .text._ZN5Motor10Controller18SetCurrentSetPointEl
                0x08003d98       0x1a CMakeFiles/STM32F03CBT6.elf.dir/Ctrl/Motor/motor.cpp.obj
                0x08003d98                Motor::Controller::SetCurrentSetPoint(long)
 .text._ZN5Motor10Controller14ClearStallFlagEv
                0x08003db2        0x8 CMakeFiles/STM32F03CBT6.elf.dir/Ctrl/Motor/motor.cpp.obj
                0x08003db2                Motor::Controller::ClearStallFlag()
 *fill*         0x08003dba        0x2 
 .text._ZN5Motor10Controller23CompensateAdvancedAngleEl
                0x08003dbc       0xe4 CMakeFiles/STM32F03CBT6.elf.dir/Ctrl/Motor/motor.cpp.obj
                0x08003dbc                Motor::Controller::CompensateAdvancedAngle(long)
 .text._ZN5Motor10Controller4InitEv
                0x08003ea0       0xa4 CMakeFiles/STM32F03CBT6.elf.dir/Ctrl/Motor/motor.cpp.obj
                0x08003ea0                Motor::Controller::Init()
 .text._ZN5Motor10Controller20ApplyPosAsHomeOffsetEv
                0x08003f44       0x16 CMakeFiles/STM32F03CBT6.elf.dir/Ctrl/Motor/motor.cpp.obj
                0x08003f44                Motor::Controller::ApplyPosAsHomeOffset()
 .text._ZN5Motor10Controller12AttachConfigEPNS0_8Config_tE
                0x08003f5a        0x4 CMakeFiles/STM32F03CBT6.elf.dir/Ctrl/Motor/motor.cpp.obj
                0x08003f5a                Motor::Controller::AttachConfig(Motor::Controller::Config_t*)
 .text._ZNK5Motor10Controller13ClearIntegralEv
                0x08003f5e       0x1c CMakeFiles/STM32F03CBT6.elf.dir/Ctrl/Motor/motor.cpp.obj
                0x08003f5e                Motor::Controller::ClearIntegral() const
 *fill*         0x08003f7a        0x2 
 .text._ZN5Motor20CloseLoopControlTickEv
                0x08003f7c      0x544 CMakeFiles/STM32F03CBT6.elf.dir/Ctrl/Motor/motor.cpp.obj
                0x08003f7c                Motor::CloseLoopControlTick()
 .text._ZN5Motor9Tick20kHzEv
                0x080044c0       0x16 CMakeFiles/STM32F03CBT6.elf.dir/Ctrl/Motor/motor.cpp.obj
                0x080044c0                Motor::Tick20kHz()
 .text._ZN21EncoderCalibratorBase16CycleDataAverageEPKttl
                0x080044d6       0x4a CMakeFiles/STM32F03CBT6.elf.dir/Ctrl/Sensor/Encoder/encoder_calibrator_base.cpp.obj
                0x080044d6                EncoderCalibratorBase::CycleDataAverage(unsigned short const*, unsigned short, long)
 .text._ZN21EncoderCalibratorBase9Tick20kHzEv
                0x08004520      0x1d2 CMakeFiles/STM32F03CBT6.elf.dir/Ctrl/Sensor/Encoder/encoder_calibrator_base.cpp.obj
                0x08004520                EncoderCalibratorBase::Tick20kHz()
 .text._ZN21EncoderCalibratorBase8CycleModEmm
                0x080046f2        0xc CMakeFiles/STM32F03CBT6.elf.dir/Ctrl/Sensor/Encoder/encoder_calibrator_base.cpp.obj
                0x080046f2                EncoderCalibratorBase::CycleMod(unsigned long, unsigned long)
 .text._ZN21EncoderCalibratorBase13CycleSubtractElll
                0x080046fe       0x16 CMakeFiles/STM32F03CBT6.elf.dir/Ctrl/Sensor/Encoder/encoder_calibrator_base.cpp.obj
                0x080046fe                EncoderCalibratorBase::CycleSubtract(long, long, long)
 .text._ZN21EncoderCalibratorBase12CycleAverageElll
                0x08004714       0x20 CMakeFiles/STM32F03CBT6.elf.dir/Ctrl/Sensor/Encoder/encoder_calibrator_base.cpp.obj
                0x08004714                EncoderCalibratorBase::CycleAverage(long, long, long)
 .text._ZN21EncoderCalibratorBase20CalibrationDataCheckEv
                0x08004734      0x1e0 CMakeFiles/STM32F03CBT6.elf.dir/Ctrl/Sensor/Encoder/encoder_calibrator_base.cpp.obj
                0x08004734                EncoderCalibratorBase::CalibrationDataCheck()
 .text._ZN21EncoderCalibratorBase12TickMainLoopEv
                0x08004914      0x28e CMakeFiles/STM32F03CBT6.elf.dir/Ctrl/Sensor/Encoder/encoder_calibrator_base.cpp.obj
                0x08004914                EncoderCalibratorBase::TickMainLoop()
 .text._ZN10MT6816Base4InitEv
                0x08004ba2       0x3a CMakeFiles/STM32F03CBT6.elf.dir/Ctrl/Sensor/Encoder/mt6816_base.cpp.obj
                0x08004ba2                MT6816Base::Init()
 .text._ZN10MT6816Base11UpdateAngleEv
                0x08004bdc       0x96 CMakeFiles/STM32F03CBT6.elf.dir/Ctrl/Sensor/Encoder/mt6816_base.cpp.obj
                0x08004bdc                MT6816Base::UpdateAngle()
 .text._ZN10MT6816Base12IsCalibratedEv
                0x08004c72        0x4 CMakeFiles/STM32F03CBT6.elf.dir/Ctrl/Sensor/Encoder/mt6816_base.cpp.obj
                0x08004c72                MT6816Base::IsCalibrated()
 .text._ZN10ButtonBase4TickEm
                0x08004c76       0x4c CMakeFiles/STM32F03CBT6.elf.dir/Ctrl/Signal/button_base.cpp.obj
                0x08004c76                ButtonBase::Tick(unsigned long)
 .text._ZN10ButtonBase18SetOnEventListenerEPFvNS_5EventEE
                0x08004cc2       0x14 CMakeFiles/STM32F03CBT6.elf.dir/Ctrl/Signal/button_base.cpp.obj
                0x08004cc2                ButtonBase::SetOnEventListener(void (*)(ButtonBase::Event))
 .text._ZN7LedBase4TickEmN5Motor7State_tE
                0x08004cd6      0x1b2 CMakeFiles/STM32F03CBT6.elf.dir/Ctrl/Signal/led_base.cpp.obj
                0x08004cd6                LedBase::Tick(unsigned long, Motor::State_t)
 .text.HAL_InitTick
                0x08004e88       0x4c CMakeFiles/STM32F03CBT6.elf.dir/Drivers/STM32F1xx_HAL_Driver/Src/stm32f1xx_hal.c.obj
                0x08004e88                HAL_InitTick
 .text.HAL_Init
                0x08004ed4       0x24 CMakeFiles/STM32F03CBT6.elf.dir/Drivers/STM32F1xx_HAL_Driver/Src/stm32f1xx_hal.c.obj
                0x08004ed4                HAL_Init
 .text.HAL_IncTick
                0x08004ef8       0x18 CMakeFiles/STM32F03CBT6.elf.dir/Drivers/STM32F1xx_HAL_Driver/Src/stm32f1xx_hal.c.obj
                0x08004ef8                HAL_IncTick
 .text.HAL_GetTick
                0x08004f10        0xc CMakeFiles/STM32F03CBT6.elf.dir/Drivers/STM32F1xx_HAL_Driver/Src/stm32f1xx_hal.c.obj
                0x08004f10                HAL_GetTick
 .text.HAL_Delay
                0x08004f1c       0x28 CMakeFiles/STM32F03CBT6.elf.dir/Drivers/STM32F1xx_HAL_Driver/Src/stm32f1xx_hal.c.obj
                0x08004f1c                HAL_Delay
 .text.HAL_ADC_ConvCpltCallback
                0x08004f44        0x2 CMakeFiles/STM32F03CBT6.elf.dir/Drivers/STM32F1xx_HAL_Driver/Src/stm32f1xx_hal_adc.c.obj
                0x08004f44                HAL_ADC_ConvCpltCallback
 .text.ADC_DMAConvCplt
                0x08004f46       0x52 CMakeFiles/STM32F03CBT6.elf.dir/Drivers/STM32F1xx_HAL_Driver/Src/stm32f1xx_hal_adc.c.obj
                0x08004f46                ADC_DMAConvCplt
 .text.HAL_ADC_ConvHalfCpltCallback
                0x08004f98        0x2 CMakeFiles/STM32F03CBT6.elf.dir/Drivers/STM32F1xx_HAL_Driver/Src/stm32f1xx_hal_adc.c.obj
                0x08004f98                HAL_ADC_ConvHalfCpltCallback
 .text.ADC_DMAHalfConvCplt
                0x08004f9a        0xa CMakeFiles/STM32F03CBT6.elf.dir/Drivers/STM32F1xx_HAL_Driver/Src/stm32f1xx_hal_adc.c.obj
                0x08004f9a                ADC_DMAHalfConvCplt
 .text.HAL_ADC_ErrorCallback
                0x08004fa4        0x2 CMakeFiles/STM32F03CBT6.elf.dir/Drivers/STM32F1xx_HAL_Driver/Src/stm32f1xx_hal_adc.c.obj
                0x08004fa4                HAL_ADC_ErrorCallback
 .text.ADC_DMAError
                0x08004fa6       0x1a CMakeFiles/STM32F03CBT6.elf.dir/Drivers/STM32F1xx_HAL_Driver/Src/stm32f1xx_hal_adc.c.obj
                0x08004fa6                ADC_DMAError
 .text.HAL_ADC_ConfigChannel
                0x08004fc0      0x138 CMakeFiles/STM32F03CBT6.elf.dir/Drivers/STM32F1xx_HAL_Driver/Src/stm32f1xx_hal_adc.c.obj
                0x08004fc0                HAL_ADC_ConfigChannel
 .text.ADC_Enable
                0x080050f8       0x88 CMakeFiles/STM32F03CBT6.elf.dir/Drivers/STM32F1xx_HAL_Driver/Src/stm32f1xx_hal_adc.c.obj
                0x080050f8                ADC_Enable
 .text.HAL_ADC_Start_DMA
                0x08005180      0x130 CMakeFiles/STM32F03CBT6.elf.dir/Drivers/STM32F1xx_HAL_Driver/Src/stm32f1xx_hal_adc.c.obj
                0x08005180                HAL_ADC_Start_DMA
 .text.ADC_ConversionStop_Disable
                0x080052b0       0x56 CMakeFiles/STM32F03CBT6.elf.dir/Drivers/STM32F1xx_HAL_Driver/Src/stm32f1xx_hal_adc.c.obj
                0x080052b0                ADC_ConversionStop_Disable
 *fill*         0x08005306        0x2 
 .text.HAL_ADC_Init
                0x08005308      0x108 CMakeFiles/STM32F03CBT6.elf.dir/Drivers/STM32F1xx_HAL_Driver/Src/stm32f1xx_hal_adc.c.obj
                0x08005308                HAL_ADC_Init
 .text.HAL_ADCEx_Calibration_Start
                0x08005410      0x100 CMakeFiles/STM32F03CBT6.elf.dir/Drivers/STM32F1xx_HAL_Driver/Src/stm32f1xx_hal_adc_ex.c.obj
                0x08005410                HAL_ADCEx_Calibration_Start
 .text.HAL_CAN_Init
                0x08005510      0x14c CMakeFiles/STM32F03CBT6.elf.dir/Drivers/STM32F1xx_HAL_Driver/Src/stm32f1xx_hal_can.c.obj
                0x08005510                HAL_CAN_Init
 .text.HAL_CAN_ConfigFilter
                0x0800565c       0xfe CMakeFiles/STM32F03CBT6.elf.dir/Drivers/STM32F1xx_HAL_Driver/Src/stm32f1xx_hal_can.c.obj
                0x0800565c                HAL_CAN_ConfigFilter
 .text.HAL_CAN_Start
                0x0800575a       0x5c CMakeFiles/STM32F03CBT6.elf.dir/Drivers/STM32F1xx_HAL_Driver/Src/stm32f1xx_hal_can.c.obj
                0x0800575a                HAL_CAN_Start
 .text.HAL_CAN_AddTxMessage
                0x080057b6       0xdc CMakeFiles/STM32F03CBT6.elf.dir/Drivers/STM32F1xx_HAL_Driver/Src/stm32f1xx_hal_can.c.obj
                0x080057b6                HAL_CAN_AddTxMessage
 .text.HAL_CAN_GetRxMessage
                0x08005892      0x15e CMakeFiles/STM32F03CBT6.elf.dir/Drivers/STM32F1xx_HAL_Driver/Src/stm32f1xx_hal_can.c.obj
                0x08005892                HAL_CAN_GetRxMessage
 .text.HAL_CAN_ActivateNotification
                0x080059f0       0x24 CMakeFiles/STM32F03CBT6.elf.dir/Drivers/STM32F1xx_HAL_Driver/Src/stm32f1xx_hal_can.c.obj
                0x080059f0                HAL_CAN_ActivateNotification
 .text.HAL_CAN_TxMailbox0CompleteCallback
                0x08005a14        0x2 CMakeFiles/STM32F03CBT6.elf.dir/Drivers/STM32F1xx_HAL_Driver/Src/stm32f1xx_hal_can.c.obj
                0x08005a14                HAL_CAN_TxMailbox0CompleteCallback
 .text.HAL_CAN_TxMailbox1CompleteCallback
                0x08005a16        0x2 CMakeFiles/STM32F03CBT6.elf.dir/Drivers/STM32F1xx_HAL_Driver/Src/stm32f1xx_hal_can.c.obj
                0x08005a16                HAL_CAN_TxMailbox1CompleteCallback
 .text.HAL_CAN_TxMailbox2CompleteCallback
                0x08005a18        0x2 CMakeFiles/STM32F03CBT6.elf.dir/Drivers/STM32F1xx_HAL_Driver/Src/stm32f1xx_hal_can.c.obj
                0x08005a18                HAL_CAN_TxMailbox2CompleteCallback
 .text.HAL_CAN_TxMailbox0AbortCallback
                0x08005a1a        0x2 CMakeFiles/STM32F03CBT6.elf.dir/Drivers/STM32F1xx_HAL_Driver/Src/stm32f1xx_hal_can.c.obj
                0x08005a1a                HAL_CAN_TxMailbox0AbortCallback
 .text.HAL_CAN_TxMailbox1AbortCallback
                0x08005a1c        0x2 CMakeFiles/STM32F03CBT6.elf.dir/Drivers/STM32F1xx_HAL_Driver/Src/stm32f1xx_hal_can.c.obj
                0x08005a1c                HAL_CAN_TxMailbox1AbortCallback
 .text.HAL_CAN_TxMailbox2AbortCallback
                0x08005a1e        0x2 CMakeFiles/STM32F03CBT6.elf.dir/Drivers/STM32F1xx_HAL_Driver/Src/stm32f1xx_hal_can.c.obj
                0x08005a1e                HAL_CAN_TxMailbox2AbortCallback
 .text.HAL_CAN_RxFifo0FullCallback
                0x08005a20        0x2 CMakeFiles/STM32F03CBT6.elf.dir/Drivers/STM32F1xx_HAL_Driver/Src/stm32f1xx_hal_can.c.obj
                0x08005a20                HAL_CAN_RxFifo0FullCallback
 .text.HAL_CAN_RxFifo1MsgPendingCallback
                0x08005a22        0x2 CMakeFiles/STM32F03CBT6.elf.dir/Drivers/STM32F1xx_HAL_Driver/Src/stm32f1xx_hal_can.c.obj
                0x08005a22                HAL_CAN_RxFifo1MsgPendingCallback
 .text.HAL_CAN_RxFifo1FullCallback
                0x08005a24        0x2 CMakeFiles/STM32F03CBT6.elf.dir/Drivers/STM32F1xx_HAL_Driver/Src/stm32f1xx_hal_can.c.obj
                0x08005a24                HAL_CAN_RxFifo1FullCallback
 .text.HAL_CAN_SleepCallback
                0x08005a26        0x2 CMakeFiles/STM32F03CBT6.elf.dir/Drivers/STM32F1xx_HAL_Driver/Src/stm32f1xx_hal_can.c.obj
                0x08005a26                HAL_CAN_SleepCallback
 .text.HAL_CAN_WakeUpFromRxMsgCallback
                0x08005a28        0x2 CMakeFiles/STM32F03CBT6.elf.dir/Drivers/STM32F1xx_HAL_Driver/Src/stm32f1xx_hal_can.c.obj
                0x08005a28                HAL_CAN_WakeUpFromRxMsgCallback
 .text.HAL_CAN_ErrorCallback
                0x08005a2a        0x2 CMakeFiles/STM32F03CBT6.elf.dir/Drivers/STM32F1xx_HAL_Driver/Src/stm32f1xx_hal_can.c.obj
                0x08005a2a                HAL_CAN_ErrorCallback
 .text.HAL_CAN_IRQHandler
                0x08005a2c      0x24a CMakeFiles/STM32F03CBT6.elf.dir/Drivers/STM32F1xx_HAL_Driver/Src/stm32f1xx_hal_can.c.obj
                0x08005a2c                HAL_CAN_IRQHandler
 *fill*         0x08005c76        0x2 
 .text.HAL_NVIC_SetPriorityGrouping
                0x08005c78       0x24 CMakeFiles/STM32F03CBT6.elf.dir/Drivers/STM32F1xx_HAL_Driver/Src/stm32f1xx_hal_cortex.c.obj
                0x08005c78                HAL_NVIC_SetPriorityGrouping
 .text.HAL_NVIC_SetPriority
                0x08005c9c       0x68 CMakeFiles/STM32F03CBT6.elf.dir/Drivers/STM32F1xx_HAL_Driver/Src/stm32f1xx_hal_cortex.c.obj
                0x08005c9c                HAL_NVIC_SetPriority
 .text.HAL_NVIC_EnableIRQ
                0x08005d04       0x1c CMakeFiles/STM32F03CBT6.elf.dir/Drivers/STM32F1xx_HAL_Driver/Src/stm32f1xx_hal_cortex.c.obj
                0x08005d04                HAL_NVIC_EnableIRQ
 .text.HAL_NVIC_SystemReset
                0x08005d20       0x24 CMakeFiles/STM32F03CBT6.elf.dir/Drivers/STM32F1xx_HAL_Driver/Src/stm32f1xx_hal_cortex.c.obj
                0x08005d20                HAL_NVIC_SystemReset
 .text.HAL_SYSTICK_Config
                0x08005d44       0x2c CMakeFiles/STM32F03CBT6.elf.dir/Drivers/STM32F1xx_HAL_Driver/Src/stm32f1xx_hal_cortex.c.obj
                0x08005d44                HAL_SYSTICK_Config
 .text.DMA_SetConfig
                0x08005d70       0x2c CMakeFiles/STM32F03CBT6.elf.dir/Drivers/STM32F1xx_HAL_Driver/Src/stm32f1xx_hal_dma.c.obj
 .text.HAL_DMA_Init
                0x08005d9c       0x6c CMakeFiles/STM32F03CBT6.elf.dir/Drivers/STM32F1xx_HAL_Driver/Src/stm32f1xx_hal_dma.c.obj
                0x08005d9c                HAL_DMA_Init
 .text.HAL_DMA_Start_IT
                0x08005e08       0x76 CMakeFiles/STM32F03CBT6.elf.dir/Drivers/STM32F1xx_HAL_Driver/Src/stm32f1xx_hal_dma.c.obj
                0x08005e08                HAL_DMA_Start_IT
 .text.HAL_DMA_Abort
                0x08005e7e       0x46 CMakeFiles/STM32F03CBT6.elf.dir/Drivers/STM32F1xx_HAL_Driver/Src/stm32f1xx_hal_dma.c.obj
                0x08005e7e                HAL_DMA_Abort
 .text.HAL_DMA_Abort_IT
                0x08005ec4       0x98 CMakeFiles/STM32F03CBT6.elf.dir/Drivers/STM32F1xx_HAL_Driver/Src/stm32f1xx_hal_dma.c.obj
                0x08005ec4                HAL_DMA_Abort_IT
 .text.HAL_DMA_IRQHandler
                0x08005f5c      0x144 CMakeFiles/STM32F03CBT6.elf.dir/Drivers/STM32F1xx_HAL_Driver/Src/stm32f1xx_hal_dma.c.obj
                0x08005f5c                HAL_DMA_IRQHandler
 .text.FLASH_Program_HalfWord
                0x080060a0       0x1c CMakeFiles/STM32F03CBT6.elf.dir/Drivers/STM32F1xx_HAL_Driver/Src/stm32f1xx_hal_flash.c.obj
 .text.FLASH_SetErrorCode
                0x080060bc       0x70 CMakeFiles/STM32F03CBT6.elf.dir/Drivers/STM32F1xx_HAL_Driver/Src/stm32f1xx_hal_flash.c.obj
 .text.HAL_FLASH_Unlock
                0x0800612c       0x34 CMakeFiles/STM32F03CBT6.elf.dir/Drivers/STM32F1xx_HAL_Driver/Src/stm32f1xx_hal_flash.c.obj
                0x0800612c                HAL_FLASH_Unlock
 .text.HAL_FLASH_Lock
                0x08006160       0x14 CMakeFiles/STM32F03CBT6.elf.dir/Drivers/STM32F1xx_HAL_Driver/Src/stm32f1xx_hal_flash.c.obj
                0x08006160                HAL_FLASH_Lock
 .text.FLASH_WaitForLastOperation
                0x08006174       0x68 CMakeFiles/STM32F03CBT6.elf.dir/Drivers/STM32F1xx_HAL_Driver/Src/stm32f1xx_hal_flash.c.obj
                0x08006174                FLASH_WaitForLastOperation
 .text.HAL_FLASH_Program
                0x080061dc       0x9c CMakeFiles/STM32F03CBT6.elf.dir/Drivers/STM32F1xx_HAL_Driver/Src/stm32f1xx_hal_flash.c.obj
                0x080061dc                HAL_FLASH_Program
 .text.FLASH_MassErase
                0x08006278       0x24 CMakeFiles/STM32F03CBT6.elf.dir/Drivers/STM32F1xx_HAL_Driver/Src/stm32f1xx_hal_flash_ex.c.obj
 .text.FLASH_PageErase
                0x0800629c       0x24 CMakeFiles/STM32F03CBT6.elf.dir/Drivers/STM32F1xx_HAL_Driver/Src/stm32f1xx_hal_flash_ex.c.obj
                0x0800629c                FLASH_PageErase
 .text.HAL_FLASHEx_Erase
                0x080062c0       0xa4 CMakeFiles/STM32F03CBT6.elf.dir/Drivers/STM32F1xx_HAL_Driver/Src/stm32f1xx_hal_flash_ex.c.obj
                0x080062c0                HAL_FLASHEx_Erase
 .text.HAL_GPIO_Init
                0x08006364      0x220 CMakeFiles/STM32F03CBT6.elf.dir/Drivers/STM32F1xx_HAL_Driver/Src/stm32f1xx_hal_gpio.c.obj
                0x08006364                HAL_GPIO_Init
 .text.HAL_GPIO_ReadPin
                0x08006584        0xe CMakeFiles/STM32F03CBT6.elf.dir/Drivers/STM32F1xx_HAL_Driver/Src/stm32f1xx_hal_gpio.c.obj
                0x08006584                HAL_GPIO_ReadPin
 .text.HAL_GPIO_WritePin
                0x08006592        0xc CMakeFiles/STM32F03CBT6.elf.dir/Drivers/STM32F1xx_HAL_Driver/Src/stm32f1xx_hal_gpio.c.obj
                0x08006592                HAL_GPIO_WritePin
 *fill*         0x0800659e        0x2 
 .text.RCC_Delay
                0x080065a0       0x2c CMakeFiles/STM32F03CBT6.elf.dir/Drivers/STM32F1xx_HAL_Driver/Src/stm32f1xx_hal_rcc.c.obj
 .text.HAL_RCC_OscConfig
                0x080065cc      0x410 CMakeFiles/STM32F03CBT6.elf.dir/Drivers/STM32F1xx_HAL_Driver/Src/stm32f1xx_hal_rcc.c.obj
                0x080065cc                HAL_RCC_OscConfig
 .text.HAL_RCC_GetSysClockFreq
                0x080069dc       0x54 CMakeFiles/STM32F03CBT6.elf.dir/Drivers/STM32F1xx_HAL_Driver/Src/stm32f1xx_hal_rcc.c.obj
                0x080069dc                HAL_RCC_GetSysClockFreq
 .text.HAL_RCC_ClockConfig
                0x08006a30      0x16c CMakeFiles/STM32F03CBT6.elf.dir/Drivers/STM32F1xx_HAL_Driver/Src/stm32f1xx_hal_rcc.c.obj
                0x08006a30                HAL_RCC_ClockConfig
 .text.HAL_RCC_GetHCLKFreq
                0x08006b9c        0xc CMakeFiles/STM32F03CBT6.elf.dir/Drivers/STM32F1xx_HAL_Driver/Src/stm32f1xx_hal_rcc.c.obj
                0x08006b9c                HAL_RCC_GetHCLKFreq
 .text.HAL_RCC_GetPCLK1Freq
                0x08006ba8       0x20 CMakeFiles/STM32F03CBT6.elf.dir/Drivers/STM32F1xx_HAL_Driver/Src/stm32f1xx_hal_rcc.c.obj
                0x08006ba8                HAL_RCC_GetPCLK1Freq
 .text.HAL_RCC_GetPCLK2Freq
                0x08006bc8       0x20 CMakeFiles/STM32F03CBT6.elf.dir/Drivers/STM32F1xx_HAL_Driver/Src/stm32f1xx_hal_rcc.c.obj
                0x08006bc8                HAL_RCC_GetPCLK2Freq
 .text.HAL_RCCEx_PeriphCLKConfig
                0x08006be8      0x114 CMakeFiles/STM32F03CBT6.elf.dir/Drivers/STM32F1xx_HAL_Driver/Src/stm32f1xx_hal_rcc_ex.c.obj
                0x08006be8                HAL_RCCEx_PeriphCLKConfig
 .text.HAL_RCCEx_GetPeriphCLKFreq
                0x08006cfc       0xd8 CMakeFiles/STM32F03CBT6.elf.dir/Drivers/STM32F1xx_HAL_Driver/Src/stm32f1xx_hal_rcc_ex.c.obj
                0x08006cfc                HAL_RCCEx_GetPeriphCLKFreq
 .text.SPI_WaitFlagStateUntilTimeout
                0x08006dd4       0xd0 CMakeFiles/STM32F03CBT6.elf.dir/Drivers/STM32F1xx_HAL_Driver/Src/stm32f1xx_hal_spi.c.obj
 .text.SPI_EndRxTxTransaction
                0x08006ea4       0x44 CMakeFiles/STM32F03CBT6.elf.dir/Drivers/STM32F1xx_HAL_Driver/Src/stm32f1xx_hal_spi.c.obj
 .text.HAL_SPI_Init
                0x08006ee8       0xb6 CMakeFiles/STM32F03CBT6.elf.dir/Drivers/STM32F1xx_HAL_Driver/Src/stm32f1xx_hal_spi.c.obj
                0x08006ee8                HAL_SPI_Init
 .text.HAL_SPI_TransmitReceive
                0x08006f9e      0x254 CMakeFiles/STM32F03CBT6.elf.dir/Drivers/STM32F1xx_HAL_Driver/Src/stm32f1xx_hal_spi.c.obj
                0x08006f9e                HAL_SPI_TransmitReceive
 *fill*         0x080071f2        0x2 
 .text.TIM_OC1_SetConfig
                0x080071f4       0x5c CMakeFiles/STM32F03CBT6.elf.dir/Drivers/STM32F1xx_HAL_Driver/Src/stm32f1xx_hal_tim.c.obj
 .text.TIM_OC3_SetConfig
                0x08007250       0x64 CMakeFiles/STM32F03CBT6.elf.dir/Drivers/STM32F1xx_HAL_Driver/Src/stm32f1xx_hal_tim.c.obj
 .text.TIM_OC4_SetConfig
                0x080072b4       0x48 CMakeFiles/STM32F03CBT6.elf.dir/Drivers/STM32F1xx_HAL_Driver/Src/stm32f1xx_hal_tim.c.obj
 .text.TIM_TI1_ConfigInputStage
                0x080072fc       0x24 CMakeFiles/STM32F03CBT6.elf.dir/Drivers/STM32F1xx_HAL_Driver/Src/stm32f1xx_hal_tim.c.obj
 .text.TIM_TI2_ConfigInputStage
                0x08007320       0x26 CMakeFiles/STM32F03CBT6.elf.dir/Drivers/STM32F1xx_HAL_Driver/Src/stm32f1xx_hal_tim.c.obj
 .text.TIM_ITRx_SetConfig
                0x08007346       0x10 CMakeFiles/STM32F03CBT6.elf.dir/Drivers/STM32F1xx_HAL_Driver/Src/stm32f1xx_hal_tim.c.obj
 *fill*         0x08007356        0x2 
 .text.HAL_TIM_Base_Start_IT
                0x08007358       0x68 CMakeFiles/STM32F03CBT6.elf.dir/Drivers/STM32F1xx_HAL_Driver/Src/stm32f1xx_hal_tim.c.obj
                0x08007358                HAL_TIM_Base_Start_IT
 .text.HAL_TIM_PWM_MspInit
                0x080073c0        0x2 CMakeFiles/STM32F03CBT6.elf.dir/Drivers/STM32F1xx_HAL_Driver/Src/stm32f1xx_hal_tim.c.obj
                0x080073c0                HAL_TIM_PWM_MspInit
 *fill*         0x080073c2        0x2 
 .text.TIM_Base_SetConfig
                0x080073c4       0x84 CMakeFiles/STM32F03CBT6.elf.dir/Drivers/STM32F1xx_HAL_Driver/Src/stm32f1xx_hal_tim.c.obj
                0x080073c4                TIM_Base_SetConfig
 .text.HAL_TIM_Base_Init
                0x08007448       0x58 CMakeFiles/STM32F03CBT6.elf.dir/Drivers/STM32F1xx_HAL_Driver/Src/stm32f1xx_hal_tim.c.obj
                0x08007448                HAL_TIM_Base_Init
 .text.HAL_TIM_PWM_Init
                0x080074a0       0x58 CMakeFiles/STM32F03CBT6.elf.dir/Drivers/STM32F1xx_HAL_Driver/Src/stm32f1xx_hal_tim.c.obj
                0x080074a0                HAL_TIM_PWM_Init
 .text.TIM_OC2_SetConfig
                0x080074f8       0x64 CMakeFiles/STM32F03CBT6.elf.dir/Drivers/STM32F1xx_HAL_Driver/Src/stm32f1xx_hal_tim.c.obj
                0x080074f8                TIM_OC2_SetConfig
 .text.HAL_TIM_PWM_ConfigChannel
                0x0800755c       0xdc CMakeFiles/STM32F03CBT6.elf.dir/Drivers/STM32F1xx_HAL_Driver/Src/stm32f1xx_hal_tim.c.obj
                0x0800755c                HAL_TIM_PWM_ConfigChannel
 .text.TIM_ETR_SetConfig
                0x08007638       0x16 CMakeFiles/STM32F03CBT6.elf.dir/Drivers/STM32F1xx_HAL_Driver/Src/stm32f1xx_hal_tim.c.obj
                0x08007638                TIM_ETR_SetConfig
 .text.HAL_TIM_ConfigClockSource
                0x0800764e       0xfe CMakeFiles/STM32F03CBT6.elf.dir/Drivers/STM32F1xx_HAL_Driver/Src/stm32f1xx_hal_tim.c.obj
                0x0800764e                HAL_TIM_ConfigClockSource
 .text.TIM_CCxChannelCmd
                0x0800774c       0x22 CMakeFiles/STM32F03CBT6.elf.dir/Drivers/STM32F1xx_HAL_Driver/Src/stm32f1xx_hal_tim.c.obj
                0x0800774c                TIM_CCxChannelCmd
 *fill*         0x0800776e        0x2 
 .text.HAL_TIM_PWM_Start
                0x08007770       0xdc CMakeFiles/STM32F03CBT6.elf.dir/Drivers/STM32F1xx_HAL_Driver/Src/stm32f1xx_hal_tim.c.obj
                0x08007770                HAL_TIM_PWM_Start
 .text.HAL_TIMEx_MasterConfigSynchronization
                0x0800784c       0x68 CMakeFiles/STM32F03CBT6.elf.dir/Drivers/STM32F1xx_HAL_Driver/Src/stm32f1xx_hal_tim_ex.c.obj
                0x0800784c                HAL_TIMEx_MasterConfigSynchronization
 .text.UART_EndTxTransfer
                0x080078b4       0x20 CMakeFiles/STM32F03CBT6.elf.dir/Drivers/STM32F1xx_HAL_Driver/Src/stm32f1xx_hal_uart.c.obj
 .text.UART_EndRxTransfer
                0x080078d4       0x5c CMakeFiles/STM32F03CBT6.elf.dir/Drivers/STM32F1xx_HAL_Driver/Src/stm32f1xx_hal_uart.c.obj
 .text.UART_Transmit_IT
                0x08007930       0x60 CMakeFiles/STM32F03CBT6.elf.dir/Drivers/STM32F1xx_HAL_Driver/Src/stm32f1xx_hal_uart.c.obj
 .text.UART_SetConfig
                0x08007990       0x90 CMakeFiles/STM32F03CBT6.elf.dir/Drivers/STM32F1xx_HAL_Driver/Src/stm32f1xx_hal_uart.c.obj
 .text.UART_WaitOnFlagUntilTimeout
                0x08007a20       0x86 CMakeFiles/STM32F03CBT6.elf.dir/Drivers/STM32F1xx_HAL_Driver/Src/stm32f1xx_hal_uart.c.obj
 .text.HAL_UART_Init
                0x08007aa6       0x60 CMakeFiles/STM32F03CBT6.elf.dir/Drivers/STM32F1xx_HAL_Driver/Src/stm32f1xx_hal_uart.c.obj
                0x08007aa6                HAL_UART_Init
 .text.HAL_UART_Transmit
                0x08007b06       0xcc CMakeFiles/STM32F03CBT6.elf.dir/Drivers/STM32F1xx_HAL_Driver/Src/stm32f1xx_hal_uart.c.obj
                0x08007b06                HAL_UART_Transmit
 .text.HAL_UART_Receive
                0x08007bd2       0xd2 CMakeFiles/STM32F03CBT6.elf.dir/Drivers/STM32F1xx_HAL_Driver/Src/stm32f1xx_hal_uart.c.obj
                0x08007bd2                HAL_UART_Receive
 .text.HAL_UART_DMAStop
                0x08007ca4       0x84 CMakeFiles/STM32F03CBT6.elf.dir/Drivers/STM32F1xx_HAL_Driver/Src/stm32f1xx_hal_uart.c.obj
                0x08007ca4                HAL_UART_DMAStop
 .text.HAL_UART_TxCpltCallback
                0x08007d28        0x2 CMakeFiles/STM32F03CBT6.elf.dir/Drivers/STM32F1xx_HAL_Driver/Src/stm32f1xx_hal_uart.c.obj
                0x08007d28                HAL_UART_TxCpltCallback
 .text.UART_EndTransmit_IT
                0x08007d2a       0x1a CMakeFiles/STM32F03CBT6.elf.dir/Drivers/STM32F1xx_HAL_Driver/Src/stm32f1xx_hal_uart.c.obj
 .text.HAL_UART_RxCpltCallback
                0x08007d44        0x2 CMakeFiles/STM32F03CBT6.elf.dir/Drivers/STM32F1xx_HAL_Driver/Src/stm32f1xx_hal_uart.c.obj
                0x08007d44                HAL_UART_RxCpltCallback
 .text.HAL_UART_RxHalfCpltCallback
                0x08007d46        0x2 CMakeFiles/STM32F03CBT6.elf.dir/Drivers/STM32F1xx_HAL_Driver/Src/stm32f1xx_hal_uart.c.obj
                0x08007d46                HAL_UART_RxHalfCpltCallback
 .text.HAL_UART_ErrorCallback
                0x08007d48        0x2 CMakeFiles/STM32F03CBT6.elf.dir/Drivers/STM32F1xx_HAL_Driver/Src/stm32f1xx_hal_uart.c.obj
                0x08007d48                HAL_UART_ErrorCallback
 .text.UART_DMAError
                0x08007d4a       0x58 CMakeFiles/STM32F03CBT6.elf.dir/Drivers/STM32F1xx_HAL_Driver/Src/stm32f1xx_hal_uart.c.obj
 .text.UART_DMAAbortOnError
                0x08007da2       0x10 CMakeFiles/STM32F03CBT6.elf.dir/Drivers/STM32F1xx_HAL_Driver/Src/stm32f1xx_hal_uart.c.obj
 .text.HAL_UARTEx_RxEventCallback
                0x08007db2        0x2 CMakeFiles/STM32F03CBT6.elf.dir/Drivers/STM32F1xx_HAL_Driver/Src/stm32f1xx_hal_uart.c.obj
                0x08007db2                HAL_UARTEx_RxEventCallback
 .text.UART_Receive_IT
                0x08007db4       0xe6 CMakeFiles/STM32F03CBT6.elf.dir/Drivers/STM32F1xx_HAL_Driver/Src/stm32f1xx_hal_uart.c.obj
 *fill*         0x08007e9a        0x2 
 .text.HAL_UART_IRQHandler
                0x08007e9c      0x288 CMakeFiles/STM32F03CBT6.elf.dir/Drivers/STM32F1xx_HAL_Driver/Src/stm32f1xx_hal_uart.c.obj
                0x08007e9c                HAL_UART_IRQHandler
 .text.UART_DMARxHalfCplt
                0x08008124       0x1e CMakeFiles/STM32F03CBT6.elf.dir/Drivers/STM32F1xx_HAL_Driver/Src/stm32f1xx_hal_uart.c.obj
 .text.UART_DMAReceiveCplt
                0x08008142       0x9a CMakeFiles/STM32F03CBT6.elf.dir/Drivers/STM32F1xx_HAL_Driver/Src/stm32f1xx_hal_uart.c.obj
 .text.UART_Start_Receive_DMA
                0x080081dc       0xa4 CMakeFiles/STM32F03CBT6.elf.dir/Drivers/STM32F1xx_HAL_Driver/Src/stm32f1xx_hal_uart.c.obj
                0x080081dc                UART_Start_Receive_DMA
 .text.HAL_UART_Receive_DMA
                0x08008280       0x26 CMakeFiles/STM32F03CBT6.elf.dir/Drivers/STM32F1xx_HAL_Driver/Src/stm32f1xx_hal_uart.c.obj
                0x08008280                HAL_UART_Receive_DMA
 *fill*         0x080082a6        0x2 
 .text.eeprom_buffered_read_byte
                0x080082a8        0xc CMakeFiles/STM32F03CBT6.elf.dir/Port/Platform/Memory/emulated_eeprom.cpp.obj
                0x080082a8                eeprom_buffered_read_byte
 .text.eeprom_buffered_write_byte
                0x080082b4        0xc CMakeFiles/STM32F03CBT6.elf.dir/Port/Platform/Memory/emulated_eeprom.cpp.obj
                0x080082b4                eeprom_buffered_write_byte
 .text.eeprom_buffer_fill
                0x080082c0       0x18 CMakeFiles/STM32F03CBT6.elf.dir/Port/Platform/Memory/emulated_eeprom.cpp.obj
                0x080082c0                eeprom_buffer_fill
 .text.eeprom_buffer_flush
                0x080082d8       0x68 CMakeFiles/STM32F03CBT6.elf.dir/Port/Platform/Memory/emulated_eeprom.cpp.obj
                0x080082d8                eeprom_buffer_flush
 .text.Stockpile_Flash_Data_Empty
                0x08008340       0x4c CMakeFiles/STM32F03CBT6.elf.dir/Port/Platform/Memory/stockpile_f103cb.c.obj
                0x08008340                Stockpile_Flash_Data_Empty
 .text.Stockpile_Flash_Data_Begin
                0x0800838c        0xe CMakeFiles/STM32F03CBT6.elf.dir/Port/Platform/Memory/stockpile_f103cb.c.obj
                0x0800838c                Stockpile_Flash_Data_Begin
 .text.Stockpile_Flash_Data_End
                0x0800839a        0x8 CMakeFiles/STM32F03CBT6.elf.dir/Port/Platform/Memory/stockpile_f103cb.c.obj
                0x0800839a                Stockpile_Flash_Data_End
 .text.Stockpile_Flash_Data_Write_Data16
                0x080083a2       0x42 CMakeFiles/STM32F03CBT6.elf.dir/Port/Platform/Memory/stockpile_f103cb.c.obj
                0x080083a2                Stockpile_Flash_Data_Write_Data16
 .text.GetSerialNumber
                0x080083e4       0x20 CMakeFiles/STM32F03CBT6.elf.dir/Port/Platform/Utils/st_hardware.c.obj
                0x080083e4                GetSerialNumber
 .text.RetargetInit
                0x08008404       0x20 CMakeFiles/STM32F03CBT6.elf.dir/Port/Platform/retarget.c.obj
                0x08008404                RetargetInit
 .text._isatty  0x08008424       0x16 CMakeFiles/STM32F03CBT6.elf.dir/Port/Platform/retarget.c.obj
                0x08008424                _isatty
 *fill*         0x0800843a        0x2 
 .text._write   0x0800843c       0x28 CMakeFiles/STM32F03CBT6.elf.dir/Port/Platform/retarget.c.obj
                0x0800843c                _write
 .text._close   0x08008464       0x18 CMakeFiles/STM32F03CBT6.elf.dir/Port/Platform/retarget.c.obj
                0x08008464                _close
 .text._lseek   0x0800847c       0x10 CMakeFiles/STM32F03CBT6.elf.dir/Port/Platform/retarget.c.obj
                0x0800847c                _lseek
 .text._read    0x0800848c       0x30 CMakeFiles/STM32F03CBT6.elf.dir/Port/Platform/retarget.c.obj
                0x0800848c                _read
 .text._fstat   0x080084bc       0x1a CMakeFiles/STM32F03CBT6.elf.dir/Port/Platform/retarget.c.obj
                0x080084bc                _fstat
 *fill*         0x080084d6        0x2 
 .text._ZN6Button15ReadButtonPinIOEh
                0x080084d8       0x38 CMakeFiles/STM32F03CBT6.elf.dir/Port/button_stm32.cpp.obj
                0x080084d8                Button::ReadButtonPinIO(unsigned char)
 .text._ZN6Button9IsPressedEv
                0x08008510       0x12 CMakeFiles/STM32F03CBT6.elf.dir/Port/button_stm32.cpp.obj
                0x08008510                Button::IsPressed()
 *fill*         0x08008522        0x2 
 .text._ZN17EncoderCalibrator15BeginWriteFlashEv
                0x08008524       0x10 CMakeFiles/STM32F03CBT6.elf.dir/Port/encoder_calibrator_stm32.cpp.obj
                0x08008524                EncoderCalibrator::BeginWriteFlash()
 .text._ZN17EncoderCalibrator13EndWriteFlashEv
                0x08008534       0x10 CMakeFiles/STM32F03CBT6.elf.dir/Port/encoder_calibrator_stm32.cpp.obj
                0x08008534                EncoderCalibrator::EndWriteFlash()
 .text._ZN17EncoderCalibrator10ClearFlashEv
                0x08008544       0x10 CMakeFiles/STM32F03CBT6.elf.dir/Port/encoder_calibrator_stm32.cpp.obj
                0x08008544                EncoderCalibrator::ClearFlash()
 .text._ZN17EncoderCalibrator22WriteFlash16bitsAppendEt
                0x08008554       0x20 CMakeFiles/STM32F03CBT6.elf.dir/Port/encoder_calibrator_stm32.cpp.obj
                0x08008554                EncoderCalibrator::WriteFlash16bitsAppend(unsigned short)
 .text._ZN3Led11SetLedStateEhb
                0x08008574       0x34 CMakeFiles/STM32F03CBT6.elf.dir/Port/led_stm32.cpp.obj
                0x08008574                Led::SetLedState(unsigned char, bool)
 .text._ZN6MT68167SpiInitEv
                0x080085a8        0x8 CMakeFiles/STM32F03CBT6.elf.dir/Port/mt6816_stm32.cpp.obj
                0x080085a8                MT6816::SpiInit()
 .text._ZN6MT681624SpiTransmitAndRead16BitsEt
                0x080085b0       0x38 CMakeFiles/STM32F03CBT6.elf.dir/Port/mt6816_stm32.cpp.obj
                0x080085b0                MT6816::SpiTransmitAndRead16Bits(unsigned short)
 .text._ZN8TB67H45016DacOutputVoltageEtt
                0x080085e8       0x14 CMakeFiles/STM32F03CBT6.elf.dir/Port/tb67h450_stm32.cpp.obj
                0x080085e8                TB67H450::DacOutputVoltage(unsigned short, unsigned short)
 .text._ZN8TB67H4509SetInputAEbb
                0x080085fc       0x28 CMakeFiles/STM32F03CBT6.elf.dir/Port/tb67h450_stm32.cpp.obj
                0x080085fc                TB67H450::SetInputA(bool, bool)
 .text._ZN8TB67H4509SetInputBEbb
                0x08008624       0x28 CMakeFiles/STM32F03CBT6.elf.dir/Port/tb67h450_stm32.cpp.obj
                0x08008624                TB67H450::SetInputB(bool, bool)
 .text._ZN8TB67H4508InitGpioEv
                0x0800864c       0x64 CMakeFiles/STM32F03CBT6.elf.dir/Port/tb67h450_stm32.cpp.obj
                0x0800864c                TB67H450::InitGpio()
 .text._ZN8TB67H4507InitPwmEv
                0x080086b0        0x8 CMakeFiles/STM32F03CBT6.elf.dir/Port/tb67h450_stm32.cpp.obj
                0x080086b0                TB67H450::InitPwm()
 .text._Z14OnButton1EventN10ButtonBase5EventE
                0x080086b8       0x48 CMakeFiles/STM32F03CBT6.elf.dir/UserApp/main.cpp.obj
                0x080086b8                OnButton1Event(ButtonBase::Event)
 .text._Z14OnButton2EventN10ButtonBase5EventE
                0x08008700       0x70 CMakeFiles/STM32F03CBT6.elf.dir/UserApp/main.cpp.obj
                0x08008700                OnButton2Event(ButtonBase::Event)
 .text._Z41__static_initialization_and_destruction_0ii
                0x08008770      0x2c8 CMakeFiles/STM32F03CBT6.elf.dir/UserApp/main.cpp.obj
 .text.Main     0x08008a38      0x234 CMakeFiles/STM32F03CBT6.elf.dir/UserApp/main.cpp.obj
                0x08008a38                Main
 .text.Tim3Callback20Hz
                0x08008c6c       0x68 CMakeFiles/STM32F03CBT6.elf.dir/UserApp/main.cpp.obj
                0x08008c6c                Tim3Callback20Hz
 .text.Tim1Callback100Hz
                0x08008cd4       0x70 CMakeFiles/STM32F03CBT6.elf.dir/UserApp/main.cpp.obj
                0x08008cd4                Tim1Callback100Hz
 .text.Tim4Callback20kHz
                0x08008d44       0x30 CMakeFiles/STM32F03CBT6.elf.dir/UserApp/main.cpp.obj
                0x08008d44                Tim4Callback20kHz
 .text._GLOBAL__sub_I_boardConfig
                0x08008d74        0xe CMakeFiles/STM32F03CBT6.elf.dir/UserApp/main.cpp.obj
 *fill*         0x08008d82        0x2 
 .text.OnCanCmd
                0x08008d84      0x64c CMakeFiles/STM32F03CBT6.elf.dir/UserApp/protocols/interface_can.cpp.obj
                0x08008d84                OnCanCmd
 .text.OnUartCmd
                0x080093d0      0x118 CMakeFiles/STM32F03CBT6.elf.dir/UserApp/protocols/interface_uart.cpp.obj
                0x080093d0                OnUartCmd
 .text._ZNK10__cxxabiv117__class_type_info11__do_upcastEPKS0_PPv
                0x080094e8       0x38 d:/place_for_installation/gcc_arm_none_eabi/gcc-arm-none-eabi-9-2019-q4-major-win32/bin/../lib/gcc/arm-none-eabi/9.2.1/../../../../arm-none-eabi/lib/thumb/v7-m/nofp\libstdc++.a(class_type_info.o)
                0x080094e8                __cxxabiv1::__class_type_info::__do_upcast(__cxxabiv1::__class_type_info const*, void**) const
 .text._ZNK10__cxxabiv117__class_type_info20__do_find_public_srcEiPKvPKS0_S2_
                0x08009520        0xc d:/place_for_installation/gcc_arm_none_eabi/gcc-arm-none-eabi-9-2019-q4-major-win32/bin/../lib/gcc/arm-none-eabi/9.2.1/../../../../arm-none-eabi/lib/thumb/v7-m/nofp\libstdc++.a(class_type_info.o)
                0x08009520                __cxxabiv1::__class_type_info::__do_find_public_src(int, void const*, __cxxabiv1::__class_type_info const*, void const*) const
 .text._ZN10__cxxabiv117__class_type_infoD2Ev
                0x0800952c       0x14 d:/place_for_installation/gcc_arm_none_eabi/gcc-arm-none-eabi-9-2019-q4-major-win32/bin/../lib/gcc/arm-none-eabi/9.2.1/../../../../arm-none-eabi/lib/thumb/v7-m/nofp\libstdc++.a(class_type_info.o)
                0x0800952c                __cxxabiv1::__class_type_info::~__class_type_info()
                0x0800952c                __cxxabiv1::__class_type_info::~__class_type_info()
 .text._ZN10__cxxabiv117__class_type_infoD0Ev
                0x08009540       0x1c d:/place_for_installation/gcc_arm_none_eabi/gcc-arm-none-eabi-9-2019-q4-major-win32/bin/../lib/gcc/arm-none-eabi/9.2.1/../../../../arm-none-eabi/lib/thumb/v7-m/nofp\libstdc++.a(class_type_info.o)
                0x08009540                __cxxabiv1::__class_type_info::~__class_type_info()
 .text._ZNK10__cxxabiv117__class_type_info12__do_dyncastEiNS0_10__sub_kindEPKS0_PKvS3_S5_RNS0_16__dyncast_resultE
                0x0800955c       0x44 d:/place_for_installation/gcc_arm_none_eabi/gcc-arm-none-eabi-9-2019-q4-major-win32/bin/../lib/gcc/arm-none-eabi/9.2.1/../../../../arm-none-eabi/lib/thumb/v7-m/nofp\libstdc++.a(class_type_info.o)
                0x0800955c                __cxxabiv1::__class_type_info::__do_dyncast(int, __cxxabiv1::__class_type_info::__sub_kind, __cxxabiv1::__class_type_info const*, void const*, __cxxabiv1::__class_type_info const*, void const*, __cxxabiv1::__class_type_info::__dyncast_result&) const
 .text._ZNK10__cxxabiv117__class_type_info11__do_upcastEPKS0_PKvRNS0_15__upcast_resultE
                0x080095a0       0x1c d:/place_for_installation/gcc_arm_none_eabi/gcc-arm-none-eabi-9-2019-q4-major-win32/bin/../lib/gcc/arm-none-eabi/9.2.1/../../../../arm-none-eabi/lib/thumb/v7-m/nofp\libstdc++.a(class_type_info.o)
                0x080095a0                __cxxabiv1::__class_type_info::__do_upcast(__cxxabiv1::__class_type_info const*, void const*, __cxxabiv1::__class_type_info::__upcast_result&) const
 .text._ZNK10__cxxabiv117__class_type_info10__do_catchEPKSt9type_infoPPvj
                0x080095bc       0x2c d:/place_for_installation/gcc_arm_none_eabi/gcc-arm-none-eabi-9-2019-q4-major-win32/bin/../lib/gcc/arm-none-eabi/9.2.1/../../../../arm-none-eabi/lib/thumb/v7-m/nofp\libstdc++.a(class_type_info.o)
                0x080095bc                __cxxabiv1::__class_type_info::__do_catch(std::type_info const*, void**, unsigned int) const
 .text._ZdlPvj  0x080095e8        0x4 d:/place_for_installation/gcc_arm_none_eabi/gcc-arm-none-eabi-9-2019-q4-major-win32/bin/../lib/gcc/arm-none-eabi/9.2.1/../../../../arm-none-eabi/lib/thumb/v7-m/nofp\libstdc++.a(del_ops.o)
                0x080095e8                operator delete(void*, unsigned int)
 .text._ZN10__cxxabiv120__si_class_type_infoD2Ev
                0x080095ec       0x14 d:/place_for_installation/gcc_arm_none_eabi/gcc-arm-none-eabi-9-2019-q4-major-win32/bin/../lib/gcc/arm-none-eabi/9.2.1/../../../../arm-none-eabi/lib/thumb/v7-m/nofp\libstdc++.a(si_class_type_info.o)
                0x080095ec                __cxxabiv1::__si_class_type_info::~__si_class_type_info()
                0x080095ec                __cxxabiv1::__si_class_type_info::~__si_class_type_info()
 .text._ZN10__cxxabiv120__si_class_type_infoD0Ev
                0x08009600       0x1c d:/place_for_installation/gcc_arm_none_eabi/gcc-arm-none-eabi-9-2019-q4-major-win32/bin/../lib/gcc/arm-none-eabi/9.2.1/../../../../arm-none-eabi/lib/thumb/v7-m/nofp\libstdc++.a(si_class_type_info.o)
                0x08009600                __cxxabiv1::__si_class_type_info::~__si_class_type_info()
 .text._ZNK10__cxxabiv120__si_class_type_info20__do_find_public_srcEiPKvPKNS_17__class_type_infoES2_
                0x0800961c       0x3c d:/place_for_installation/gcc_arm_none_eabi/gcc-arm-none-eabi-9-2019-q4-major-win32/bin/../lib/gcc/arm-none-eabi/9.2.1/../../../../arm-none-eabi/lib/thumb/v7-m/nofp\libstdc++.a(si_class_type_info.o)
                0x0800961c                __cxxabiv1::__si_class_type_info::__do_find_public_src(int, void const*, __cxxabiv1::__class_type_info const*, void const*) const
 .text._ZNK10__cxxabiv120__si_class_type_info12__do_dyncastEiNS_17__class_type_info10__sub_kindEPKS1_PKvS4_S6_RNS1_16__dyncast_resultE
                0x08009658       0x84 d:/place_for_installation/gcc_arm_none_eabi/gcc-arm-none-eabi-9-2019-q4-major-win32/bin/../lib/gcc/arm-none-eabi/9.2.1/../../../../arm-none-eabi/lib/thumb/v7-m/nofp\libstdc++.a(si_class_type_info.o)
                0x08009658                __cxxabiv1::__si_class_type_info::__do_dyncast(int, __cxxabiv1::__class_type_info::__sub_kind, __cxxabiv1::__class_type_info const*, void const*, __cxxabiv1::__class_type_info const*, void const*, __cxxabiv1::__class_type_info::__dyncast_result&) const
 .text._ZNK10__cxxabiv120__si_class_type_info11__do_upcastEPKNS_17__class_type_infoEPKvRNS1_15__upcast_resultE
                0x080096dc       0x2c d:/place_for_installation/gcc_arm_none_eabi/gcc-arm-none-eabi-9-2019-q4-major-win32/bin/../lib/gcc/arm-none-eabi/9.2.1/../../../../arm-none-eabi/lib/thumb/v7-m/nofp\libstdc++.a(si_class_type_info.o)
                0x080096dc                __cxxabiv1::__si_class_type_info::__do_upcast(__cxxabiv1::__class_type_info const*, void const*, __cxxabiv1::__class_type_info::__upcast_result&) const
 .text._ZNSt9type_infoD2Ev
                0x08009708        0x4 d:/place_for_installation/gcc_arm_none_eabi/gcc-arm-none-eabi-9-2019-q4-major-win32/bin/../lib/gcc/arm-none-eabi/9.2.1/../../../../arm-none-eabi/lib/thumb/v7-m/nofp\libstdc++.a(tinfo.o)
                0x08009708                std::type_info::~type_info()
                0x08009708                std::type_info::~type_info()
 .text._ZNKSt9type_info14__is_pointer_pEv
                0x0800970c        0x4 d:/place_for_installation/gcc_arm_none_eabi/gcc-arm-none-eabi-9-2019-q4-major-win32/bin/../lib/gcc/arm-none-eabi/9.2.1/../../../../arm-none-eabi/lib/thumb/v7-m/nofp\libstdc++.a(tinfo.o)
                0x0800970c                std::type_info::__is_pointer_p() const
                0x0800970c                std::type_info::__is_function_p() const
 .text._ZNKSt9type_infoeqERKS_
                0x08009710       0x2c d:/place_for_installation/gcc_arm_none_eabi/gcc-arm-none-eabi-9-2019-q4-major-win32/bin/../lib/gcc/arm-none-eabi/9.2.1/../../../../arm-none-eabi/lib/thumb/v7-m/nofp\libstdc++.a(tinfo.o)
                0x08009710                std::type_info::operator==(std::type_info const&) const
 .text._ZdlPv   0x0800973c        0x4 d:/place_for_installation/gcc_arm_none_eabi/gcc-arm-none-eabi-9-2019-q4-major-win32/bin/../lib/gcc/arm-none-eabi/9.2.1/../../../../arm-none-eabi/lib/thumb/v7-m/nofp\libstdc++.a(del_op.o)
                0x0800973c                operator delete(void*)
 .text.log      0x08009740      0x10c d:/place_for_installation/gcc_arm_none_eabi/gcc-arm-none-eabi-9-2019-q4-major-win32/bin/../lib/gcc/arm-none-eabi/9.2.1/../../../../arm-none-eabi/lib/thumb/v7-m/nofp\libm.a(lib_a-w_log.o)
                0x08009740                log
 .text.sqrtf    0x0800984c       0xa4 d:/place_for_installation/gcc_arm_none_eabi/gcc-arm-none-eabi-9-2019-q4-major-win32/bin/../lib/gcc/arm-none-eabi/9.2.1/../../../../arm-none-eabi/lib/thumb/v7-m/nofp\libm.a(lib_a-wf_sqrt.o)
                0x0800984c                sqrtf
 .text.__ieee754_log
                0x080098f0      0x3e8 d:/place_for_installation/gcc_arm_none_eabi/gcc-arm-none-eabi-9-2019-q4-major-win32/bin/../lib/gcc/arm-none-eabi/9.2.1/../../../../arm-none-eabi/lib/thumb/v7-m/nofp\libm.a(lib_a-e_log.o)
                0x080098f0                __ieee754_log
 .text.__ieee754_sqrtf
                0x08009cd8       0xa8 d:/place_for_installation/gcc_arm_none_eabi/gcc-arm-none-eabi-9-2019-q4-major-win32/bin/../lib/gcc/arm-none-eabi/9.2.1/../../../../arm-none-eabi/lib/thumb/v7-m/nofp\libm.a(lib_a-ef_sqrt.o)
                0x08009cd8                __ieee754_sqrtf
 .text.matherr  0x08009d80        0x4 d:/place_for_installation/gcc_arm_none_eabi/gcc-arm-none-eabi-9-2019-q4-major-win32/bin/../lib/gcc/arm-none-eabi/9.2.1/../../../../arm-none-eabi/lib/thumb/v7-m/nofp\libm.a(lib_a-s_matherr.o)
                0x08009d80                matherr
 .text.nan      0x08009d84        0xc d:/place_for_installation/gcc_arm_none_eabi/gcc-arm-none-eabi-9-2019-q4-major-win32/bin/../lib/gcc/arm-none-eabi/9.2.1/../../../../arm-none-eabi/lib/thumb/v7-m/nofp\libm.a(lib_a-s_nan.o)
                0x08009d84                nan
 .text.abort    0x08009d90       0x10 d:/place_for_installation/gcc_arm_none_eabi/gcc-arm-none-eabi-9-2019-q4-major-win32/bin/../lib/gcc/arm-none-eabi/9.2.1/../../../../arm-none-eabi/lib/thumb/v7-m/nofp\libg.a(lib_a-abort.o)
                0x08009d90                abort
 .text.__errno  0x08009da0        0xc d:/place_for_installation/gcc_arm_none_eabi/gcc-arm-none-eabi-9-2019-q4-major-win32/bin/../lib/gcc/arm-none-eabi/9.2.1/../../../../arm-none-eabi/lib/thumb/v7-m/nofp\libg.a(lib_a-errno.o)
                0x08009da0                __errno
 .text.__libc_init_array
                0x08009dac       0x48 d:/place_for_installation/gcc_arm_none_eabi/gcc-arm-none-eabi-9-2019-q4-major-win32/bin/../lib/gcc/arm-none-eabi/9.2.1/../../../../arm-none-eabi/lib/thumb/v7-m/nofp\libg.a(lib_a-init.o)
                0x08009dac                __libc_init_array
 .text.malloc   0x08009df4       0x10 d:/place_for_installation/gcc_arm_none_eabi/gcc-arm-none-eabi-9-2019-q4-major-win32/bin/../lib/gcc/arm-none-eabi/9.2.1/../../../../arm-none-eabi/lib/thumb/v7-m/nofp\libg.a(lib_a-malloc.o)
                0x08009df4                malloc
 .text.free     0x08009e04       0x10 d:/place_for_installation/gcc_arm_none_eabi/gcc-arm-none-eabi-9-2019-q4-major-win32/bin/../lib/gcc/arm-none-eabi/9.2.1/../../../../arm-none-eabi/lib/thumb/v7-m/nofp\libg.a(lib_a-malloc.o)
                0x08009e04                free
 .text._malloc_r
                0x08009e14      0x55c d:/place_for_installation/gcc_arm_none_eabi/gcc-arm-none-eabi-9-2019-q4-major-win32/bin/../lib/gcc/arm-none-eabi/9.2.1/../../../../arm-none-eabi/lib/thumb/v7-m/nofp\libg.a(lib_a-mallocr.o)
                0x08009e14                _malloc_r
 .text.memset   0x0800a370       0xa0 d:/place_for_installation/gcc_arm_none_eabi/gcc-arm-none-eabi-9-2019-q4-major-win32/bin/../lib/gcc/arm-none-eabi/9.2.1/../../../../arm-none-eabi/lib/thumb/v7-m/nofp\libg.a(lib_a-memset.o)
                0x0800a370                memset
 .text.__malloc_lock
                0x0800a410        0xc d:/place_for_installation/gcc_arm_none_eabi/gcc-arm-none-eabi-9-2019-q4-major-win32/bin/../lib/gcc/arm-none-eabi/9.2.1/../../../../arm-none-eabi/lib/thumb/v7-m/nofp\libg.a(lib_a-mlock.o)
                0x0800a410                __malloc_lock
 .text.__malloc_unlock
                0x0800a41c        0xc d:/place_for_installation/gcc_arm_none_eabi/gcc-arm-none-eabi-9-2019-q4-major-win32/bin/../lib/gcc/arm-none-eabi/9.2.1/../../../../arm-none-eabi/lib/thumb/v7-m/nofp\libg.a(lib_a-mlock.o)
                0x0800a41c                __malloc_unlock
 .text.printf   0x0800a428       0x28 d:/place_for_installation/gcc_arm_none_eabi/gcc-arm-none-eabi-9-2019-q4-major-win32/bin/../lib/gcc/arm-none-eabi/9.2.1/../../../../arm-none-eabi/lib/thumb/v7-m/nofp\libg.a(lib_a-printf.o)
                0x0800a428                printf
 .text._puts_r  0x0800a450       0x9c d:/place_for_installation/gcc_arm_none_eabi/gcc-arm-none-eabi-9-2019-q4-major-win32/bin/../lib/gcc/arm-none-eabi/9.2.1/../../../../arm-none-eabi/lib/thumb/v7-m/nofp\libg.a(lib_a-puts.o)
                0x0800a450                _puts_r
 .text.puts     0x0800a4ec       0x10 d:/place_for_installation/gcc_arm_none_eabi/gcc-arm-none-eabi-9-2019-q4-major-win32/bin/../lib/gcc/arm-none-eabi/9.2.1/../../../../arm-none-eabi/lib/thumb/v7-m/nofp\libg.a(lib_a-puts.o)
                0x0800a4ec                puts
 .text._sbrk_r  0x0800a4fc       0x24 d:/place_for_installation/gcc_arm_none_eabi/gcc-arm-none-eabi-9-2019-q4-major-win32/bin/../lib/gcc/arm-none-eabi/9.2.1/../../../../arm-none-eabi/lib/thumb/v7-m/nofp\libg.a(lib_a-sbrkr.o)
                0x0800a4fc                _sbrk_r
 .text.setvbuf  0x0800a520      0x1a0 d:/place_for_installation/gcc_arm_none_eabi/gcc-arm-none-eabi-9-2019-q4-major-win32/bin/../lib/gcc/arm-none-eabi/9.2.1/../../../../arm-none-eabi/lib/thumb/v7-m/nofp\libg.a(lib_a-setvbuf.o)
                0x0800a520                setvbuf
 .text._raise_r
                0x0800a6c0       0x58 d:/place_for_installation/gcc_arm_none_eabi/gcc-arm-none-eabi-9-2019-q4-major-win32/bin/../lib/gcc/arm-none-eabi/9.2.1/../../../../arm-none-eabi/lib/thumb/v7-m/nofp\libg.a(lib_a-signal.o)
                0x0800a6c0                _raise_r
 .text.raise    0x0800a718       0x10 d:/place_for_installation/gcc_arm_none_eabi/gcc-arm-none-eabi-9-2019-q4-major-win32/bin/../lib/gcc/arm-none-eabi/9.2.1/../../../../arm-none-eabi/lib/thumb/v7-m/nofp\libg.a(lib_a-signal.o)
                0x0800a718                raise
 .text._kill_r  0x0800a728       0x2c d:/place_for_installation/gcc_arm_none_eabi/gcc-arm-none-eabi-9-2019-q4-major-win32/bin/../lib/gcc/arm-none-eabi/9.2.1/../../../../arm-none-eabi/lib/thumb/v7-m/nofp\libg.a(lib_a-signalr.o)
                0x0800a728                _kill_r
 .text._getpid_r
                0x0800a754        0x4 d:/place_for_installation/gcc_arm_none_eabi/gcc-arm-none-eabi-9-2019-q4-major-win32/bin/../lib/gcc/arm-none-eabi/9.2.1/../../../../arm-none-eabi/lib/thumb/v7-m/nofp\libg.a(lib_a-signalr.o)
                0x0800a754                _getpid_r
 .text.sscanf   0x0800a758       0x58 d:/place_for_installation/gcc_arm_none_eabi/gcc-arm-none-eabi-9-2019-q4-major-win32/bin/../lib/gcc/arm-none-eabi/9.2.1/../../../../arm-none-eabi/lib/thumb/v7-m/nofp\libg.a(lib_a-sscanf.o)
                0x0800a758                sscanf
 .text.__sread  0x0800a7b0       0x24 d:/place_for_installation/gcc_arm_none_eabi/gcc-arm-none-eabi-9-2019-q4-major-win32/bin/../lib/gcc/arm-none-eabi/9.2.1/../../../../arm-none-eabi/lib/thumb/v7-m/nofp\libg.a(lib_a-stdio.o)
                0x0800a7b0                __sread
 .text.__seofread
                0x0800a7d4        0x4 d:/place_for_installation/gcc_arm_none_eabi/gcc-arm-none-eabi-9-2019-q4-major-win32/bin/../lib/gcc/arm-none-eabi/9.2.1/../../../../arm-none-eabi/lib/thumb/v7-m/nofp\libg.a(lib_a-stdio.o)
                0x0800a7d4                __seofread
 .text.__swrite
                0x0800a7d8       0x40 d:/place_for_installation/gcc_arm_none_eabi/gcc-arm-none-eabi-9-2019-q4-major-win32/bin/../lib/gcc/arm-none-eabi/9.2.1/../../../../arm-none-eabi/lib/thumb/v7-m/nofp\libg.a(lib_a-stdio.o)
                0x0800a7d8                __swrite
 .text.__sseek  0x0800a818       0x20 d:/place_for_installation/gcc_arm_none_eabi/gcc-arm-none-eabi-9-2019-q4-major-win32/bin/../lib/gcc/arm-none-eabi/9.2.1/../../../../arm-none-eabi/lib/thumb/v7-m/nofp\libg.a(lib_a-stdio.o)
                0x0800a818                __sseek
 .text.__sclose
                0x0800a838        0x8 d:/place_for_installation/gcc_arm_none_eabi/gcc-arm-none-eabi-9-2019-q4-major-win32/bin/../lib/gcc/arm-none-eabi/9.2.1/../../../../arm-none-eabi/lib/thumb/v7-m/nofp\libg.a(lib_a-stdio.o)
                0x0800a838                __sclose
 .text.strlen   0x0800a840       0x5c d:/place_for_installation/gcc_arm_none_eabi/gcc-arm-none-eabi-9-2019-q4-major-win32/bin/../lib/gcc/arm-none-eabi/9.2.1/../../../../arm-none-eabi/lib/thumb/v7-m/nofp\libg.a(lib_a-strlen-stub.o)
                0x0800a840                strlen
 .text.__ssvfscanf_r
                0x0800a89c     0x16a4 d:/place_for_installation/gcc_arm_none_eabi/gcc-arm-none-eabi-9-2019-q4-major-win32/bin/../lib/gcc/arm-none-eabi/9.2.1/../../../../arm-none-eabi/lib/thumb/v7-m/nofp\libg.a(lib_a-svfscanf.o)
                0x0800a89c                __ssvfscanf_r
 .text._vfprintf_r
                0x0800bf40     0x1c18 d:/place_for_installation/gcc_arm_none_eabi/gcc-arm-none-eabi-9-2019-q4-major-win32/bin/../lib/gcc/arm-none-eabi/9.2.1/../../../../arm-none-eabi/lib/thumb/v7-m/nofp\libg.a(lib_a-vfprintf.o)
                0x0800bf40                _vfprintf_r
 .text.__sbprintf
                0x0800db58       0x88 d:/place_for_installation/gcc_arm_none_eabi/gcc-arm-none-eabi-9-2019-q4-major-win32/bin/../lib/gcc/arm-none-eabi/9.2.1/../../../../arm-none-eabi/lib/thumb/v7-m/nofp\libg.a(lib_a-vfprintf.o)
 .text._write_r
                0x0800dbe0       0x2c d:/place_for_installation/gcc_arm_none_eabi/gcc-arm-none-eabi-9-2019-q4-major-win32/bin/../lib/gcc/arm-none-eabi/9.2.1/../../../../arm-none-eabi/lib/thumb/v7-m/nofp\libg.a(lib_a-writer.o)
                0x0800dbe0                _write_r
 .text.__swsetup_r
                0x0800dc0c       0xd0 d:/place_for_installation/gcc_arm_none_eabi/gcc-arm-none-eabi-9-2019-q4-major-win32/bin/../lib/gcc/arm-none-eabi/9.2.1/../../../../arm-none-eabi/lib/thumb/v7-m/nofp\libg.a(lib_a-wsetup.o)
                0x0800dc0c                __swsetup_r
 .text.startup.register_fini
                0x0800dcdc       0x14 d:/place_for_installation/gcc_arm_none_eabi/gcc-arm-none-eabi-9-2019-q4-major-win32/bin/../lib/gcc/arm-none-eabi/9.2.1/../../../../arm-none-eabi/lib/thumb/v7-m/nofp\libg.a(lib_a-__call_atexit.o)
 .text.atexit   0x0800dcf0        0xc d:/place_for_installation/gcc_arm_none_eabi/gcc-arm-none-eabi-9-2019-q4-major-win32/bin/../lib/gcc/arm-none-eabi/9.2.1/../../../../arm-none-eabi/lib/thumb/v7-m/nofp\libg.a(lib_a-atexit.o)
                0x0800dcf0                atexit
 .text._close_r